Component: ARM Compiler 5.05 update 1 (build 106) Tool: armlink [4d0efa]

==============================================================================

Section Cross References

    main.o(i.app_task1) refers to hc_sr04.o(i.HC_SR04_Init) for HC_SR04_Init
    main.o(i.app_task1) refers to delay.o(i.DELAY_MyNms) for DELAY_MyNms
    main.o(i.app_task1) refers to hc_sr04.o(i.HC_SR04_GetDis) for HC_SR04_GetDis
    main.o(i.app_task1) refers to d2f.o(.text) for __aeabi_d2f
    main.o(i.app_task1) refers to queue.o(i.xQueueSemaphoreTake) for xQueueSemaphoreTake
    main.o(i.app_task1) refers to iic_oled.o(i.OLED_ShowCHinese) for OLED_ShowCHinese
    main.o(i.app_task1) refers to f2d.o(.text) for __aeabi_f2d
    main.o(i.app_task1) refers to printfa.o(i.__0sprintf) for __2sprintf
    main.o(i.app_task1) refers to iic_oled.o(i.OLED_ShowString) for OLED_ShowString
    main.o(i.app_task1) refers to queue.o(i.xQueueGenericSend) for xQueueGenericSend
    main.o(i.app_task1) refers to tasks.o(i.vTaskDelay) for vTaskDelay
    main.o(i.app_task1) refers to main.o(.data) for hc_sr04_dis
    main.o(i.app_task2) refers to dht11.o(i.DHT11_Init) for DHT11_Init
    main.o(i.app_task2) refers to delay.o(i.DELAY_MyNms) for DELAY_MyNms
    main.o(i.app_task2) refers to dht11.o(i.DHT11_GetData) for DHT11_GetData
    main.o(i.app_task2) refers to queue.o(i.xQueueSemaphoreTake) for xQueueSemaphoreTake
    main.o(i.app_task2) refers to iic_oled.o(i.OLED_ShowCHinese) for OLED_ShowCHinese
    main.o(i.app_task2) refers to printfa.o(i.__0sprintf) for __2sprintf
    main.o(i.app_task2) refers to iic_oled.o(i.OLED_ShowString) for OLED_ShowString
    main.o(i.app_task2) refers to queue.o(i.xQueueGenericSend) for xQueueGenericSend
    main.o(i.app_task2) refers to tasks.o(i.vTaskDelay) for vTaskDelay
    main.o(i.app_task2) refers to main.o(.data) for dht11_buf
    main.o(i.main) refers to misc.o(i.NVIC_PriorityGroupConfig) for NVIC_PriorityGroupConfig
    main.o(i.main) refers to uart.o(i.UART1_Init) for UART1_Init
    main.o(i.main) refers to led.o(i.LED_Init) for LED_Init
    main.o(i.main) refers to buzzer.o(i.BUZZER_Init) for BUZZER_Init
    main.o(i.main) refers to key.o(i.KEY_Init) for KEY_Init
    main.o(i.main) refers to iic_oled.o(i.IIC_OLED_Init) for IIC_OLED_Init
    main.o(i.main) refers to iic_oled.o(i.OLED_Clear) for OLED_Clear
    main.o(i.main) refers to queue.o(i.xQueueCreateMutex) for xQueueCreateMutex
    main.o(i.main) refers to tasks.o(i.xTaskCreate) for xTaskCreate
    main.o(i.main) refers to printfa.o(i.__0printf) for __2printf
    main.o(i.main) refers to tasks.o(i.vTaskStartScheduler) for vTaskStartScheduler
    main.o(i.main) refers to main.o(.data) for oled_sem_mutex_handle
    main.o(i.main) refers to main.o(i.app_task1) for app_task1
    main.o(i.main) refers to main.o(i.app_task2) for app_task2
    system_stm32f4xx.o(i.SystemCoreClockUpdate) refers to system_stm32f4xx.o(.data) for SystemCoreClock
    system_stm32f4xx.o(i.SystemInit) refers to system_stm32f4xx.o(i.SetSysClock) for SetSysClock
    buzzer.o(i.BUZZER_Init) refers to stm32f4xx_rcc.o(i.RCC_AHB1PeriphClockCmd) for RCC_AHB1PeriphClockCmd
    buzzer.o(i.BUZZER_Init) refers to stm32f4xx_gpio.o(i.GPIO_Init) for GPIO_Init
    buzzer.o(i.BUZZER_TipVoice) refers to delay.o(i.DELAY_MyNms) for DELAY_MyNms
    buzzer.o(i.BUZZER_WarnVoice) refers to delay.o(i.DELAY_MyNms) for DELAY_MyNms
    key.o(i.KEY_Init) refers to stm32f4xx_rcc.o(i.RCC_AHB1PeriphClockCmd) for RCC_AHB1PeriphClockCmd
    key.o(i.KEY_Init) refers to stm32f4xx_gpio.o(i.GPIO_Init) for GPIO_Init
    led.o(i.LED_HorseRunning) refers to led.o(i.LED_ON) for LED_ON
    led.o(i.LED_HorseRunning) refers to delay.o(i.DELAY_MyNms) for DELAY_MyNms
    led.o(i.LED_HorseRunning) refers to led.o(i.LED_OFF) for LED_OFF
    led.o(i.LED_Init) refers to stm32f4xx_rcc.o(i.RCC_AHB1PeriphClockCmd) for RCC_AHB1PeriphClockCmd
    led.o(i.LED_Init) refers to stm32f4xx_gpio.o(i.GPIO_Init) for GPIO_Init
    led.o(i.LED_ShowBin) refers to led.o(i.LED_ON) for LED_ON
    led.o(i.LED_ShowBin) refers to led.o(i.LED_OFF) for LED_OFF
    led.o(i.LED_WaterRunning) refers to led.o(i.LED_ON) for LED_ON
    led.o(i.LED_WaterRunning) refers to delay.o(i.DELAY_MyNms) for DELAY_MyNms
    led.o(i.LED_WaterRunning) refers to led.o(i.LED_OFF) for LED_OFF
    dht11.o(i.DHT11_GetData) refers to dht11.o(i.DHT11_SelectMode) for DHT11_SelectMode
    dht11.o(i.DHT11_GetData) refers to delay.o(i.delay_ms) for delay_ms
    dht11.o(i.DHT11_GetData) refers to delay.o(i.delay_us) for delay_us
    dht11.o(i.DHT11_Init) refers to stm32f4xx_rcc.o(i.RCC_AHB1PeriphClockCmd) for RCC_AHB1PeriphClockCmd
    dht11.o(i.DHT11_Init) refers to stm32f4xx_gpio.o(i.GPIO_Init) for GPIO_Init
    dht11.o(i.DHT11_SelectMode) refers to stm32f4xx_gpio.o(i.GPIO_Init) for GPIO_Init
    hc_sr04.o(i.HC_SR04_GetDis) refers to delay.o(i.delay_us) for delay_us
[...]
    ../clib/microlib/printf/printf.c         0x00000000   Number         0  printfa.o ABSOLUTE
    ../clib/microlib/printf/printf.c         0x00000000   Number         0  printfb.o ABSOLUTE
    ../clib/microlib/printf/printf.c         0x00000000   Number         0  printf4.o ABSOLUTE
    ../clib/microlib/printf/printf.c         0x00000000   Number         0  printf0.o ABSOLUTE
    ../clib/microlib/printf/printf.c         0x00000000   Number         0  printf1.o ABSOLUTE
    ../clib/microlib/printf/printf.c         0x00000000   Number         0  printf2.o ABSOLUTE
    ../clib/microlib/printf/printf.c         0x00000000   Number         0  printf6.o ABSOLUTE
    ../clib/microlib/printf/stubs.s          0x00000000   Number         0  stubs.o ABSOLUTE
    ../clib/microlib/string/memcpy.c         0x00000000   Number         0  memcpya.o ABSOLUTE
    ../clib/microlib/string/memcpy.c         0x00000000   Number         0  memcpyb.o ABSOLUTE
    ../clib/microlib/string/memset.c         0x00000000   Number         0  memset.o ABSOLUTE
    ../clib/microlib/string/memset.c         0x00000000   Number         0  memseta.o ABSOLUTE
    ../clib/microlib/string/strcmp.c         0x00000000   Number         0  strcmp.o ABSOLUTE
    ../clib/microlib/string/strcpy.c         0x00000000   Number         0  strcpy.o ABSOLUTE
    ../clib/microlib/string/strlen.c         0x00000000   Number         0  strlen.o ABSOLUTE
    ../clib/microlib/string/strncmp.c        0x00000000   Number         0  strncmp.o ABSOLUTE
    ../clib/microlib/stubs.s                 0x00000000   Number         0  iusefp.o ABSOLUTE
    ../clib/microlib/stubs.s                 0x00000000   Number         0  useno.o ABSOLUTE
    ../clib/scanf.c                          0x00000000   Number         0  __0sscanf.o ABSOLUTE
    ../clib/scanf.c                          0x00000000   Number         0  scanf_char.o ABSOLUTE
    ../clib/scanf.c                          0x00000000   Number         0  _sgetc.o ABSOLUTE
    ../clib/scanf.c                          0x00000000   Number         0  strtod.o ABSOLUTE
    ../clib/scanf.c                          0x00000000   Number         0  scanf_fp.o ABSOLUTE
    ../clib/scanf.c                          0x00000000   Number         0  _scanf.o ABSOLUTE
    ../fplib/microlib/d2f.c                  0x00000000   Number         0  d2f.o ABSOLUTE
    ../fplib/microlib/f2d.c                  0x00000000   Number         0  f2d.o ABSOLUTE
    ../fplib/microlib/fpadd.c                0x00000000   Number         0  dadd.o ABSOLUTE
    ../fplib/microlib/fpdiv.c                0x00000000   Number         0  ddiv.o ABSOLUTE
    ../fplib/microlib/fpepilogue.c           0x00000000   Number         0  depilogue.o ABSOLUTE
    ../fplib/microlib/fpepilogue.c           0x00000000   Number         0  fepilogue.o ABSOLUTE
    ../fplib/microlib/fpfix.c                0x00000000   Number         0  dfixul.o ABSOLUTE
    ../fplib/microlib/fpfix.c                0x00000000   Number         0  dfixi.o ABSOLUTE
    ../fplib/microlib/fpflt.c                0x00000000   Number         0  dfltul.o ABSOLUTE
    ../fplib/microlib/fpflt.c                0x00000000   Number         0  dflti.o ABSOLUTE
    ../fplib/microlib/fpmul.c                0x00000000   Number         0  dmul.o ABSOLUTE
    ../mathlib/fabs.c                        0x00000000   Number         0  fabs.o ABSOLUTE
    ../mathlib/strtod.c                      0x00000000   Number         0  strtod.o ABSOLUTE
    ..\CJSON\cJSON.c                         0x00000000   Number         0  cjson.o ABSOLUTE
    ..\CORE\startup_stm32f40_41xxx.s         0x00000000   Number         0  startup_stm32f40_41xxx.o ABSOLUTE
    ..\FreeRTOS\port\heap_4.c                0x00000000   Number         0  heap_4.o ABSOLUTE
    ..\FreeRTOS\port\port.c                  0x00000000   Number         0  port.o ABSOLUTE
    ..\FreeRTOS\src\croutine.c               0x00000000   Number         0  croutine.o ABSOLUTE
    ..\FreeRTOS\src\event_groups.c           0x00000000   Number         0  event_groups.o ABSOLUTE
    ..\FreeRTOS\src\list.c                   0x00000000   Number         0  list.o ABSOLUTE
    ..\FreeRTOS\src\queue.c                  0x00000000   Number         0  queue.o ABSOLUTE
    ..\FreeRTOS\src\stream_buffer.c          0x00000000   Number         0  stream_buffer.o ABSOLUTE
    ..\FreeRTOS\src\tasks.c                  0x00000000   Number         0  tasks.o ABSOLUTE
    ..\FreeRTOS\src\timers.c                 0x00000000   Number         0  timers.o ABSOLUTE
    ..\MYM4_LIB\buzzer\buzzer.c              0x00000000   Number         0  buzzer.o ABSOLUTE
    ..\MYM4_LIB\dht11\dht11.c                0x00000000   Number         0  dht11.o ABSOLUTE
    ..\MYM4_LIB\hc_sr04\hc_sr04.c            0x00000000   Number         0  hc_sr04.o ABSOLUTE
    ..\MYM4_LIB\iic_oled\iic_oled.c          0x00000000   Number         0  iic_oled.o ABSOLUTE
    ..\MYM4_LIB\iic_oled\iic_oled_bmp.c      0x00000000   Number         0  iic_oled_bmp.o ABSOLUTE
    ..\MYM4_LIB\iic_oled\iic_oled_font.c     0x00000000   Number         0  iic_oled_font.o ABSOLUTE
    ..\MYM4_LIB\key\key.c                    0x00000000   Number         0  key.o ABSOLUTE
    ..\MYM4_LIB\led\led.c                    0x00000000   Number         0  led.o ABSOLUTE
    ..\ST_LIB\src\misc.c                     0x00000000   Number         0  misc.o ABSOLUTE
    ..\ST_LIB\src\stm32f4xx_exti.c           0x00000000   Number         0  stm32f4xx_exti.o ABSOLUTE
    ..\ST_LIB\src\stm32f4xx_gpio.c           0x00000000   Number         0  stm32f4xx_gpio.o ABSOLUTE
    ..\ST_LIB\src\stm32f4xx_rcc.c            0x00000000   Number         0  stm32f4xx_rcc.o ABSOLUTE
    ..\ST_LIB\src\stm32f4xx_spi.c            0x00000000   Number         0  stm32f4xx_spi.o ABSOLUTE
    ..\ST_LIB\src\stm32f4xx_syscfg.c         0x00000000   Number         0  stm32f4xx_syscfg.o ABSOLUTE
    ..\ST_LIB\src\stm32f4xx_tim.c            0x00000000   Number         0  stm32f4xx_tim.o ABSOLUTE
    ..\ST_LIB\src\stm32f4xx_usart.c          0x00000000   Number         0  stm32f4xx_usart.o ABSOLUTE
    ..\SYSTEM\delay\delay.c                  0x00000000   Number         0  delay.o ABSOLUTE
    ..\SYSTEM\uart\uart.c                    0x00000000   Number         0  uart.o ABSOLUTE
    ..\\FreeRTOS\\port\\port.c               0x00000000   Number         0  port.o ABSOLUTE
    ..\\MYM4_LIB\\buzzer\\buzzer.c           0x00000000   Number         0  buzzer.o ABSOLUTE
    ..\\MYM4_LIB\\dht11\\dht11.c             0x00000000   Number         0  dht11.o ABSOLUTE
    ..\\MYM4_LIB\\hc_sr04\\hc_sr04.c         0x00000000   Number         0  hc_sr04.o ABSOLUTE
    ..\\MYM4_LIB\\iic_oled\\iic_oled.c       0x00000000   Number         0  iic_oled.o ABSOLUTE
    ..\\MYM4_LIB\\iic_oled\\iic_oled_bmp.c   0x00000000   Number         0  iic_oled_bmp.o ABSOLUTE
    ..\\MYM4_LIB\\iic_oled\\iic_oled_font.c  0x00000000   Number         0  iic_oled_font.o ABSOLUTE
    ..\\MYM4_LIB\\key\\key.c                 0x00000000   Number         0  key.o ABSOLUTE
    ..\\MYM4_LIB\\led\\led.c                 0x00000000   Number         0  led.o ABSOLUTE
    ..\\ST_LIB\\src\\misc.c                  0x00000000   Number         0  misc.o ABSOLUTE
    ..\\ST_LIB\\src\\stm32f4xx_exti.c        0x00000000   Number         0  stm32f4xx_exti.o ABSOLUTE
    ..\\ST_LIB\\src\\stm32f4xx_gpio.c        0x00000000   Number         0  stm32f4xx_gpio.o ABSOLUTE
    ..\\ST_LIB\\src\\stm32f4xx_rcc.c         0x00000000   Number         0  stm32f4xx_rcc.o ABSOLUTE
    ..\\ST_LIB\\src\\stm32f4xx_spi.c         0x00000000   Number         0  stm32f4xx_spi.o ABSOLUTE
    ..\\ST_LIB\\src\\stm32f4xx_syscfg.c      0x00000000   Number         0  stm32f4xx_syscfg.o ABSOLUTE
    ..\\ST_LIB\\src\\stm32f4xx_tim.c         0x00000000   Number         0  stm32f4xx_tim.o ABSOLUTE
    ..\\ST_LIB\\src\\stm32f4xx_usart.c       0x00000000   Number         0  stm32f4xx_usart.o ABSOLUTE
    ..\\SYSTEM\\delay\\delay.c               0x00000000   Number         0  delay.o ABSOLUTE
    ..\\SYSTEM\\uart\\uart.c                 0x00000000   Number         0  uart.o ABSOLUTE
    cdcmple.s                                0x00000000   Number         0  cdcmple.o ABSOLUTE
    cdrcmple.s                               0x00000000   Number         0  cdrcmple.o ABSOLUTE
    dc.s                                     0x00000000   Number         0  dc.o ABSOLUTE
    handlers.s                               0x00000000   Number         0  handlers.o ABSOLUTE
    init.s                                   0x00000000   Number         0  init.o ABSOLUTE
    main.c                                   0x00000000   Number         0  main.o ABSOLUTE
    main.c                                   0x00000000   Number         0  main.o ABSOLUTE
    my_config.c                              0x00000000   Number         0  my_config.o ABSOLUTE
    my_config.c                              0x00000000   Number         0  my_config.o ABSOLUTE
    my_lib.c                                 0x00000000   Number         0  my_lib.o ABSOLUTE
    my_lib.c                                 0x00000000   Number         0  my_lib.o ABSOLUTE
    my_reg.c                                 0x00000000   Number         0  my_reg.o ABSOLUTE
    my_reg.c                                 0x00000000   Number         0  my_reg.o ABSOLUTE
    stm32f4xx_it.c                           0x00000000   Number         0  stm32f4xx_it.o ABSOLUTE
    stm32f4xx_it.c                           0x00000000   Number         0  stm32f4xx_it.o ABSOLUTE
    system_stm32f4xx.c                       0x00000000   Number         0  system_stm32f4xx.o ABSOLUTE
    system_stm32f4xx.c                       0x00000000   Number         0  system_stm32f4xx.o ABSOLUTE
    RESET                                    0x08000000   Section      392  startup_stm32f40_41xxx.o(RESET)
    .ARM.Collect$$$$00000000                 0x08000188   Section        0  entry.o(.ARM.Collect$$$$00000000)
    .ARM.Collect$$$$00000001                 0x08000188   Section        4  entry2.o(.ARM.Collect$$$$00000001)
    .ARM.Collect$$$$00000004                 0x0800018c   Section        4  entry5.o(.ARM.Collect$$$$00000004)
    .ARM.Collect$$$$00000008                 0x08000190   Section        0  entry7b.o(.ARM.Collect$$$$00000008)
    .ARM.Collect$$$$0000000A                 0x08000190   Section        0  entry8b.o(.ARM.Collect$$$$0000000A)
    .ARM.Collect$$$$0000000B                 0x08000190   Section        8  entry9a.o(.ARM.Collect$$$$0000000B)
    .ARM.Collect$$$$0000000D                 0x08000198   Section        0  entry10a.o(.ARM.Collect$$$$0000000D)
    .ARM.Collect$$$$0000000F                 0x08000198   Section        0  entry11a.o(.ARM.Collect$$$$0000000F)
    .ARM.Collect$$$$00002712                 0x08000198   Section        4  entry2.o(.ARM.Collect$$$$00002712)
    __lit__00000000                          0x08000198   Data           4  entry2.o(.ARM.Collect$$$$00002712)
    .emb_text                                0x0800019c   Section      190  port.o(.emb_text)
    $v0                                      0x0800019c   Number         0  port.o(.emb_text)
    .text                                    0x0800025c   Section       36  startup_stm32f40_41xxx.o(.text)
    $v0                                      0x0800025c   Number         0  startup_stm32f40_41xxx.o(.text)
    .text                                    0x08000280   Section        0  memcpya.o(.text)
    .text                                    0x080002a4   Section        0  memseta.o(.text)
    .text                                    0x080002c8   Section        0  dadd.o(.text)
    .text                                    0x08000416   Section        0  dmul.o(.text)
    .text                                    0x080004fa   Section        0  ddiv.o(.text)
    .text                                    0x080005d8   Section        0  f2d.o(.text)
    .text                                    0x08000600   Section       48  cdrcmple.o(.text)
    .text                                    0x08000630   Section        0  d2f.o(.text)
    .text                                    0x08000668   Section        0  uidiv.o(.text)
    .text                                    0x08000694   Section        0  uldiv.o(.text)
    .text                                    0x080006f6   Section        0  llshl.o(.text)
    .text                                    0x08000714   Section        0  llushr.o(.text)
    .text                                    0x08000734   Section        0  llsshr.o(.text)
    .text                                    0x08000758   Section        0  fepilogue.o(.text)
    .text                                    0x08000758   Section        0  iusefp.o(.text)
    .text                                    0x080007c6   Section        0  depilogue.o(.text)
    .text                                    0x08000880   Section        0  dfixul.o(.text)
    .text                                    0x080008b0   Section       36  init.o(.text)
    .text                                    0x080008d4   Section        0  __dczerorl2.o(.text)
    i.BUZZER_Init                            0x0800092c   Section        0  buzzer.o(i.BUZZER_Init)
    i.BusFault_Handler                       0x0800096c   Section        0  stm32f4xx_it.o(i.BusFault_Handler)
    i.DELAY_MyNms                            0x08000970   Section        0  delay.o(i.DELAY_MyNms)
    i.DHT11_GetData                          0x08000990   Section        0  dht11.o(i.DHT11_GetData)
    i.DHT11_Init                             0x08000ae4   Section        0  dht11.o(i.DHT11_Init)
    i.DHT11_SelectMode                       0x08000b24   Section        0  dht11.o(i.DHT11_SelectMode)
    i.DebugMon_Handler                       0x08000b74   Section        0  stm32f4xx_it.o(i.DebugMon_Handler)
    i.GPIO_Init                              0x08000b76   Section        0  stm32f4xx_gpio.o(i.GPIO_Init)
    i.GPIO_PinAFConfig                       0x08000c06   Section        0  stm32f4xx_gpio.o(i.GPIO_PinAFConfig)
    i.HC_SR04_GetDis                         0x08000c4c   Section        0  hc_sr04.o(i.HC_SR04_GetDis)
    i.HC_SR04_Init                           0x08000d20   Section        0  hc_sr04.o(i.HC_SR04_Init)
    i.HardFault_Handler                      0x08000d7c   Section        0  stm32f4xx_it.o(i.HardFault_Handler)
    i.IIC_OLED_Init                          0x08000d80   Section        0  iic_oled.o(i.IIC_OLED_Init)
    i.IIC_OLED_RecvAck                       0x08000eac   Section        0  iic_oled.o(i.IIC_OLED_RecvAck)
    i.IIC_OLED_SelectMode                    0x08000ef0   Section        0  iic_oled.o(i.IIC_OLED_SelectMode)
    i.IIC_OLED_SendByte                      0x08000f3c   Section        0  iic_oled.o(i.IIC_OLED_SendByte)
    i.IIC_OLED_Start                         0x08000fb0   Section        0  iic_oled.o(i.IIC_OLED_Start)
    i.IIC_OLED_Stop                          0x08000ff0   Section        0  iic_oled.o(i.IIC_OLED_Stop)
    i.KEY_Init                               0x08001030   Section        0  key.o(i.KEY_Init)
    i.LED_Init                               0x08001070   Section        0  led.o(i.LED_Init)
    i.MemManage_Handler                      0x080010e4   Section        0  stm32f4xx_it.o(i.MemManage_Handler)
    i.NMI_Handler                            0x080010e8   Section        0  stm32f4xx_it.o(i.NMI_Handler)
    i.NVIC_Init                              0x080010ec   Section        0  misc.o(i.NVIC_Init)
    i.NVIC_PriorityGroupConfig               0x08001164   Section        0  misc.o(i.NVIC_PriorityGroupConfig)
    i.OLED_Clear                             0x08001178   Section        0  iic_oled.o(i.OLED_Clear)
    i.OLED_Set_Pos                           0x080011b6   Section        0  iic_oled.o(i.OLED_Set_Pos)
    i.OLED_ShowCHinese                       0x080011e0   Section        0  iic_oled.o(i.OLED_ShowCHinese)
    i.OLED_ShowChar                          0x08001248   Section        0  iic_oled.o(i.OLED_ShowChar)
    i.OLED_ShowString                        0x080012ec   Section        0  iic_oled.o(i.OLED_ShowString)
    i.OLED_WR_Byte                           0x08001326   Section        0  iic_oled.o(i.OLED_WR_Byte)
    i.RCC_AHB1PeriphClockCmd                 0x08001340   Section        0  stm32f4xx_rcc.o(i.RCC_AHB1PeriphClockCmd)
    i.RCC_APB2PeriphClockCmd                 0x08001360   Section        0  stm32f4xx_rcc.o(i.RCC_APB2PeriphClockCmd)
    i.RCC_GetClocksFreq                      0x08001380   Section        0  stm32f4xx_rcc.o(i.RCC_GetClocksFreq)
    i.SetSysClock                            0x08001468   Section        0  system_stm32f4xx.o(i.SetSysClock)
    SetSysClock                              0x08001469   Thumb Code   220  system_stm32f4xx.o(i.SetSysClock)
    i.SysTick_Handler                        0x08001554   Section        0  port.o(i.SysTick_Handler)
    i.SystemInit                             0x08001588   Section        0  system_stm32f4xx.o(i.SystemInit)
    i.UART1_Init                             0x080015f0   Section        0  uart.o(i.UART1_Init)
    i.USART1_IRQHandler                      0x080016b4   Section        0  uart.o(i.USART1_IRQHandler)
    i.USART_ClearITPendingBit                0x08001740   Section        0  stm32f4xx_usart.o(i.USART_ClearITPendingBit)
    i.USART_Cmd                              0x0800175e   Section        0  stm32f4xx_usart.o(i.USART_Cmd)
    i.USART_GetFlagStatus                    0x08001776   Section        0  stm32f4xx_usart.o(i.USART_GetFlagStatus)
    i.USART_GetITStatus                      0x08001790   Section        0  stm32f4xx_usart.o(i.USART_GetITStatus)
    i.USART_ITConfig                         0x080017e4   Section        0  stm32f4xx_usart.o(i.USART_ITConfig)
    i.USART_Init                             0x08001830   Section        0  stm32f4xx_usart.o(i.USART_Init)
    i.USART_ReceiveData                      0x08001904   Section        0  stm32f4xx_usart.o(i.USART_ReceiveData)
    i.USART_SendData                         0x0800190e   Section        0  stm32f4xx_usart.o(i.USART_SendData)
    i.UsageFault_Handler                     0x08001916   Section        0  stm32f4xx_it.o(i.UsageFault_Handler)
    i.Write_IIC_Command                      0x0800191a   Section        0  iic_oled.o(i.Write_IIC_Command)
    i.Write_IIC_Data                         0x08001946   Section        0  iic_oled.o(i.Write_IIC_Data)
    i.__0printf                              0x08001974   Section        0  printfa.o(i.__0printf)
    i.__0sprintf                             0x08001994   Section        0  printfa.o(i.__0sprintf)
    i.__scatterload_copy                     0x080019bc   Section       14  handlers.o(i.__scatterload_copy)
    i.__scatterload_null                     0x080019ca   Section        2  handlers.o(i.__scatterload_null)
    i.__scatterload_zeroinit                 0x080019cc   Section       14  handlers.o(i.__scatterload_zeroinit)
    i._fp_digits                             0x080019dc   Section        0  printfa.o(i._fp_digits)
    _fp_digits                               0x080019dd   Thumb Code   334  printfa.o(i._fp_digits)
    i._printf_core                           0x08001b40   Section        0  printfa.o(i._printf_core)
    _printf_core                             0x08001b41   Thumb Code  1744  printfa.o(i._printf_core)
    i._printf_post_padding                   0x0800221c   Section        0  printfa.o(i._printf_post_padding)
    _printf_post_padding                     0x0800221d   Thumb Code    36  printfa.o(i._printf_post_padding)
    i._printf_pre_padding                    0x08002240   Section        0  printfa.o(i._printf_pre_padding)
    _printf_pre_padding                      0x08002241   Thumb Code    46  printfa.o(i._printf_pre_padding)
    i._sputc                                 0x0800226e   Section        0  printfa.o(i._sputc)
    _sputc                                   0x0800226f   Thumb Code    10  printfa.o(i._sputc)
    i.app_task1                              0x08002278   Section        0  main.o(i.app_task1)
    app_task1                                0x08002279   Thumb Code   208  main.o(i.app_task1)
    i.app_task2                              0x0800235c   Section        0  main.o(i.app_task2)
    app_task2                                0x0800235d   Thumb Code   142  main.o(i.app_task2)
    i.delay_ms                               0x08002400   Section        0  delay.o(i.delay_ms)
    i.delay_us                               0x08002440   Section        0  delay.o(i.delay_us)
    i.fputc                                  0x080024b4   Section        0  uart.o(i.fputc)
    i.main                                   0x080024d8   Section        0  main.o(i.main)
    i.prvAddCurrentTaskToDelayedList         0x080025b8   Section        0  tasks.o(i.prvAddCurrentTaskToDelayedList)
    prvAddCurrentTaskToDelayedList           0x080025b9   Thumb Code   124  tasks.o(i.prvAddCurrentTaskToDelayedList)
    i.prvAddNewTaskToReadyList               0x08002650   Section        0  tasks.o(i.prvAddNewTaskToReadyList)
    prvAddNewTaskToReadyList                 0x08002651   Thumb Code   156  tasks.o(i.prvAddNewTaskToReadyList)
    i.prvCheckForValidListAndQueue           0x08002708   Section        0  timers.o(i.prvCheckForValidListAndQueue)
    prvCheckForValidListAndQueue             0x08002709   Thumb Code    72  timers.o(i.prvCheckForValidListAndQueue)
    i.prvCheckTasksWaitingTermination        0x0800276c   Section        0  tasks.o(i.prvCheckTasksWaitingTermination)
    prvCheckTasksWaitingTermination          0x0800276d   Thumb Code    60  tasks.o(i.prvCheckTasksWaitingTermination)
    i.prvCopyDataFromQueue                   0x080027b4   Section        0  queue.o(i.prvCopyDataFromQueue)
    prvCopyDataFromQueue                     0x080027b5   Thumb Code    42  queue.o(i.prvCopyDataFromQueue)
    i.prvCopyDataToQueue                     0x080027de   Section        0  queue.o(i.prvCopyDataToQueue)
    prvCopyDataToQueue                       0x080027df   Thumb Code   126  queue.o(i.prvCopyDataToQueue)
    i.prvDeleteTCB                           0x0800285c   Section        0  tasks.o(i.prvDeleteTCB)
    prvDeleteTCB                             0x0800285d   Thumb Code    18  tasks.o(i.prvDeleteTCB)
    i.prvGetDisinheritPriorityAfterTimeout   0x0800286e   Section        0  queue.o(i.prvGetDisinheritPriorityAfterTimeout)
    prvGetDisinheritPriorityAfterTimeout     0x0800286f   Thumb Code    20  queue.o(i.prvGetDisinheritPriorityAfterTimeout)
    i.prvGetNextExpireTime                   0x08002884   Section        0  timers.o(i.prvGetNextExpireTime)
    prvGetNextExpireTime                     0x08002885   Thumb Code    36  timers.o(i.prvGetNextExpireTime)
    i.prvHeapInit                            0x080028ac   Section        0  heap_4.o(i.prvHeapInit)
    prvHeapInit                              0x080028ad   Thumb Code    98  heap_4.o(i.prvHeapInit)
    i.prvIdleTask                            0x08002928   Section        0  tasks.o(i.prvIdleTask)
    prvIdleTask                              0x08002929   Thumb Code    32  tasks.o(i.prvIdleTask)
    i.prvInitialiseMutex                     0x08002950   Section        0  queue.o(i.prvInitialiseMutex)
    prvInitialiseMutex                       0x08002951   Thumb Code    30  queue.o(i.prvInitialiseMutex)
    i.prvInitialiseNewQueue                  0x0800296e   Section        0  queue.o(i.prvInitialiseNewQueue)
    prvInitialiseNewQueue                    0x0800296f   Thumb Code    42  queue.o(i.prvInitialiseNewQueue)
    i.prvInitialiseNewTask                   0x08002998   Section        0  tasks.o(i.prvInitialiseNewTask)
    prvInitialiseNewTask                     0x08002999   Thumb Code   190  tasks.o(i.prvInitialiseNewTask)
    i.prvInitialiseTaskLists                 0x08002a58   Section        0  tasks.o(i.prvInitialiseTaskLists)
    prvInitialiseTaskLists                   0x08002a59   Thumb Code    70  tasks.o(i.prvInitialiseTaskLists)
    i.prvInsertBlockIntoFreeList             0x08002ac0   Section        0  heap_4.o(i.prvInsertBlockIntoFreeList)
    prvInsertBlockIntoFreeList               0x08002ac1   Thumb Code    96  heap_4.o(i.prvInsertBlockIntoFreeList)
    i.prvInsertTimerInActiveList             0x08002b28   Section        0  timers.o(i.prvInsertTimerInActiveList)
    prvInsertTimerInActiveList               0x08002b29   Thumb Code    80  timers.o(i.prvInsertTimerInActiveList)
    i.prvIsQueueEmpty                        0x08002b80   Section        0  queue.o(i.prvIsQueueEmpty)
    prvIsQueueEmpty                          0x08002b81   Thumb Code    26  queue.o(i.prvIsQueueEmpty)
    i.prvIsQueueFull                         0x08002b9a   Section        0  queue.o(i.prvIsQueueFull)
    prvIsQueueFull                           0x08002b9b   Thumb Code    30  queue.o(i.prvIsQueueFull)
    i.prvProcessExpiredTimer                 0x08002bb8   Section        0  timers.o(i.prvProcessExpiredTimer)
    prvProcessExpiredTimer                   0x08002bb9   Thumb Code   110  timers.o(i.prvProcessExpiredTimer)
    i.prvProcessReceivedCommands             0x08002c2c   Section        0  timers.o(i.prvProcessReceivedCommands)
    prvProcessReceivedCommands               0x08002c2d   Thumb Code   308  timers.o(i.prvProcessReceivedCommands)
    i.prvProcessTimerOrBlockTask             0x08002d64   Section        0  timers.o(i.prvProcessTimerOrBlockTask)
    prvProcessTimerOrBlockTask               0x08002d65   Thumb Code   102  timers.o(i.prvProcessTimerOrBlockTask)
    i.prvResetNextTaskUnblockTime            0x08002dd8   Section        0  tasks.o(i.prvResetNextTaskUnblockTime)
    prvResetNextTaskUnblockTime              0x08002dd9   Thumb Code    42  tasks.o(i.prvResetNextTaskUnblockTime)
    i.prvSampleTimeNow                       0x08002e0c   Section        0  timers.o(i.prvSampleTimeNow)
    prvSampleTimeNow                         0x08002e0d   Thumb Code    40  timers.o(i.prvSampleTimeNow)
    i.prvSwitchTimerLists                    0x08002e38   Section        0  timers.o(i.prvSwitchTimerLists)
    prvSwitchTimerLists                      0x08002e39   Thumb Code   154  timers.o(i.prvSwitchTimerLists)
    i.prvTaskExitError                       0x08002edc   Section        0  port.o(i.prvTaskExitError)
    prvTaskExitError                         0x08002edd   Thumb Code    60  port.o(i.prvTaskExitError)
    i.prvTimerTask                           0x08002f1c   Section        0  timers.o(i.prvTimerTask)
    prvTimerTask                             0x08002f1d   Thumb Code    26  timers.o(i.prvTimerTask)
    i.prvUnlockQueue                         0x08002f36   Section        0  queue.o(i.prvUnlockQueue)
    prvUnlockQueue                           0x08002f37   Thumb Code   126  queue.o(i.prvUnlockQueue)
    i.pvPortMalloc                           0x08002fb4   Section        0  heap_4.o(i.pvPortMalloc)
    i.pvTaskIncrementMutexHeldCount          0x080030f0   Section        0  tasks.o(i.pvTaskIncrementMutexHeldCount)
    i.pxPortInitialiseStack                  0x08003110   Section        0  port.o(i.pxPortInitialiseStack)
    i.uxListRemove                           0x0800313c   Section        0  list.o(i.uxListRemove)
    i.vListInitialise                        0x08003164   Section        0  list.o(i.vListInitialise)
    i.vListInitialiseItem                    0x0800317e   Section        0  list.o(i.vListInitialiseItem)
    i.vListInsert                            0x08003184   Section        0  list.o(i.vListInsert)
    i.vListInsertEnd                         0x080031b8   Section        0  list.o(i.vListInsertEnd)
    i.vPortEnterCritical                     0x080031d0   Section        0  port.o(i.vPortEnterCritical)
    i.vPortExitCritical                      0x08003224   Section        0  port.o(i.vPortExitCritical)
    i.vPortFree                              0x08003260   Section        0  heap_4.o(i.vPortFree)
    i.vPortSetupTimerInterrupt               0x080032f4   Section        0  port.o(i.vPortSetupTimerInterrupt)
    i.vPortValidateInterruptPriority         0x0800331c   Section        0  port.o(i.vPortValidateInterruptPriority)
    i.vQueueAddToRegistry                    0x08003394   Section        0  queue.o(i.vQueueAddToRegistry)
    i.vQueueWaitForMessageRestricted         0x080033c0   Section        0  queue.o(i.vQueueWaitForMessageRestricted)
    i.vTaskDelay                             0x0800340c   Section        0  tasks.o(i.vTaskDelay)
    i.vTaskInternalSetTimeOutState           0x08003468   Section        0  tasks.o(i.vTaskInternalSetTimeOutState)
    i.vTaskMissedYield                       0x08003480   Section        0  tasks.o(i.vTaskMissedYield)
    i.vTaskPlaceOnEventList                  0x0800348c   Section        0  tasks.o(i.vTaskPlaceOnEventList)
    i.vTaskPlaceOnEventListRestricted        0x080034c4   Section        0  tasks.o(i.vTaskPlaceOnEventListRestricted)
    i.vTaskPriorityDisinheritAfterTimeout    0x08003504   Section        0  tasks.o(i.vTaskPriorityDisinheritAfterTimeout)
    i.vTaskStartScheduler                    0x080035f8   Section        0  tasks.o(i.vTaskStartScheduler)
    i.vTaskSuspendAll                        0x0800368c   Section        0  tasks.o(i.vTaskSuspendAll)
    i.vTaskSwitchContext                     0x0800369c   Section        0  tasks.o(i.vTaskSwitchContext)
    i.xPortStartScheduler                    0x08003728   Section        0  port.o(i.xPortStartScheduler)
    i.xQueueCreateMutex                      0x08003890   Section        0  queue.o(i.xQueueCreateMutex)
    i.xQueueGenericCreate                    0x080038b2   Section        0  queue.o(i.xQueueGenericCreate)
    i.xQueueGenericReset                     0x0800390c   Section        0  queue.o(i.xQueueGenericReset)
    i.xQueueGenericSend                      0x080039a4   Section        0  queue.o(i.xQueueGenericSend)
    i.xQueueGenericSendFromISR               0x08003b4c   Section        0  queue.o(i.xQueueGenericSendFromISR)
    i.xQueueReceive                          0x08003c44   Section        0  queue.o(i.xQueueReceive)
    i.xQueueSemaphoreTake                    0x08003dac   Section        0  queue.o(i.xQueueSemaphoreTake)
    i.xTaskCheckForTimeOut                   0x08003f64   Section        0  tasks.o(i.xTaskCheckForTimeOut)
    i.xTaskCreate                            0x08003ff0   Section        0  tasks.o(i.xTaskCreate)
    i.xTaskGetSchedulerState                 0x08004050   Section        0  tasks.o(i.xTaskGetSchedulerState)
    i.xTaskGetTickCount                      0x08004070   Section        0  tasks.o(i.xTaskGetTickCount)
    i.xTaskIncrementTick                     0x0800407c   Section        0  tasks.o(i.xTaskIncrementTick)
    i.xTaskPriorityDisinherit                0x080041c4   Section        0  tasks.o(i.xTaskPriorityDisinherit)
    i.xTaskPriorityInherit                   0x0800428c   Section        0  tasks.o(i.xTaskPriorityInherit)
    i.xTaskRemoveFromEventList               0x08004354   Section        0  tasks.o(i.xTaskRemoveFromEventList)
    i.xTaskResumeAll                         0x080043ec   Section        0  tasks.o(i.xTaskResumeAll)
    i.xTimerCreateTimerTask                  0x080044f0   Section        0  timers.o(i.xTimerCreateTimerTask)
    i.xTimerGenericCommand                   0x08004548   Section        0  timers.o(i.xTimerGenericCommand)
    .constdata                               0x080045cc   Section     2072  iic_oled_font.o(.constdata)
    .data                                    0x10000000   Section       21  main.o(.data)
    app_task1_Handle                         0x10000000   Data           4  main.o(.data)
    app_task2_Handle                         0x10000004   Data           4  main.o(.data)
    oled_sem_mutex_handle                    0x10000008   Data           4  main.o(.data)
    .data                                    0x10000018   Section       20  system_stm32f4xx.o(.data)
    .data                                    0x1000002c   Section      512  iic_oled_font.o(.data)
    .data                                    0x1000022c   Section        4  delay.o(.data)
    fac_us                                   0x1000022c   Data           1  delay.o(.data)
    fac_ms                                   0x1000022e   Data           2  delay.o(.data)
    .data                                    0x10000230   Section       12  uart.o(.data)
    .data                                    0x1000023c   Section       16  stm32f4xx_rcc.o(.data)
    APBAHBPrescTable                         0x1000023c   Data          16  stm32f4xx_rcc.o(.data)
    .data                                    0x1000024c   Section       60  tasks.o(.data)
    pxDelayedTaskList                        0x10000250   Data           4  tasks.o(.data)
    pxOverflowDelayedTaskList                0x10000254   Data           4  tasks.o(.data)
    uxDeletedTasksWaitingCleanUp             0x10000258   Data           4  tasks.o(.data)
    uxCurrentNumberOfTasks                   0x1000025c   Data           4  tasks.o(.data)
    xTickCount                               0x10000260   Data           4  tasks.o(.data)
    uxTopReadyPriority                       0x10000264   Data           4  tasks.o(.data)
    xSchedulerRunning                        0x10000268   Data           4  tasks.o(.data)
    uxPendedTicks                            0x1000026c   Data           4  tasks.o(.data)
    xYieldPending                            0x10000270   Data           4  tasks.o(.data)
    xNumOfOverflows                          0x10000274   Data           4  tasks.o(.data)
    uxTaskNumber                             0x10000278   Data           4  tasks.o(.data)
    xNextTaskUnblockTime                     0x1000027c   Data           4  tasks.o(.data)
    xIdleTaskHandle                          0x10000280   Data           4  tasks.o(.data)
    uxSchedulerSuspended                     0x10000284   Data           4  tasks.o(.data)
    .data                                    0x10000288   Section       20  timers.o(.data)
    pxCurrentTimerList                       0x10000288   Data           4  timers.o(.data)
    pxOverflowTimerList                      0x1000028c   Data           4  timers.o(.data)
    xTimerQueue                              0x10000290   Data           4  timers.o(.data)
    xTimerTaskHandle                         0x10000294   Data           4  timers.o(.data)
    xLastTime                                0x10000298   Data           4  timers.o(.data)
    .data                                    0x1000029c   Section       24  heap_4.o(.data)
    xStart                                   0x1000029c   Data           8  heap_4.o(.data)
    pxEnd                                    0x100002a4   Data           4  heap_4.o(.data)
    xFreeBytesRemaining                      0x100002a8   Data           4  heap_4.o(.data)
    xMinimumEverFreeBytesRemaining           0x100002ac   Data           4  heap_4.o(.data)
    xBlockAllocatedBit                       0x100002b0   Data           4  heap_4.o(.data)
    .data                                    0x100002b4   Section       12  port.o(.data)
    uxCriticalNesting                        0x100002b4   Data           4  port.o(.data)
    ucMaxSysCallPriority                     0x100002b8   Data           1  port.o(.data)
    ulMaxPRIGROUPValue                       0x100002bc   Data           4  port.o(.data)
    .bss                                     0x100002c0   Section      256  uart.o(.bss)
    .bss                                     0x100003c0   Section       64  queue.o(.bss)
    .bss                                     0x10000400   Section      200  tasks.o(.bss)
    pxReadyTasksLists                        0x10000400   Data         100  tasks.o(.bss)
    xDelayedTaskList1                        0x10000464   Data          20  tasks.o(.bss)
    xDelayedTaskList2                        0x10000478   Data          20  tasks.o(.bss)
    xPendingReadyList                        0x1000048c   Data          20  tasks.o(.bss)
    xTasksWaitingTermination                 0x100004a0   Data          20  tasks.o(.bss)
    xSuspendedTaskList                       0x100004b4   Data          20  tasks.o(.bss)
    .bss                                     0x100004c8   Section       40  timers.o(.bss)
    xActiveTimerList1                        0x100004c8   Data          20  timers.o(.bss)
    xActiveTimerList2                        0x100004dc   Data          20  timers.o(.bss)
    STACK                                    0x100004f0   Section     8192  startup_stm32f40_41xxx.o(STACK)
    .bss                                     0x20000000   Section    76800  heap_4.o(.bss)
    ucHeap                                   0x20000000   Data       76800  heap_4.o(.bss)

    Global Symbols

    Symbol Name                              Value     Ov Type        Size  Object(Section)

    BuildAttributes$$THM_ISAv4$E$P$D$K$B$S$7EM$VFPi3$EXTD16$VFPS$VFMA$PE$A:L22UL41UL21$X:L11$S22US41US21$IEEE1$IW$USESV6$~STKCKD$USESV7$~SHL$OTIME$ROPI$IEEEJ$EBA8$MICROLIB$REQ8$PRES8$EABIv2 0x00000000   Number         0  anon$$obj.o ABSOLUTE
    __ARM_use_no_argv                        0x00000000   Number         0  main.o ABSOLUTE
    __use_no_errno                           0x00000000   Number         0  useno.o ABSOLUTE
    __use_no_exception_handling              0x00000000   Number         0  useno.o ABSOLUTE
    __use_no_fp                              0x00000000   Number         0  useno.o ABSOLUTE
    __use_no_heap                            0x00000000   Number         0  useno.o ABSOLUTE
    __use_no_heap_region                     0x00000000   Number         0  useno.o ABSOLUTE
    __use_no_semihosting                     0x00000000   Number         0  useno.o ABSOLUTE
    __use_no_semihosting_swi                 0x00000000   Number         0  useno.o ABSOLUTE
    __use_no_signal_handling                 0x00000000   Number         0  useno.o ABSOLUTE
    _printf_a                                0x00000000   Number         0  stubs.o ABSOLUTE
    _printf_c                                0x00000000   Number         0  stubs.o ABSOLUTE
    _printf_charcount                        0x00000000   Number         0  stubs.o ABSOLUTE
    _printf_d                                0x00000000   Number         0  stubs.o ABSOLUTE
    _printf_e                                0x00000000   Number         0  stubs.o ABSOLUTE
    _printf_f                                0x00000000   Number         0  stubs.o ABSOLUTE
    _printf_flags                            0x00000000   Number         0  stubs.o ABSOLUTE
    _printf_fp_dec                           0x00000000   Number         0  stubs.o ABSOLUTE
    _printf_fp_hex                           0x00000000   Number         0  stubs.o ABSOLUTE
    _printf_g                                0x00000000   Number         0  stubs.o ABSOLUTE
    _printf_i                                0x00000000   Number         0  stubs.o ABSOLUTE
    _printf_int_dec                          0x00000000   Number         0  stubs.o ABSOLUTE
    _printf_l                                0x00000000   Number         0  stubs.o ABSOLUTE
    _printf_lc                               0x00000000   Number         0  stubs.o ABSOLUTE
    _printf_ll                               0x00000000   Number         0  stubs.o ABSOLUTE
    _printf_lld                              0x00000000   Number         0  stubs.o ABSOLUTE
    _printf_lli                              0x00000000   Number         0  stubs.o ABSOLUTE
    _printf_llo                              0x00000000   Number         0  stubs.o ABSOLUTE
    _printf_llu                              0x00000000   Number         0  stubs.o ABSOLUTE
    _printf_llx                              0x00000000   Number         0  stubs.o ABSOLUTE
    _printf_longlong_dec                     0x00000000   Number         0  stubs.o ABSOLUTE
    _printf_longlong_hex                     0x00000000   Number         0  stubs.o ABSOLUTE
    _printf_longlong_oct                     0x00000000   Number         0  stubs.o ABSOLUTE
    _printf_ls                               0x00000000   Number         0  stubs.o ABSOLUTE
    _printf_mbtowc                           0x00000000   Number         0  stubs.o ABSOLUTE
    _printf_n                                0x00000000   Number         0  stubs.o ABSOLUTE
    _printf_o                                0x00000000   Number         0  stubs.o ABSOLUTE
    _printf_p                                0x00000000   Number         0  stubs.o ABSOLUTE
    _printf_percent                          0x00000000   Number         0  stubs.o ABSOLUTE
    _printf_pre_padding                      0x00000000   Number         0  stubs.o ABSOLUTE
    _printf_return_value                     0x00000000   Number         0  stubs.o ABSOLUTE
    _printf_s                                0x00000000   Number         0  stubs.o ABSOLUTE
    _printf_sizespec                         0x00000000   Number         0  stubs.o ABSOLUTE
    _printf_str                              0x00000000   Number         0  stubs.o ABSOLUTE
    _printf_truncate_signed                  0x00000000   Number         0  stubs.o ABSOLUTE
    _printf_truncate_unsigned                0x00000000   Number         0  stubs.o ABSOLUTE
    _printf_u                                0x00000000   Number         0  stubs.o ABSOLUTE
    _printf_wc                               0x00000000   Number         0  stubs.o ABSOLUTE
    _printf_wctomb                           0x00000000   Number         0  stubs.o ABSOLUTE
    _printf_widthprec                        0x00000000   Number         0  stubs.o ABSOLUTE
    _printf_x                                0x00000000   Number         0  stubs.o ABSOLUTE
    __cpp_initialize__aeabi_                  - Undefined Weak Reference
    __cxa_finalize                            - Undefined Weak Reference
    _clock_init                               - Undefined Weak Reference
    _microlib_exit                            - Undefined Weak Reference
    _scanf_int                                - Undefined Weak Reference
    _scanf_longlong                           - Undefined Weak Reference
    _scanf_string                             - Undefined Weak Reference
    __Vectors_Size                           0x00000188   Number         0  startup_stm32f40_41xxx.o ABSOLUTE
    __Vectors                                0x08000000   Data           4  startup_stm32f40_41xxx.o(RESET)
    __Vectors_End                            0x08000188   Data           0  startup_stm32f40_41xxx.o(RESET)
    __main                                   0x08000189   Thumb Code     0  entry.o(.ARM.Collect$$$$00000000)
    _main_stk                                0x08000189   Thumb Code     0  entry2.o(.ARM.Collect$$$$00000001)
    _main_scatterload                        0x0800018d   Thumb Code     0  entry5.o(.ARM.Collect$$$$00000004)
    __main_after_scatterload                 0x08000191   Thumb Code     0  entry5.o(.ARM.Collect$$$$00000004)
    _main_clock                              0x08000191   Thumb Code     0  entry7b.o(.ARM.Collect$$$$00000008)
    _main_cpp_init                           0x08000191   Thumb Code     0  entry8b.o(.ARM.Collect$$$$0000000A)
    _main_init                               0x08000191   Thumb Code     0  entry9a.o(.ARM.Collect$$$$0000000B)
    __rt_final_cpp                           0x08000199   Thumb Code     0  entry10a.o(.ARM.Collect$$$$0000000D)
    __rt_final_exit                          0x08000199   Thumb Code     0  entry11a.o(.ARM.Collect$$$$0000000F)
    SVC_Handler                              0x0800019d   Thumb Code    28  port.o(.emb_text)
    __asm___6_port_c_39a90d8d__prvStartFirstTask 0x080001bd   Thumb Code    36  port.o(.emb_text)
    __asm___6_port_c_39a90d8d__prvEnableVFP  0x080001e5   Thumb Code    16  port.o(.emb_text)
    PendSV_Handler                           0x080001f9   Thumb Code    88  port.o(.emb_text)
    vPortGetIPSR                             0x08000255   Thumb Code     6  port.o(.emb_text)
    Reset_Handler                            0x0800025d   Thumb Code     8  startup_stm32f40_41xxx.o(.text)
    ADC_IRQHandler                           0x08000277   Thumb Code     0  startup_stm32f40_41xxx.o(.text)
    CAN1_RX0_IRQHandler                      0x08000277   Thumb Code     0  startup_stm32f40_41xxx.o(.text)
    CAN1_RX1_IRQHandler                      0x08000277   Thumb Code     0  startup_stm32f40_41xxx.o(.text)
    CAN1_SCE_IRQHandler                      0x08000277   Thumb Code     0  startup_stm32f40_41xxx.o(.text)
    CAN1_TX_IRQHandler                       0x08000277   Thumb Code     0  startup_stm32f40_41xxx.o(.text)
    CAN2_RX0_IRQHandler                      0x08000277   Thumb Code     0  startup_stm32f40_41xxx.o(.text)
    CAN2_RX1_IRQHandler                      0x08000277   Thumb Code     0  startup_stm32f40_41xxx.o(.text)
    CAN2_SCE_IRQHandler                      0x08000277   Thumb Code     0  startup_stm32f40_41xxx.o(.text)
    CAN2_TX_IRQHandler                       0x08000277   Thumb Code     0  startup_stm32f40_41xxx.o(.text)
    CRYP_IRQHandler                          0x08000277   Thumb Code     0  startup_stm32f40_41xxx.o(.text)
    DCMI_IRQHandler                          0x08000277   Thumb Code     0  startup_stm32f40_41xxx.o(.text)
    DMA1_Stream0_IRQHandler                  0x08000277   Thumb Code     0  startup_stm32f40_41xxx.o(.text)
    DMA1_Stream1_IRQHandler                  0x08000277   Thumb Code     0  startup_stm32f40_41xxx.o(.text)
    DMA1_Stream2_IRQHandler                  0x08000277   Thumb Code     0  startup_stm32f40_41xxx.o(.text)
    DMA1_Stream3_IRQHandler                  0x08000277   Thumb Code     0  startup_stm32f40_41xxx.o(.text)
    DMA1_Stream4_IRQHandler                  0x08000277   Thumb Code     0  startup_stm32f40_41xxx.o(.text)
    DMA1_Stream5_IRQHandler                  0x08000277   Thumb Code     0  startup_stm32f40_41xxx.o(.text)
    DMA1_Stream6_IRQHandler                  0x08000277   Thumb Code     0  startup_stm32f40_41xxx.o(.text)
    DMA1_Stream7_IRQHandler                  0x08000277   Thumb Code     0  startup_stm32f40_41xxx.o(.text)
    DMA2_Stream0_IRQHandler                  0x08000277   Thumb Code     0  startup_stm32f40_41xxx.o(.text)
    DMA2_Stream1_IRQHandler                  0x08000277   Thumb Code     0  startup_stm32f40_41xxx.o(.text)
    DMA2_Stream2_IRQHandler                  0x08000277   Thumb Code     0  startup_stm32f40_41xxx.o(.text)
    DMA2_Stream3_IRQHandler                  0x08000277   Thumb Code     0  startup_stm32f40_41xxx.o(.text)
    DMA2_Stream4_IRQHandler                  0x08000277   Thumb Code     0  startup_stm32f40_41xxx.o(.text)
    DMA2_Stream5_IRQHandler                  0x08000277   Thumb Code     0  startup_stm32f40_41xxx.o(.text)
    DMA2_Stream6_IRQHandler                  0x08000277   Thumb Code     0  startup_stm32f40_41xxx.o(.text)
    DMA2_Stream7_IRQHandler                  0x08000277   Thumb Code     0  startup_stm32f40_41xxx.o(.text)
    ETH_IRQHandler                           0x08000277   Thumb Code     0  startup_stm32f40_41xxx.o(.text)
    ETH_WKUP_IRQHandler                      0x08000277   Thumb Code     0  startup_stm32f40_41xxx.o(.text)
    EXTI0_IRQHandler                         0x08000277   Thumb Code     0  startup_stm32f40_41xxx.o(.text)
    EXTI15_10_IRQHandler                     0x08000277   Thumb Code     0  startup_stm32f40_41xxx.o(.text)
    EXTI1_IRQHandler                         0x08000277   Thumb Code     0  startup_stm32f40_41xxx.o(.text)
    EXTI2_IRQHandler                         0x08000277   Thumb Code     0  startup_stm32f40_41xxx.o(.text)
    EXTI3_IRQHandler                         0x08000277   Thumb Code     0  startup_stm32f40_41xxx.o(.text)
    EXTI4_IRQHandler                         0x08000277   Thumb Code     0  startup_stm32f40_41xxx.o(.text)
    EXTI9_5_IRQHandler                       0x08000277   Thumb Code     0  startup_stm32f40_41xxx.o(.text)
    FLASH_IRQHandler                         0x08000277   Thumb Code     0  startup_stm32f40_41xxx.o(.text)
    FPU_IRQHandler                           0x08000277   Thumb Code     0  startup_stm32f40_41xxx.o(.text)
    FSMC_IRQHandler                          0x08000277   Thumb Code     0  startup_stm32f40_41xxx.o(.text)
    HASH_RNG_IRQHandler                      0x08000277   Thumb Code     0  startup_stm32f40_41xxx.o(.text)
    I2C1_ER_IRQHandler                       0x08000277   Thumb Code     0  startup_stm32f40_41xxx.o(.text)
    I2C1_EV_IRQHandler                       0x08000277   Thumb Code     0  startup_stm32f40_41xxx.o(.text)
    I2C2_ER_IRQHandler                       0x08000277   Thumb Code     0  startup_stm32f40_41xxx.o(.text)
    I2C2_EV_IRQHandler                       0x08000277   Thumb Code     0  startup_stm32f40_41xxx.o(.text)
    I2C3_ER_IRQHandler                       0x08000277   Thumb Code     0  startup_stm32f40_41xxx.o(.text)
    I2C3_EV_IRQHandler                       0x08000277   Thumb Code     0  startup_stm32f40_41xxx.o(.text)
    OTG_FS_IRQHandler                        0x08000277   Thumb Code     0  startup_stm32f40_41xxx.o(.text)
    OTG_FS_WKUP_IRQHandler                   0x08000277   Thumb Code     0  startup_stm32f40_41xxx.o(.text)
    OTG_HS_EP1_IN_IRQHandler                 0x08000277   Thumb Code     0  startup_stm32f40_41xxx.o(.text)
    OTG_HS_EP1_OUT_IRQHandler                0x08000277   Thumb Code     0  startup_stm32f40_41xxx.o(.text)
    OTG_HS_IRQHandler                        0x08000277   Thumb Code     0  startup_stm32f40_41xxx.o(.text)
    OTG_HS_WKUP_IRQHandler                   0x08000277   Thumb Code     0  startup_stm32f40_41xxx.o(.text)
    PVD_IRQHandler                           0x08000277   Thumb Code     0  startup_stm32f40_41xxx.o(.text)
    RCC_IRQHandler                           0x08000277   Thumb Code     0  startup_stm32f40_41xxx.o(.text)
    RTC_Alarm_IRQHandler                     0x08000277   Thumb Code     0  startup_stm32f40_41xxx.o(.text)
    RTC_WKUP_IRQHandler                      0x08000277   Thumb Code     0  startup_stm32f40_41xxx.o(.text)
    SDIO_IRQHandler                          0x08000277   Thumb Code     0  startup_stm32f40_41xxx.o(.text)
    SPI1_IRQHandler                          0x08000277   Thumb Code     0  startup_stm32f40_41xxx.o(.text)
    SPI2_IRQHandler                          0x08000277   Thumb Code     0  startup_stm32f40_41xxx.o(.text)
    SPI3_IRQHandler                          0x08000277   Thumb Code     0  startup_stm32f40_41xxx.o(.text)
    TAMP_STAMP_IRQHandler                    0x08000277   Thumb Code     0  startup_stm32f40_41xxx.o(.text)
    TIM1_BRK_TIM9_IRQHandler                 0x08000277   Thumb Code     0  startup_stm32f40_41xxx.o(.text)
    TIM1_CC_IRQHandler                       0x08000277   Thumb Code     0  startup_stm32f40_41xxx.o(.text)
    TIM1_TRG_COM_TIM11_IRQHandler            0x08000277   Thumb Code     0  startup_stm32f40_41xxx.o(.text)
    TIM1_UP_TIM10_IRQHandler                 0x08000277   Thumb Code     0  startup_stm32f40_41xxx.o(.text)
    TIM2_IRQHandler                          0x08000277   Thumb Code     0  startup_stm32f40_41xxx.o(.text)
    TIM3_IRQHandler                          0x08000277   Thumb Code     0  startup_stm32f40_41xxx.o(.text)
    TIM4_IRQHandler                          0x08000277   Thumb Code     0  startup_stm32f40_41xxx.o(.text)
    TIM5_IRQHandler                          0x08000277   Thumb Code     0  startup_stm32f40_41xxx.o(.text)
    TIM6_DAC_IRQHandler                      0x08000277   Thumb Code     0  startup_stm32f40_41xxx.o(.text)
    TIM7_IRQHandler                          0x08000277   Thumb Code     0  startup_stm32f40_41xxx.o(.text)
    TIM8_BRK_TIM12_IRQHandler                0x08000277   Thumb Code     0  startup_stm32f40_41xxx.o(.text)
    TIM8_CC_IRQHandler                       0x08000277   Thumb Code     0  startup_stm32f40_41xxx.o(.text)
    TIM8_TRG_COM_TIM14_IRQHandler            0x08000277   Thumb Code     0  startup_stm32f40_41xxx.o(.text)
    TIM8_UP_TIM13_IRQHandler                 0x08000277   Thumb Code     0  startup_stm32f40_41xxx.o(.text)
    UART4_IRQHandler                         0x08000277   Thumb Code     0  startup_stm32f40_41xxx.o(.text)
    UART5_IRQHandler                         0x08000277   Thumb Code     0  startup_stm32f40_41xxx.o(.text)
    USART2_IRQHandler                        0x08000277   Thumb Code     0  startup_stm32f40_41xxx.o(.text)
    USART3_IRQHandler                        0x08000277   Thumb Code     0  startup_stm32f40_41xxx.o(.text)
    USART6_IRQHandler                        0x08000277   Thumb Code     0  startup_stm32f40_41xxx.o(.text)
    WWDG_IRQHandler                          0x08000277   Thumb Code     0  startup_stm32f40_41xxx.o(.text)
    __aeabi_memcpy                           0x08000281   Thumb Code    36  memcpya.o(.text)
    __aeabi_memcpy4                          0x08000281   Thumb Code     0  memcpya.o(.text)
    __aeabi_memcpy8                          0x08000281   Thumb Code     0  memcpya.o(.text)
    __aeabi_memset                           0x080002a5   Thumb Code    14  memseta.o(.text)
    __aeabi_memset4                          0x080002a5   Thumb Code     0  memseta.o(.text)
    __aeabi_memset8                          0x080002a5   Thumb Code     0  memseta.o(.text)
    __aeabi_memclr                           0x080002b3   Thumb Code     4  memseta.o(.text)
    __aeabi_memclr4                          0x080002b3   Thumb Code     0  memseta.o(.text)
    __aeabi_memclr8                          0x080002b3   Thumb Code     0  memseta.o(.text)
    memset                                   0x080002b7   Thumb Code    18  memseta.o(.text)
    __aeabi_dadd                             0x080002c9   Thumb Code   322  dadd.o(.text)
    __aeabi_dsub                             0x0800040b   Thumb Code     6  dadd.o(.text)
    __aeabi_drsub                            0x08000411   Thumb Code     6  dadd.o(.text)
    __aeabi_dmul                             0x08000417   Thumb Code   228  dmul.o(.text)
    __aeabi_ddiv                             0x080004fb   Thumb Code   222  ddiv.o(.text)
    __aeabi_f2d                              0x080005d9   Thumb Code    38  f2d.o(.text)
    __aeabi_cdrcmple                         0x08000601   Thumb Code    48  cdrcmple.o(.text)
    __aeabi_d2f                              0x08000631   Thumb Code    56  d2f.o(.text)
    __aeabi_uidiv                            0x08000669   Thumb Code     0  uidiv.o(.text)
    __aeabi_uidivmod                         0x08000669   Thumb Code    44  uidiv.o(.text)
    __aeabi_uldivmod                         0x08000695   Thumb Code    98  uldiv.o(.text)
    __aeabi_llsl                             0x080006f7   Thumb Code    30  llshl.o(.text)
    _ll_shift_l                              0x080006f7   Thumb Code     0  llshl.o(.text)
    __aeabi_llsr                             0x08000715   Thumb Code    32  llushr.o(.text)
    _ll_ushift_r                             0x08000715   Thumb Code     0  llushr.o(.text)
    __aeabi_lasr                             0x08000735   Thumb Code    36  llsshr.o(.text)
    _ll_sshift_r                             0x08000735   Thumb Code     0  llsshr.o(.text)
    __I$use$fp                               0x08000759   Thumb Code     0  iusefp.o(.text)
    _float_round                             0x08000759   Thumb Code    18  fepilogue.o(.text)
    _float_epilogue                          0x0800076b   Thumb Code    92  fepilogue.o(.text)
    _double_round                            0x080007c7   Thumb Code    30  depilogue.o(.text)
    _double_epilogue                         0x080007e5   Thumb Code   156  depilogue.o(.text)
    __aeabi_d2ulz                            0x08000881   Thumb Code    48  dfixul.o(.text)
    __scatterload                            0x080008b1   Thumb Code    28  init.o(.text)
    __scatterload_rt2                        0x080008b1   Thumb Code     0  init.o(.text)
    __decompress                             0x080008d5   Thumb Code     0  __dczerorl2.o(.text)
    __decompress1                            0x080008d5   Thumb Code    86  __dczerorl2.o(.text)
    BUZZER_Init                              0x0800092d   Thumb Code    54  buzzer.o(i.BUZZER_Init)
    BusFault_Handler                         0x0800096d   Thumb Code     4  stm32f4xx_it.o(i.BusFault_Handler)
    DELAY_MyNms                              0x08000971   Thumb Code    30  delay.o(i.DELAY_MyNms)
    DHT11_GetData                            0x08000991   Thumb Code   330  dht11.o(i.DHT11_GetData)
    DHT11_Init                               0x08000ae5   Thumb Code    56  dht11.o(i.DHT11_Init)
    DHT11_SelectMode                         0x08000b25   Thumb Code    74  dht11.o(i.DHT11_SelectMode)
    DebugMon_Handler                         0x08000b75   Thumb Code     2  stm32f4xx_it.o(i.DebugMon_Handler)
    GPIO_Init                                0x08000b77   Thumb Code   144  stm32f4xx_gpio.o(i.GPIO_Init)
    GPIO_PinAFConfig                         0x08000c07   Thumb Code    70  stm32f4xx_gpio.o(i.GPIO_PinAFConfig)
    HC_SR04_GetDis                           0x08000c4d   Thumb Code   168  hc_sr04.o(i.HC_SR04_GetDis)
    HC_SR04_Init                             0x08000d21   Thumb Code    78  hc_sr04.o(i.HC_SR04_Init)
    HardFault_Handler                        0x08000d7d   Thumb Code     4  stm32f4xx_it.o(i.HardFault_Handler)
    IIC_OLED_Init                            0x08000d81   Thumb Code   292  iic_oled.o(i.IIC_OLED_Init)
    IIC_OLED_RecvAck                         0x08000ead   Thumb Code    60  iic_oled.o(i.IIC_OLED_RecvAck)
    IIC_OLED_SelectMode                      0x08000ef1   Thumb Code    72  iic_oled.o(i.IIC_OLED_SelectMode)
    IIC_OLED_SendByte                        0x08000f3d   Thumb Code    98  iic_oled.o(i.IIC_OLED_SendByte)
    IIC_OLED_Start                           0x08000fb1   Thumb Code    48  iic_oled.o(i.IIC_OLED_Start)
    IIC_OLED_Stop                            0x08000ff1   Thumb Code    50  iic_oled.o(i.IIC_OLED_Stop)
    KEY_Init                                 0x08001031   Thumb Code    54  key.o(i.KEY_Init)
    LED_Init                                 0x08001071   Thumb Code    92  led.o(i.LED_Init)
    MemManage_Handler                        0x080010e5   Thumb Code     4  stm32f4xx_it.o(i.MemManage_Handler)
    NMI_Handler                              0x080010e9   Thumb Code     2  stm32f4xx_it.o(i.NMI_Handler)
    NVIC_Init                                0x080010ed   Thumb Code   106  misc.o(i.NVIC_Init)
    NVIC_PriorityGroupConfig                 0x08001165   Thumb Code    10  misc.o(i.NVIC_PriorityGroupConfig)
    OLED_Clear                               0x08001179   Thumb Code    62  iic_oled.o(i.OLED_Clear)
    OLED_Set_Pos                             0x080011b7   Thumb Code    40  iic_oled.o(i.OLED_Set_Pos)
    OLED_ShowCHinese                         0x080011e1   Thumb Code    98  iic_oled.o(i.OLED_ShowCHinese)
    OLED_ShowChar                            0x08001249   Thumb Code   154  iic_oled.o(i.OLED_ShowChar)
    OLED_ShowString                          0x080012ed   Thumb Code    58  iic_oled.o(i.OLED_ShowString)
    OLED_WR_Byte                             0x08001327   Thumb Code    24  iic_oled.o(i.OLED_WR_Byte)
    RCC_AHB1PeriphClockCmd                   0x08001341   Thumb Code    26  stm32f4xx_rcc.o(i.RCC_AHB1PeriphClockCmd)
    RCC_APB2PeriphClockCmd                   0x08001361   Thumb Code    26  stm32f4xx_rcc.o(i.RCC_APB2PeriphClockCmd)
    RCC_GetClocksFreq                        0x08001381   Thumb Code   214  stm32f4xx_rcc.o(i.RCC_GetClocksFreq)
    SysTick_Handler                          0x08001555   Thumb Code    46  port.o(i.SysTick_Handler)
    SystemInit                               0x08001589   Thumb Code    88  system_stm32f4xx.o(i.SystemInit)
    UART1_Init                               0x080015f1   Thumb Code   186  uart.o(i.UART1_Init)
    USART1_IRQHandler                        0x080016b5   Thumb Code   122  uart.o(i.USART1_IRQHandler)
    USART_ClearITPendingBit                  0x08001741   Thumb Code    30  stm32f4xx_usart.o(i.USART_ClearITPendingBit)
    USART_Cmd                                0x0800175f   Thumb Code    24  stm32f4xx_usart.o(i.USART_Cmd)
    USART_GetFlagStatus                      0x08001777   Thumb Code    26  stm32f4xx_usart.o(i.USART_GetFlagStatus)
    USART_GetITStatus                        0x08001791   Thumb Code    84  stm32f4xx_usart.o(i.USART_GetITStatus)
    USART_ITConfig                           0x080017e5   Thumb Code    74  stm32f4xx_usart.o(i.USART_ITConfig)
    USART_Init                               0x08001831   Thumb Code   204  stm32f4xx_usart.o(i.USART_Init)
    USART_ReceiveData                        0x08001905   Thumb Code    10  stm32f4xx_usart.o(i.USART_ReceiveData)
    USART_SendData                           0x0800190f   Thumb Code     8  stm32f4xx_usart.o(i.USART_SendData)
    UsageFault_Handler                       0x08001917   Thumb Code     4  stm32f4xx_it.o(i.UsageFault_Handler)
    Write_IIC_Command                        0x0800191b   Thumb Code    44  iic_oled.o(i.Write_IIC_Command)
    Write_IIC_Data                           0x08001947   Thumb Code    44  iic_oled.o(i.Write_IIC_Data)
    __0printf                                0x08001975   Thumb Code    22  printfa.o(i.__0printf)
    __1printf                                0x08001975   Thumb Code     0  printfa.o(i.__0printf)
    __2printf                                0x08001975   Thumb Code     0  printfa.o(i.__0printf)
    __c89printf                              0x08001975   Thumb Code     0  printfa.o(i.__0printf)
    printf                                   0x08001975   Thumb Code     0  printfa.o(i.__0printf)
    __0sprintf                               0x08001995   Thumb Code    34  printfa.o(i.__0sprintf)
    __1sprintf                               0x08001995   Thumb Code     0  printfa.o(i.__0sprintf)
    __2sprintf                               0x08001995   Thumb Code     0  printfa.o(i.__0sprintf)
    __c89sprintf                             0x08001995   Thumb Code     0  printfa.o(i.__0sprintf)
    sprintf                                  0x08001995   Thumb Code     0  printfa.o(i.__0sprintf)
    __scatterload_copy                       0x080019bd   Thumb Code    14  handlers.o(i.__scatterload_copy)
    __scatterload_null                       0x080019cb   Thumb Code     2  handlers.o(i.__scatterload_null)
    __scatterload_zeroinit                   0x080019cd   Thumb Code    14  handlers.o(i.__scatterload_zeroinit)
    delay_ms                                 0x08002401   Thumb Code    60  delay.o(i.delay_ms)
    delay_us                                 0x08002441   Thumb Code   108  delay.o(i.delay_us)
    fputc                                    0x080024b5   Thumb Code    32  uart.o(i.fputc)
    main                                     0x080024d9   Thumb Code   122  main.o(i.main)
    pvPortMalloc                             0x08002fb5   Thumb Code   296  heap_4.o(i.pvPortMalloc)
    pvTaskIncrementMutexHeldCount            0x080030f1   Thumb Code    26  tasks.o(i.pvTaskIncrementMutexHeldCount)
    pxPortInitialiseStack                    0x08003111   Thumb Code    38  port.o(i.pxPortInitialiseStack)
    uxListRemove                             0x0800313d   Thumb Code    40  list.o(i.uxListRemove)
    vListInitialise                          0x08003165   Thumb Code    26  list.o(i.vListInitialise)
    vListInitialiseItem                      0x0800317f   Thumb Code     6  list.o(i.vListInitialiseItem)
    vListInsert                              0x08003185   Thumb Code    52  list.o(i.vListInsert)
    vListInsertEnd                           0x080031b9   Thumb Code    24  list.o(i.vListInsertEnd)
    vPortEnterCritical                       0x080031d1   Thumb Code    76  port.o(i.vPortEnterCritical)
    vPortExitCritical                        0x08003225   Thumb Code    56  port.o(i.vPortExitCritical)
    vPortFree                                0x08003261   Thumb Code   140  heap_4.o(i.vPortFree)
    vPortSetupTimerInterrupt                 0x080032f5   Thumb Code    36  port.o(i.vPortSetupTimerInterrupt)
    vPortValidateInterruptPriority           0x0800331d   Thumb Code   106  port.o(i.vPortValidateInterruptPriority)
    vQueueAddToRegistry                      0x08003395   Thumb Code    38  queue.o(i.vQueueAddToRegistry)
    vQueueWaitForMessageRestricted           0x080033c1   Thumb Code    74  queue.o(i.vQueueWaitForMessageRestricted)
    vTaskDelay                               0x0800340d   Thumb Code    82  tasks.o(i.vTaskDelay)
    vTaskInternalSetTimeOutState             0x08003469   Thumb Code    14  tasks.o(i.vTaskInternalSetTimeOutState)
    vTaskMissedYield                         0x08003481   Thumb Code     8  tasks.o(i.vTaskMissedYield)
    vTaskPlaceOnEventList                    0x0800348d   Thumb Code    52  tasks.o(i.vTaskPlaceOnEventList)
    vTaskPlaceOnEventListRestricted          0x080034c5   Thumb Code    60  tasks.o(i.vTaskPlaceOnEventListRestricted)
    vTaskPriorityDisinheritAfterTimeout      0x08003505   Thumb Code   230  tasks.o(i.vTaskPriorityDisinheritAfterTimeout)
    vTaskStartScheduler                      0x080035f9   Thumb Code   118  tasks.o(i.vTaskStartScheduler)
    vTaskSuspendAll                          0x0800368d   Thumb Code    12  tasks.o(i.vTaskSuspendAll)
    vTaskSwitchContext                       0x0800369d   Thumb Code   118  tasks.o(i.vTaskSwitchContext)
    xPortStartScheduler                      0x08003729   Thumb Code   330  port.o(i.xPortStartScheduler)
    xQueueCreateMutex                        0x08003891   Thumb Code    34  queue.o(i.xQueueCreateMutex)
    xQueueGenericCreate                      0x080038b3   Thumb Code    90  queue.o(i.xQueueGenericCreate)
    xQueueGenericReset                       0x0800390d   Thumb Code   146  queue.o(i.xQueueGenericReset)
    xQueueGenericSend                        0x080039a5   Thumb Code   420  queue.o(i.xQueueGenericSend)
    xQueueGenericSendFromISR                 0x08003b4d   Thumb Code   248  queue.o(i.xQueueGenericSendFromISR)
    xQueueReceive                            0x08003c45   Thumb Code   356  queue.o(i.xQueueReceive)
    xQueueSemaphoreTake                      0x08003dad   Thumb Code   434  queue.o(i.xQueueSemaphoreTake)
    xTaskCheckForTimeOut                     0x08003f65   Thumb Code   132  tasks.o(i.xTaskCheckForTimeOut)
    xTaskCreate                              0x08003ff1   Thumb Code    96  tasks.o(i.xTaskCreate)
    xTaskGetSchedulerState                   0x08004051   Thumb Code    24  tasks.o(i.xTaskGetSchedulerState)
    xTaskGetTickCount                        0x08004071   Thumb Code     6  tasks.o(i.xTaskGetTickCount)
    xTaskIncrementTick                       0x0800407d   Thumb Code   282  tasks.o(i.xTaskIncrementTick)
    xTaskPriorityDisinherit                  0x080041c5   Thumb Code   188  tasks.o(i.xTaskPriorityDisinherit)
    xTaskPriorityInherit                     0x0800428d   Thumb Code   186  tasks.o(i.xTaskPriorityInherit)
    xTaskRemoveFromEventList                 0x08004355   Thumb Code   128  tasks.o(i.xTaskRemoveFromEventList)
    xTaskResumeAll                           0x080043ed   Thumb Code   224  tasks.o(i.xTaskResumeAll)
    xTimerCreateTimerTask                    0x080044f1   Thumb Code    66  timers.o(i.xTimerCreateTimerTask)
    xTimerGenericCommand                     0x08004549   Thumb Code   126  timers.o(i.xTimerGenericCommand)
    F6x8                                     0x080045cc   Data         552  iic_oled_font.o(.constdata)
    F8X16                                    0x080047f4   Data        1520  iic_oled_font.o(.constdata)
    Region$$Table$$Base                      0x08004de4   Number         0  anon$$obj.o(Region$$Table)
    Region$$Table$$Limit                     0x08004e14   Number         0  anon$$obj.o(Region$$Table)
    hc_sr04_dis                              0x1000000c   Data           4  main.o(.data)
    dht11_buf                                0x10000010   Data           5  main.o(.data)
    SystemCoreClock                          0x10000018   Data           4  system_stm32f4xx.o(.data)
    AHBPrescTable                            0x1000001c   Data          16  system_stm32f4xx.o(.data)
    Hzk                                      0x1000002c   Data         512  iic_oled_font.o(.data)
    u1_count                                 0x10000230   Data           1  uart.o(.data)
    u1_flag                                  0x10000231   Data           1  uart.o(.data)
    __stdout                                 0x10000234   Data           4  uart.o(.data)
    __stdin                                  0x10000238   Data           4  uart.o(.data)
    pxCurrentTCB                             0x1000024c   Data           4  tasks.o(.data)
    u1_recvbuf                               0x100002c0   Data         256  uart.o(.bss)
    xQueueRegistry                           0x100003c0   Data          64  queue.o(.bss)
    __initial_sp                             0x100024f0   Data           0  startup_stm32f40_41xxx.o(STACK)



==============================================================================

Memory Map of the image

  Image Entry point : 0x08000189

  Load Region LR_IROM1 (Base: 0x08000000, Size: 0x000050d4, Max: 0x00080000, ABSOLUTE, COMPRESSED[0x00004ee8])

    Execution Region ER_IROM1 (Base: 0x08000000, Size: 0x00004e14, Max: 0x00080000, ABSOLUTE)

    Base Addr    Size         Type   Attr      Idx    E Section Name        Object

    0x08000000   0x00000188   Data   RO         2415    RESET               startup_stm32f40_41xxx.o
    0x08000188   0x00000000   Code   RO         4272  * .ARM.Collect$$$$00000000  mc_w.l(entry.o)
    0x08000188   0x00000004   Code   RO         4606    .ARM.Collect$$$$00000001  mc_w.l(entry2.o)
    0x0800018c   0x00000004   Code   RO         4609    .ARM.Collect$$$$00000004  mc_w.l(entry5.o)
    0x08000190   0x00000000   Code   RO         4611    .ARM.Collect$$$$00000008  mc_w.l(entry7b.o)
    0x08000190   0x00000000   Code   RO         4613    .ARM.Collect$$$$0000000A  mc_w.l(entry8b.o)
    0x08000190   0x00000008   Code   RO         4614    .ARM.Collect$$$$0000000B  mc_w.l(entry9a.o)
    0x08000198   0x00000000   Code   RO         4616    .ARM.Collect$$$$0000000D  mc_w.l(entry10a.o)
    0x08000198   0x00000000   Code   RO         4618    .ARM.Collect$$$$0000000F  mc_w.l(entry11a.o)
    0x08000198   0x00000004   Code   RO         4607    .ARM.Collect$$$$00002712  mc_w.l(entry2.o)
    0x0800019c   0x000000be   Code   RO         4183    .emb_text           port.o
    0x0800025a   0x00000002   PAD
    0x0800025c   0x00000024   Code   RO         2416    .text               startup_stm32f40_41xxx.o
    0x08000280   0x00000024   Code   RO         4277    .text               mc_w.l(memcpya.o)
    0x080002a4   0x00000024   Code   RO         4281    .text               mc_w.l(memseta.o)
    0x080002c8   0x0000014e   Code   RO         4588    .text               mf_w.l(dadd.o)
    0x08000416   0x000000e4   Code   RO         4590    .text               mf_w.l(dmul.o)
    0x080004fa   0x000000de   Code   RO         4592    .text               mf_w.l(ddiv.o)
    0x080005d8   0x00000026   Code   RO         4598    .text               mf_w.l(f2d.o)
    0x080005fe   0x00000002   PAD
    0x08000600   0x00000030   Code   RO         4602    .text               mf_w.l(cdrcmple.o)
    0x08000630   0x00000038   Code   RO         4604    .text               mf_w.l(d2f.o)
    0x08000668   0x0000002c   Code   RO         4620    .text               mc_w.l(uidiv.o)
    0x08000694   0x00000062   Code   RO         4622    .text               mc_w.l(uldiv.o)
    0x080006f6   0x0000001e   Code   RO         4624    .text               mc_w.l(llshl.o)
    0x08000714   0x00000020   Code   RO         4626    .text               mc_w.l(llushr.o)
    0x08000734   0x00000024   Code   RO         4628    .text               mc_w.l(llsshr.o)
    0x08000758   0x00000000   Code   RO         4638    .text               mc_w.l(iusefp.o)
    0x08000758   0x0000006e   Code   RO         4639    .text               mf_w.l(fepilogue.o)
    0x080007c6   0x000000ba   Code   RO         4641    .text               mf_w.l(depilogue.o)
    0x08000880   0x00000030   Code   RO         4645    .text               mf_w.l(dfixul.o)
    0x080008b0   0x00000024   Code   RO         4647    .text               mc_w.l(init.o)
    0x080008d4   0x00000056   Code   RO         4664    .text               mc_w.l(__dczerorl2.o)
    0x0800092a   0x00000002   PAD
    0x0800092c   0x00000040   Code   RO          390    i.BUZZER_Init       buzzer.o
    0x0800096c   0x00000004   Code   RO          234    i.BusFault_Handler  stm32f4xx_it.o
    0x08000970   0x0000001e   Code   RO          785    i.DELAY_MyNms       delay.o
    0x0800098e   0x00000002   PAD
    0x08000990   0x00000154   Code   RO          534    i.DHT11_GetData     dht11.o
    0x08000ae4   0x00000040   Code   RO          535    i.DHT11_Init        dht11.o
    0x08000b24   0x00000050   Code   RO          536    i.DHT11_SelectMode  dht11.o
    0x08000b74   0x00000002   Code   RO          235    i.DebugMon_Handler  stm32f4xx_it.o
    0x08000b76   0x00000090   Code   RO         1014    i.GPIO_Init         stm32f4xx_gpio.o
    0x08000c06   0x00000046   Code   RO         1015    i.GPIO_PinAFConfig  stm32f4xx_gpio.o
    0x08000c4c   0x000000d4   Code   RO          566    i.HC_SR04_GetDis    hc_sr04.o
    0x08000d20   0x0000005c   Code   RO          567    i.HC_SR04_Init      hc_sr04.o
    0x08000d7c   0x00000004   Code   RO          236    i.HardFault_Handler  stm32f4xx_it.o
    0x08000d80   0x0000012c   Code   RO          594    i.IIC_OLED_Init     iic_oled.o
    0x08000eac   0x00000044   Code   RO          595    i.IIC_OLED_RecvAck  iic_oled.o
    0x08000ef0   0x0000004c   Code   RO          596    i.IIC_OLED_SelectMode  iic_oled.o
    0x08000f3c   0x00000074   Code   RO          597    i.IIC_OLED_SendByte  iic_oled.o
    0x08000fb0   0x00000040   Code   RO          598    i.IIC_OLED_Start    iic_oled.o
    0x08000ff0   0x00000040   Code   RO          599    i.IIC_OLED_Stop     iic_oled.o
    0x08001030   0x00000040   Code   RO          457    i.KEY_Init          key.o
    0x08001070   0x00000074   Code   RO          485    i.LED_Init          led.o
    0x080010e4   0x00000004   Code   RO          237    i.MemManage_Handler  stm32f4xx_it.o
    0x080010e8   0x00000002   Code   RO          238    i.NMI_Handler       stm32f4xx_it.o
    0x080010ea   0x00000002   PAD
    0x080010ec   0x00000078   Code   RO          907    i.NVIC_Init         misc.o
    0x08001164   0x00000014   Code   RO          908    i.NVIC_PriorityGroupConfig  misc.o
    0x08001178   0x0000003e   Code   RO          600    i.OLED_Clear        iic_oled.o
    0x080011b6   0x00000028   Code   RO          605    i.OLED_Set_Pos      iic_oled.o
    0x080011de   0x00000002   PAD
    0x080011e0   0x00000068   Code   RO          606    i.OLED_ShowCHinese  iic_oled.o
    0x08001248   0x000000a4   Code   RO          607    i.OLED_ShowChar     iic_oled.o
    0x080012ec   0x0000003a   Code   RO          609    i.OLED_ShowString   iic_oled.o
    0x08001326   0x00000018   Code   RO          610    i.OLED_WR_Byte      iic_oled.o
    0x0800133e   0x00000002   PAD
    0x08001340   0x00000020   Code   RO         1111    i.RCC_AHB1PeriphClockCmd  stm32f4xx_rcc.o
    0x08001360   0x00000020   Code   RO         1123    i.RCC_APB2PeriphClockCmd  stm32f4xx_rcc.o
    0x08001380   0x000000e8   Code   RO         1132    i.RCC_GetClocksFreq  stm32f4xx_rcc.o
    0x08001468   0x000000ec   Code   RO          287    i.SetSysClock       system_stm32f4xx.o
    0x08001554   0x00000034   Code   RO         4184    i.SysTick_Handler   port.o
    0x08001588   0x00000068   Code   RO          289    i.SystemInit        system_stm32f4xx.o
    0x080015f0   0x000000c4   Code   RO          834    i.UART1_Init        uart.o
    0x080016b4   0x0000008c   Code   RO          836    i.USART1_IRQHandler  uart.o
    0x08001740   0x0000001e   Code   RO         2064    i.USART_ClearITPendingBit  stm32f4xx_usart.o
    0x0800175e   0x00000018   Code   RO         2067    i.USART_Cmd         stm32f4xx_usart.o
    0x08001776   0x0000001a   Code   RO         2070    i.USART_GetFlagStatus  stm32f4xx_usart.o
    0x08001790   0x00000054   Code   RO         2071    i.USART_GetITStatus  stm32f4xx_usart.o
    0x080017e4   0x0000004a   Code   RO         2073    i.USART_ITConfig    stm32f4xx_usart.o
    0x0800182e   0x00000002   PAD
    0x08001830   0x000000d4   Code   RO         2074    i.USART_Init        stm32f4xx_usart.o
    0x08001904   0x0000000a   Code   RO         2081    i.USART_ReceiveData  stm32f4xx_usart.o
    0x0800190e   0x00000008   Code   RO         2084    i.USART_SendData    stm32f4xx_usart.o
    0x08001916   0x00000004   Code   RO          239    i.UsageFault_Handler  stm32f4xx_it.o
    0x0800191a   0x0000002c   Code   RO          611    i.Write_IIC_Command  iic_oled.o
    0x08001946   0x0000002c   Code   RO          612    i.Write_IIC_Data    iic_oled.o
    0x08001972   0x00000002   PAD
    0x08001974   0x00000020   Code   RO         4526    i.__0printf         mc_w.l(printfa.o)
    0x08001994   0x00000028   Code   RO         4528    i.__0sprintf        mc_w.l(printfa.o)
    0x080019bc   0x0000000e   Code   RO         4658    i.__scatterload_copy  mc_w.l(handlers.o)
    0x080019ca   0x00000002   Code   RO         4659    i.__scatterload_null  mc_w.l(handlers.o)
    0x080019cc   0x0000000e   Code   RO         4660    i.__scatterload_zeroinit  mc_w.l(handlers.o)
    0x080019da   0x00000002   PAD
    0x080019dc   0x00000164   Code   RO         4533    i._fp_digits        mc_w.l(printfa.o)
    0x08001b40   0x000006dc   Code   RO         4534    i._printf_core      mc_w.l(printfa.o)
    0x0800221c   0x00000024   Code   RO         4535    i._printf_post_padding  mc_w.l(printfa.o)
    0x08002240   0x0000002e   Code   RO         4536    i._printf_pre_padding  mc_w.l(printfa.o)
    0x0800226e   0x0000000a   Code   RO         4538    i._sputc            mc_w.l(printfa.o)
    0x08002278   0x000000e4   Code   RO            3    i.app_task1         main.o
    0x0800235c   0x000000a4   Code   RO            4    i.app_task2         main.o
    0x08002400   0x00000040   Code   RO          787    i.delay_ms          delay.o
    0x08002440   0x00000074   Code   RO          788    i.delay_us          delay.o
    0x080024b4   0x00000024   Code   RO          838    i.fputc             uart.o
    0x080024d8   0x000000e0   Code   RO            5    i.main              main.o
    0x080025b8   0x00000098   Code   RO         3631    i.prvAddCurrentTaskToDelayedList  tasks.o
    0x08002650   0x000000b8   Code   RO         3632    i.prvAddNewTaskToReadyList  tasks.o
    0x08002708   0x00000064   Code   RO         3983    i.prvCheckForValidListAndQueue  timers.o
    0x0800276c   0x00000048   Code   RO         3633    i.prvCheckTasksWaitingTermination  tasks.o
    0x080027b4   0x0000002a   Code   RO         3257    i.prvCopyDataFromQueue  queue.o
    0x080027de   0x0000007e   Code   RO         3258    i.prvCopyDataToQueue  queue.o
    0x0800285c   0x00000012   Code   RO         3634    i.prvDeleteTCB      tasks.o
    0x0800286e   0x00000014   Code   RO         3259    i.prvGetDisinheritPriorityAfterTimeout  queue.o
    0x08002882   0x00000002   PAD
    0x08002884   0x00000028   Code   RO         3984    i.prvGetNextExpireTime  timers.o
    0x080028ac   0x0000007c   Code   RO         4134    i.prvHeapInit       heap_4.o
    0x08002928   0x00000028   Code   RO         3635    i.prvIdleTask       tasks.o
    0x08002950   0x0000001e   Code   RO         3260    i.prvInitialiseMutex  queue.o
    0x0800296e   0x0000002a   Code   RO         3261    i.prvInitialiseNewQueue  queue.o
    0x08002998   0x000000be   Code   RO         3636    i.prvInitialiseNewTask  tasks.o
    0x08002a56   0x00000002   PAD
    0x08002a58   0x00000068   Code   RO         3637    i.prvInitialiseTaskLists  tasks.o
    0x08002ac0   0x00000068   Code   RO         4135    i.prvInsertBlockIntoFreeList  heap_4.o
    0x08002b28   0x00000058   Code   RO         3986    i.prvInsertTimerInActiveList  timers.o
    0x08002b80   0x0000001a   Code   RO         3262    i.prvIsQueueEmpty   queue.o
    0x08002b9a   0x0000001e   Code   RO         3263    i.prvIsQueueFull    queue.o
    0x08002bb8   0x00000074   Code   RO         3987    i.prvProcessExpiredTimer  timers.o
    0x08002c2c   0x00000138   Code   RO         3988    i.prvProcessReceivedCommands  timers.o
    0x08002d64   0x00000074   Code   RO         3989    i.prvProcessTimerOrBlockTask  timers.o
    0x08002dd8   0x00000034   Code   RO         3639    i.prvResetNextTaskUnblockTime  tasks.o
    0x08002e0c   0x0000002c   Code   RO         3990    i.prvSampleTimeNow  timers.o
    0x08002e38   0x000000a4   Code   RO         3991    i.prvSwitchTimerLists  timers.o
    0x08002edc   0x00000040   Code   RO         4185    i.prvTaskExitError  port.o
    0x08002f1c   0x0000001a   Code   RO         3992    i.prvTimerTask      timers.o
    0x08002f36   0x0000007e   Code   RO         3264    i.prvUnlockQueue    queue.o
    0x08002fb4   0x0000013c   Code   RO         4136    i.pvPortMalloc      heap_4.o
    0x080030f0   0x00000020   Code   RO         3642    i.pvTaskIncrementMutexHeldCount  tasks.o
    0x08003110   0x0000002c   Code   RO         4186    i.pxPortInitialiseStack  port.o
    0x0800313c   0x00000028   Code   RO         3217    i.uxListRemove      list.o
    0x08003164   0x0000001a   Code   RO         3218    i.vListInitialise   list.o
    0x0800317e   0x00000006   Code   RO         3219    i.vListInitialiseItem  list.o
    0x08003184   0x00000034   Code   RO         3220    i.vListInsert       list.o
    0x080031b8   0x00000018   Code   RO         3221    i.vListInsertEnd    list.o
    0x080031d0   0x00000054   Code   RO         4188    i.vPortEnterCritical  port.o
    0x08003224   0x0000003c   Code   RO         4189    i.vPortExitCritical  port.o
    0x08003260   0x00000094   Code   RO         4137    i.vPortFree         heap_4.o
    0x080032f4   0x00000028   Code   RO         4190    i.vPortSetupTimerInterrupt  port.o
    0x0800331c   0x00000078   Code   RO         4191    i.vPortValidateInterruptPriority  port.o
    0x08003394   0x0000002c   Code   RO         3270    i.vQueueAddToRegistry  queue.o
    0x080033c0   0x0000004a   Code   RO         3274    i.vQueueWaitForMessageRestricted  queue.o
    0x0800340a   0x00000002   PAD
    0x0800340c   0x0000005c   Code   RO         3650    i.vTaskDelay        tasks.o
    0x08003468   0x00000018   Code   RO         3655    i.vTaskInternalSetTimeOutState  tasks.o
    0x08003480   0x0000000c   Code   RO         3656    i.vTaskMissedYield  tasks.o
    0x0800348c   0x00000038   Code   RO         3658    i.vTaskPlaceOnEventList  tasks.o
    0x080034c4   0x00000040   Code   RO         3659    i.vTaskPlaceOnEventListRestricted  tasks.o
    0x08003504   0x000000f4   Code   RO         3661    i.vTaskPriorityDisinheritAfterTimeout  tasks.o
    0x080035f8   0x00000094   Code   RO         3667    i.vTaskStartScheduler  tasks.o
    0x0800368c   0x00000010   Code   RO         3669    i.vTaskSuspendAll   tasks.o
    0x0800369c   0x0000008c   Code   RO         3670    i.vTaskSwitchContext  tasks.o
    0x08003728   0x00000168   Code   RO         4192    i.xPortStartScheduler  port.o
    0x08003890   0x00000022   Code   RO         3276    i.xQueueCreateMutex  queue.o
    0x080038b2   0x0000005a   Code   RO         3277    i.xQueueGenericCreate  queue.o
    0x0800390c   0x00000098   Code   RO         3278    i.xQueueGenericReset  queue.o
    0x080039a4   0x000001a8   Code   RO         3279    i.xQueueGenericSend  queue.o
    0x08003b4c   0x000000f8   Code   RO         3280    i.xQueueGenericSendFromISR  queue.o
    0x08003c44   0x00000168   Code   RO         3287    i.xQueueReceive     queue.o
    0x08003dac   0x000001b8   Code   RO         3289    i.xQueueSemaphoreTake  queue.o
    0x08003f64   0x0000008c   Code   RO         3671    i.xTaskCheckForTimeOut  tasks.o
    0x08003ff0   0x00000060   Code   RO         3672    i.xTaskCreate       tasks.o
    0x08004050   0x00000020   Code   RO         3676    i.xTaskGetSchedulerState  tasks.o
    0x08004070   0x0000000c   Code   RO         3677    i.xTaskGetTickCount  tasks.o
    0x0800407c   0x00000148   Code   RO         3679    i.xTaskIncrementTick  tasks.o
    0x080041c4   0x000000c8   Code   RO         3682    i.xTaskPriorityDisinherit  tasks.o
    0x0800428c   0x000000c8   Code   RO         3683    i.xTaskPriorityInherit  tasks.o
    0x08004354   0x00000098   Code   RO         3684    i.xTaskRemoveFromEventList  tasks.o
    0x080043ec   0x00000104   Code   RO         3685    i.xTaskResumeAll    tasks.o
    0x080044f0   0x00000058   Code   RO         3999    i.xTimerCreateTimerTask  timers.o
    0x08004548   0x00000084   Code   RO         4000    i.xTimerGenericCommand  timers.o
    0x080045cc   0x00000818   Data   RO          764    .constdata          iic_oled_font.o
    0x08004de4   0x00000030   Data   RO         4656    Region$$Table       anon$$obj.o


    Execution Region RW_IRAM2 (Base: 0x10000000, Size: 0x000024f0, Max: 0x00010000, ABSOLUTE, COMPRESSED[0x000000d4])

    Base Addr    Size         Type   Attr      Idx    E Section Name        Object

    0x10000000   0x00000015   Data   RW            6    .data               main.o
    0x10000015   0x00000003   PAD
    0x10000018   0x00000014   Data   RW          290    .data               system_stm32f4xx.o
    0x1000002c   0x00000200   Data   RW          765    .data               iic_oled_font.o
    0x1000022c   0x00000004   Data   RW          789    .data               delay.o
    0x10000230   0x0000000c   Data   RW          840    .data               uart.o
    0x1000023c   0x00000010   Data   RW         1164    .data               stm32f4xx_rcc.o
    0x1000024c   0x0000003c   Data   RW         3688    .data               tasks.o
    0x10000288   0x00000014   Data   RW         4006    .data               timers.o
    0x1000029c   0x00000018   Data   RW         4142    .data               heap_4.o
    0x100002b4   0x0000000c   Data   RW         4193    .data               port.o
    0x100002c0   0x00000100   Zero   RW          839    .bss                uart.o
    0x100003c0   0x00000040   Zero   RW         3291    .bss                queue.o
    0x10000400   0x000000c8   Zero   RW         3687    .bss                tasks.o
    0x100004c8   0x00000028   Zero   RW         4005    .bss                timers.o
    0x100004f0   0x00002000   Zero   RW         2413    STACK               startup_stm32f40_41xxx.o


    Execution Region RW_IRAM1 (Base: 0x20000000, Size: 0x00012c00, Max: 0x00020000, ABSOLUTE)

    Base Addr    Size         Type   Attr      Idx    E Section Name        Object

    0x20000000   0x00012c00   Zero   RW         4141    .bss                heap_4.o


==============================================================================

Image component sizes


      Code (inc. data)   RO Data    RW Data    ZI Data      Debug   Object Name

        64         10          0          0          0     230042   buzzer.o
       210         12          0          4          0       2400   delay.o
       484         24          0          0          0       3008   dht11.o
         0          0          0          0          0       8460   event_groups.o
       304         58          0          0          0       1628   hc_sr04.o
       692         62          0         24      76800       4827   heap_4.o
      1228         84          0          0          0      10967   iic_oled.o
         0          0       2072        512          0        873   iic_oled_font.o
        64         10          0          0          0       2131   key.o
       116         24          0          0          0        659   led.o
       148          0          0          0          0       3878   list.o
       616        144          0         21          0      51443   main.o
       140         24          0          0          0       1847   misc.o
      1014         92          0         12          0      12245   port.o
      2308         26          0          0         64      20844   queue.o
        36          8        392          0       8192        904   startup_stm32f40_41xxx.o
       214          0          0          0          0       2063   stm32f4xx_gpio.o
        20          0          0          0          0       3329   stm32f4xx_it.o
       296         30          0         16          0       4538   stm32f4xx_rcc.o
       468          8          0          0          0       6987   stm32f4xx_usart.o
       340         32          0         20          0       2149   system_stm32f4xx.o
      3060        382          0         60        200      29247   tasks.o
      1226        116          0         20         40      21815   timers.o
       372         32          0         12        256       7259   uart.o

    ----------------------------------------------------------------------
     13440       1178       2512        704      85552     433543   Object Totals
         0          0         48          0          0          0   (incl. Generated)
        20          0          0          3          0          0   (incl. Padding)

    ----------------------------------------------------------------------

      Code (inc. data)   RO Data    RW Data    ZI Data      Debug   Library Member Name

        86          0          0          0          0          0   __dczerorl2.o
         0          0          0          0          0          0   entry.o
         0          0          0          0          0          0   entry10a.o
         0          0          0          0          0          0   entry11a.o
         8          4          0          0          0          0   entry2.o
         4          0          0          0          0          0   entry5.o
         0          0          0          0          0          0   entry7b.o
         0          0          0          0          0          0   entry8b.o
         8          4          0          0          0          0   entry9a.o
        30          0          0          0          0          0   handlers.o
        36          8          0          0          0         68   init.o
         0          0          0          0          0          0   iusefp.o
        30          0          0          0          0         68   llshl.o
        36          0          0          0          0         68   llsshr.o
        32          0          0          0          0         68   llushr.o
        36          0          0          0          0         68   memcpya.o
        36          0          0          0          0        108   memseta.o
      2276         96          0          0          0        596   printfa.o
        44          0          0          0          0         80   uidiv.o
        98          0          0          0          0         92   uldiv.o
        48          0          0          0          0         68   cdrcmple.o
        56          0          0          0          0         88   d2f.o
       334          0          0          0          0        148   dadd.o
       222          0          0          0          0        100   ddiv.o
       186          0          0          0          0        176   depilogue.o
        48          0          0          0          0         68   dfixul.o
       228          0          0          0          0         96   dmul.o
        38          0          0          0          0         68   f2d.o
       110          0          0          0          0        168   fepilogue.o

    ----------------------------------------------------------------------
      4036        112          0          0          0       2196   Library Totals
         6          0          0          0          0          0   (incl. Padding)

    ----------------------------------------------------------------------

      Code (inc. data)   RO Data    RW Data    ZI Data      Debug   Library Name

      2760        112          0          0          0       1216   mc_w.l
      1270          0          0          0          0        980   mf_w.l

    ----------------------------------------------------------------------
      4036        112          0          0          0       2196   Library Totals

    ----------------------------------------------------------------------

==============================================================================


      Code (inc. data)   RO Data    RW Data    ZI Data      Debug   

     17476       1290       2512        704      85552     422731   Grand Totals
     17476       1290       2512        212      85552     422731   ELF Image Totals (compressed)
     17476       1290       2512        212          0          0   ROM Totals

==============================================================================

    Total RO  Size (Code + RO Data)                19988 (  19.52kB)
    Total RW  Size (RW Data + ZI Data)             86256 (  84.23kB)
    Total ROM Size (Code + RO Data + RW Data)      20200 (  19.73kB)

==============================================================================

