<html>
<body>
<pre>
<h1>礦ision Build Log</h1>
<h2>Tool Versions:</h2>
IDE-Version: μVision V5.14.0.0
Copyright (C) 2015 ARM Ltd and ARM Germany GmbH. All rights reserved.
License Information: 11 asus, asus, LIC=LJWP0-BVMZZ-067QU-SGY6F-NC0LC-FZJJ1
 
Tool Versions:
Toolchain:       MDK-ARM Professional  Version: 5.14.0.0
Toolchain Path:  D:\Area_Development Tool\MdkKeil5\ARM\ARMCC\Bin
C Compiler:      Armcc.exe V5.05 update 1 (build 106)
Assembler:       Armasm.exe V5.05 update 1 (build 106)
Linker/Locator:  ArmLink.exe V5.05 update 1 (build 106)
Library Manager: ArmAr.exe V5.05 update 1 (build 106)
Hex Converter:   FromElf.exe V5.05 update 1 (build 106)
CPU DLL:         SARMCM3.DLL V5.14.0.0
Dialog DLL:      DCM.DLL V1.13.1.0
Target DLL:      Segger\JL2CM3.dll V2.99.13.0
Dialog DLL:      TCM.DLL V1.14.4.0
 
<h2>Project:</h2>
G:\嵌入式学习\feiqiu嵌入式飞秋\2.1阶段3-STM32班\013__FreeRTOS实时操作系统\011__互斥锁+超声波和温湿度模块共用oled模块\USER\stm32_project.uvprojx
Project File Date:  04/15/2026

<h2>Output:</h2>
Build target 'PROJECT'
compiling main.c...
compiling stm32f4xx_it.c...
compiling system_stm32f4xx.c...
compiling my_config.c...
compiling my_lib.c...
compiling my_reg.c...
compiling buzzer.c...
compiling key.c...
compiling led.c...
compiling dht11.c...
compiling hc_sr04.c...
..\MYM4_LIB\hc_sr04\hc_sr04.c(90): warning:  #1035-D: single-precision operand implicitly converted to double-precision
        dis_val = count*error_coefficient/2.0;  // 鍒╃敤鍦ㄧ┖姘斾腑澹伴煶鐨勯�熷害(鍗曚綅锛氭绫崇骇)
..\MYM4_LIB\hc_sr04\hc_sr04.c: 1 warning, 0 errors
compiling iic_oled.c...
compiling iic_oled_bmp.c...
compiling iic_oled_font.c...
compiling delay.c...
..\SYSTEM\delay\delay.c(5): warning:  #550-D: variable "fac_us" was set but never used
  static u8  fac_us=0;                  // us延时倍乘数                    
..\SYSTEM\delay\delay.c: 1 warning, 0 errors
compiling uart.c...
compiling misc.c...
compiling stm32f4xx_exti.c...
compiling stm32f4xx_gpio.c...
compiling stm32f4xx_rcc.c...
compiling stm32f4xx_syscfg.c...
compiling stm32f4xx_tim.c...
compiling stm32f4xx_usart.c...
compiling stm32f4xx_spi.c...
assembling startup_stm32f40_41xxx.s...
compiling cJSON.c...
compiling croutine.c...
compiling event_groups.c...
compiling list.c...
compiling queue.c...
compiling stream_buffer.c...
compiling tasks.c...
compiling timers.c...
compiling heap_4.c...
compiling port.c...
linking...
Program Size: Code=17476 RO-data=2512 RW-data=704 ZI-data=85552  
FromELF: creating hex file...
"..\OBJ\stm32_project.axf" - 0 Error(s), 2 Warning(s).

<h2>Collection of Component include folders:</h2>
  G:\嵌入式学习\feiqiu嵌入式飞秋\2.1阶段3-STM32班\013__FreeRTOS实时操作系统\011__互斥锁+超声波和温湿度模块共用oled模块\USER\RTE
  D:\Area_Development Tool\MdkKeil5\ARM\PACK\Keil\STM32F4xx_DFP\1.0.8\Device\Include

<h2>Collection of Component Files used:</h2>
</pre>
</body>
</html>
