Component: ARM Compiler 5.05 update 1 (build 106) Tool: armlink [4d0efa]

==============================================================================

Section Cross References

    main.o(i.main) refers to _printf_percent.o(.ARM.Collect$$_printf_percent$$00000000) for _printf_percent
    main.o(i.main) refers to _printf_f.o(.ARM.Collect$$_printf_percent$$00000003) for _printf_f
    main.o(i.main) refers to printf1.o(x$fpl$printf1) for _printf_fp_dec
    main.o(i.main) refers to misc.o(i.NVIC_PriorityGroupConfig) for NVIC_PriorityGroupConfig
    main.o(i.main) refers to delay.o(i.DELAY_SysTickInit) for DELAY_SysTickInit
    main.o(i.main) refers to uart.o(i.UART1_Init) for UART1_Init
    main.o(i.main) refers to led.o(i.LED_Init) for LED_Init
    main.o(i.main) refers to buzzer.o(i.BUZZER_Init) for BUZZER_Init
    main.o(i.main) refers to key.o(i.KEY_Init) for KEY_Init
    main.o(i.main) refers to hc_sr04.o(i.HC_SR04_Init) for HC_SR04_Init
    main.o(i.main) refers to noretval__2printf.o(.text) for __2printf
    main.o(i.main) refers to hc_sr04.o(i.HC_SR04_GetDis) for HC_SR04_GetDis
    main.o(i.main) refers to drleqf.o(x$fpl$drleqf) for __aeabi_cdrcmple
    main.o(i.main) refers to dleqf.o(x$fpl$dleqf) for __aeabi_cdcmple
    main.o(i.main) refers to delay.o(i.delay_ms) for delay_ms
    system_stm32f4xx.o(i.SystemCoreClockUpdate) refers to system_stm32f4xx.o(.data) for SystemCoreClock
    system_stm32f4xx.o(i.SystemInit) refers to system_stm32f4xx.o(i.SetSysClock) for SetSysClock
    buzzer.o(i.BUZZER_Init) refers to stm32f4xx_rcc.o(i.RCC_AHB1PeriphClockCmd) for RCC_AHB1PeriphClockCmd
    buzzer.o(i.BUZZER_Init) refers to stm32f4xx_gpio.o(i.GPIO_Init) for GPIO_Init
    buzzer.o(i.BUZZER_TipVoice) refers to delay.o(i.delay_ms) for delay_ms
    buzzer.o(i.BUZZER_WarnVoice) refers to delay.o(i.delay_ms) for delay_ms
    key.o(i.KEY_Init) refers to stm32f4xx_rcc.o(i.RCC_AHB1PeriphClockCmd) for RCC_AHB1PeriphClockCmd
    key.o(i.KEY_Init) refers to stm32f4xx_gpio.o(i.GPIO_Init) for GPIO_Init
    led.o(i.LED_HorseRunning) refers to led.o(i.LED_ON) for LED_ON
    led.o(i.LED_HorseRunning) refers to delay.o(i.delay_ms) for delay_ms
    led.o(i.LED_HorseRunning) refers to led.o(i.LED_OFF) for LED_OFF
    led.o(i.LED_Init) refers to stm32f4xx_rcc.o(i.RCC_AHB1PeriphClockCmd) for RCC_AHB1PeriphClockCmd
    led.o(i.LED_Init) refers to stm32f4xx_gpio.o(i.GPIO_Init) for GPIO_Init
    led.o(i.LED_ShowBin) refers to led.o(i.LED_ON) for LED_ON
    led.o(i.LED_ShowBin) refers to led.o(i.LED_OFF) for LED_OFF
    led.o(i.LED_WaterRunning) refers to led.o(i.LED_ON) for LED_ON
    led.o(i.LED_WaterRunning) refers to delay.o(i.delay_ms) for delay_ms
    led.o(i.LED_WaterRunning) refers to led.o(i.LED_OFF) for LED_OFF
    hc_sr04.o(i.HC_SR04_GetDis) refers to delay.o(i.delay_us) for delay_us
    hc_sr04.o(i.HC_SR04_GetDis) refers to f2d.o(x$fpl$f2d) for __aeabi_f2d
    hc_sr04.o(i.HC_SR04_GetDis) refers to ddiv.o(x$fpl$ddiv) for __aeabi_ddiv
    hc_sr04.o(i.HC_SR04_Init) refers to stm32f4xx_rcc.o(i.RCC_AHB1PeriphClockCmd) for RCC_AHB1PeriphClockCmd
    hc_sr04.o(i.HC_SR04_Init) refers to stm32f4xx_gpio.o(i.GPIO_Init) for GPIO_Init
    delay.o(i.DELAY_SysTickInit) refers to delay.o(.data) for sysclk_nus
    delay.o(i.delay_ms) refers to delay.o(.data) for sysclk_nms
    delay.o(i.delay_us) refers to delay.o(.data) for sysclk_nus
    uart.o(.rev16_text) refers (Special) to use_no_semi.o(.text) for __use_no_semihosting_swi
    uart.o(.revsh_text) refers (Special) to use_no_semi.o(.text) for __use_no_semihosting_swi
    uart.o(i.UART1_Init) refers (Special) to use_no_semi.o(.text) for __use_no_semihosting_swi
    uart.o(i.UART1_Init) refers to stm32f4xx_rcc.o(i.RCC_AHB1PeriphClockCmd) for RCC_AHB1PeriphClockCmd
    uart.o(i.UART1_Init) refers to stm32f4xx_rcc.o(i.RCC_APB2PeriphClockCmd) for RCC_APB2PeriphClockCmd
    uart.o(i.UART1_Init) refers to stm32f4xx_gpio.o(i.GPIO_PinAFConfig) for GPIO_PinAFConfig
    uart.o(i.UART1_Init) refers to stm32f4xx_gpio.o(i.GPIO_Init) for GPIO_Init
    uart.o(i.UART1_Init) refers to stm32f4xx_usart.o(i.USART_Init) for USART_Init
    uart.o(i.UART1_Init) refers to misc.o(i.NVIC_Init) for NVIC_Init
    uart.o(i.UART1_Init) refers to stm32f4xx_usart.o(i.USART_ITConfig) for USART_ITConfig
    uart.o(i.UART1_Init) refers to stm32f4xx_usart.o(i.USART_Cmd) for USART_Cmd
    uart.o(i.UART1_SendStr) refers (Special) to use_no_semi.o(.text) for __use_no_semihosting_swi
    uart.o(i.UART1_SendStr) refers to stm32f4xx_usart.o(i.USART_SendData) for USART_SendData
    uart.o(i.UART1_SendStr) refers to stm32f4xx_usart.o(i.USART_GetFlagStatus) for USART_GetFlagStatus
    uart.o(i.USART1_IRQHandler) refers (Special) to use_no_semi.o(.text) for __use_no_semihosting_swi
    uart.o(i.USART1_IRQHandler) refers to stm32f4xx_usart.o(i.USART_GetITStatus) for USART_GetITStatus
    uart.o(i.USART1_IRQHandler) refers to stm32f4xx_usart.o(i.USART_ReceiveData) for USART_ReceiveData
[...]
    Removing buzzer.o(i.BUZZER_TipVoice), (36 bytes).
    Removing buzzer.o(i.BUZZER_WarnVoice), (56 bytes).
    Removing key.o(.rev16_text), (4 bytes).
    Removing key.o(.revsh_text), (4 bytes).
    Removing led.o(.rev16_text), (4 bytes).
    Removing led.o(.revsh_text), (4 bytes).
    Removing led.o(i.LED_HorseRunning), (98 bytes).
    Removing led.o(i.LED_OFF), (100 bytes).
    Removing led.o(i.LED_ON), (100 bytes).
    Removing led.o(i.LED_ShowBin), (46 bytes).
    Removing led.o(i.LED_WaterRunning), (122 bytes).
    Removing hc_sr04.o(.rev16_text), (4 bytes).
    Removing hc_sr04.o(.revsh_text), (4 bytes).
    Removing delay.o(.rev16_text), (4 bytes).
    Removing delay.o(.revsh_text), (4 bytes).
    Removing delay.o(i.DELAY_MyNms), (30 bytes).
    Removing uart.o(.rev16_text), (4 bytes).
    Removing uart.o(.revsh_text), (4 bytes).
    Removing uart.o(i.UART1_SendStr), (44 bytes).
    Removing stm32f4xx_gpio.o(.rev16_text), (4 bytes).
    Removing stm32f4xx_gpio.o(.revsh_text), (4 bytes).
    Removing stm32f4xx_gpio.o(i.GPIO_DeInit), (312 bytes).
    Removing stm32f4xx_gpio.o(i.GPIO_PinLockConfig), (34 bytes).
    Removing stm32f4xx_gpio.o(i.GPIO_ReadInputData), (8 bytes).
    Removing stm32f4xx_gpio.o(i.GPIO_ReadInputDataBit), (18 bytes).
    Removing stm32f4xx_gpio.o(i.GPIO_ReadOutputData), (8 bytes).
    Removing stm32f4xx_gpio.o(i.GPIO_ReadOutputDataBit), (18 bytes).
    Removing stm32f4xx_gpio.o(i.GPIO_ResetBits), (4 bytes).
    Removing stm32f4xx_gpio.o(i.GPIO_SetBits), (4 bytes).
    Removing stm32f4xx_gpio.o(i.GPIO_StructInit), (18 bytes).
    Removing stm32f4xx_gpio.o(i.GPIO_ToggleBits), (8 bytes).
    Removing stm32f4xx_gpio.o(i.GPIO_Write), (4 bytes).
    Removing stm32f4xx_gpio.o(i.GPIO_WriteBit), (10 bytes).
    Removing stm32f4xx_rcc.o(.rev16_text), (4 bytes).
    Removing stm32f4xx_rcc.o(.revsh_text), (4 bytes).
    Removing stm32f4xx_rcc.o(i.RCC_AHB1PeriphClockLPModeCmd), (32 bytes).
    Removing stm32f4xx_rcc.o(i.RCC_AHB1PeriphResetCmd), (32 bytes).
    Removing stm32f4xx_rcc.o(i.RCC_AHB2PeriphClockCmd), (32 bytes).
    Removing stm32f4xx_rcc.o(i.RCC_AHB2PeriphClockLPModeCmd), (32 bytes).
    Removing stm32f4xx_rcc.o(i.RCC_AHB2PeriphResetCmd), (32 bytes).
    Removing stm32f4xx_rcc.o(i.RCC_AHB3PeriphClockCmd), (32 bytes).
    Removing stm32f4xx_rcc.o(i.RCC_AHB3PeriphClockLPModeCmd), (32 bytes).
    Removing stm32f4xx_rcc.o(i.RCC_AHB3PeriphResetCmd), (32 bytes).
    Removing stm32f4xx_rcc.o(i.RCC_APB1PeriphClockCmd), (32 bytes).
    Removing stm32f4xx_rcc.o(i.RCC_APB1PeriphClockLPModeCmd), (32 bytes).
    Removing stm32f4xx_rcc.o(i.RCC_APB1PeriphResetCmd), (32 bytes).
    Removing stm32f4xx_rcc.o(i.RCC_APB2PeriphClockLPModeCmd), (32 bytes).
    Removing stm32f4xx_rcc.o(i.RCC_APB2PeriphResetCmd), (32 bytes).
    Removing stm32f4xx_rcc.o(i.RCC_AdjustHSICalibrationValue), (24 bytes).
    Removing stm32f4xx_rcc.o(i.RCC_BackupResetCmd), (12 bytes).
    Removing stm32f4xx_rcc.o(i.RCC_ClearFlag), (20 bytes).
    Removing stm32f4xx_rcc.o(i.RCC_ClearITPendingBit), (12 bytes).
    Removing stm32f4xx_rcc.o(i.RCC_ClockSecuritySystemCmd), (12 bytes).
    Removing stm32f4xx_rcc.o(i.RCC_DeInit), (100 bytes).
    Removing stm32f4xx_rcc.o(i.RCC_GetFlagStatus), (64 bytes).
    Removing stm32f4xx_rcc.o(i.RCC_GetITStatus), (24 bytes).
    Removing stm32f4xx_rcc.o(i.RCC_GetSYSCLKSource), (16 bytes).
    Removing stm32f4xx_rcc.o(i.RCC_HCLKConfig), (24 bytes).
    Removing stm32f4xx_rcc.o(i.RCC_HSEConfig), (16 bytes).
    Removing stm32f4xx_rcc.o(i.RCC_HSICmd), (12 bytes).
    Removing stm32f4xx_rcc.o(i.RCC_I2SCLKConfig), (12 bytes).
    Removing stm32f4xx_rcc.o(i.RCC_ITConfig), (32 bytes).
    Removing stm32f4xx_rcc.o(i.RCC_LSEConfig), (44 bytes).
    Removing stm32f4xx_rcc.o(i.RCC_LSEModeConfig), (36 bytes).
    Removing stm32f4xx_rcc.o(i.RCC_LSICmd), (12 bytes).
    Removing stm32f4xx_rcc.o(i.RCC_LTDCCLKDivConfig), (24 bytes).
    Removing stm32f4xx_rcc.o(i.RCC_MCO1Config), (28 bytes).
    Removing stm32f4xx_rcc.o(i.RCC_MCO2Config), (28 bytes).
    Removing stm32f4xx_rcc.o(i.RCC_PCLK1Config), (24 bytes).
    Removing stm32f4xx_rcc.o(i.RCC_PCLK2Config), (24 bytes).
    Removing stm32f4xx_rcc.o(i.RCC_PLLCmd), (12 bytes).
    Removing stm32f4xx_rcc.o(i.RCC_PLLConfig), (36 bytes).
    Removing stm32f4xx_rcc.o(i.RCC_PLLI2SCmd), (12 bytes).
    Removing stm32f4xx_rcc.o(i.RCC_PLLI2SConfig), (16 bytes).
    Removing stm32f4xx_rcc.o(i.RCC_PLLSAICmd), (12 bytes).
    Removing stm32f4xx_rcc.o(i.RCC_PLLSAIConfig), (24 bytes).
    Removing stm32f4xx_rcc.o(i.RCC_RTCCLKCmd), (12 bytes).
    Removing stm32f4xx_rcc.o(i.RCC_RTCCLKConfig), (60 bytes).
    Removing stm32f4xx_rcc.o(i.RCC_SAIBlockACLKConfig), (24 bytes).
    Removing stm32f4xx_rcc.o(i.RCC_SAIBlockBCLKConfig), (24 bytes).
    Removing stm32f4xx_rcc.o(i.RCC_SAIPLLI2SClkDivConfig), (28 bytes).
    Removing stm32f4xx_rcc.o(i.RCC_SAIPLLSAIClkDivConfig), (28 bytes).
    Removing stm32f4xx_rcc.o(i.RCC_SYSCLKConfig), (24 bytes).
    Removing stm32f4xx_rcc.o(i.RCC_TIMCLKPresConfig), (12 bytes).
    Removing stm32f4xx_rcc.o(i.RCC_WaitForHSEStartUp), (56 bytes).
    Removing stm32f4xx_exti.o(.rev16_text), (4 bytes).
    Removing stm32f4xx_exti.o(.revsh_text), (4 bytes).
    Removing stm32f4xx_exti.o(i.EXTI_ClearFlag), (12 bytes).
    Removing stm32f4xx_exti.o(i.EXTI_ClearITPendingBit), (12 bytes).
    Removing stm32f4xx_exti.o(i.EXTI_DeInit), (36 bytes).
    Removing stm32f4xx_exti.o(i.EXTI_GenerateSWInterrupt), (16 bytes).
    Removing stm32f4xx_exti.o(i.EXTI_GetFlagStatus), (24 bytes).
    Removing stm32f4xx_exti.o(i.EXTI_GetITStatus), (24 bytes).
    Removing stm32f4xx_exti.o(i.EXTI_Init), (148 bytes).
    Removing stm32f4xx_exti.o(i.EXTI_StructInit), (16 bytes).
    Removing stm32f4xx_syscfg.o(.rev16_text), (4 bytes).
    Removing stm32f4xx_syscfg.o(.revsh_text), (4 bytes).
    Removing stm32f4xx_syscfg.o(i.SYSCFG_CompensationCellCmd), (12 bytes).
    Removing stm32f4xx_syscfg.o(i.SYSCFG_DeInit), (22 bytes).
    Removing stm32f4xx_syscfg.o(i.SYSCFG_ETH_MediaInterfaceConfig), (12 bytes).
    Removing stm32f4xx_syscfg.o(i.SYSCFG_EXTILineConfig), (64 bytes).
    Removing stm32f4xx_syscfg.o(i.SYSCFG_GetCompensationCellStatus), (24 bytes).
    Removing stm32f4xx_syscfg.o(i.SYSCFG_MemoryRemapConfig), (12 bytes).
    Removing stm32f4xx_syscfg.o(i.SYSCFG_MemorySwappingBank), (12 bytes).
    Removing misc.o(.rev16_text), (4 bytes).
    Removing misc.o(.revsh_text), (4 bytes).
    Removing misc.o(i.NVIC_SetVectorTable), (20 bytes).
    Removing misc.o(i.NVIC_SystemLPConfig), (32 bytes).
    Removing misc.o(i.SysTick_CLKSourceConfig), (40 bytes).
    Removing stm32f4xx_tim.o(.rev16_text), (4 bytes).
    Removing stm32f4xx_tim.o(.revsh_text), (4 bytes).
    Removing stm32f4xx_tim.o(i.TI1_Config), (58 bytes).
    Removing stm32f4xx_tim.o(i.TI2_Config), (80 bytes).
    Removing stm32f4xx_tim.o(i.TI3_Config), (72 bytes).
    Removing stm32f4xx_tim.o(i.TI4_Config), (80 bytes).
    Removing stm32f4xx_tim.o(i.TIM_ARRPreloadConfig), (24 bytes).
    Removing stm32f4xx_tim.o(i.TIM_BDTRConfig), (32 bytes).
    Removing stm32f4xx_tim.o(i.TIM_BDTRStructInit), (18 bytes).
    Removing stm32f4xx_tim.o(i.TIM_CCPreloadControl), (24 bytes).
    Removing stm32f4xx_tim.o(i.TIM_CCxCmd), (30 bytes).
    Removing stm32f4xx_tim.o(i.TIM_CCxNCmd), (30 bytes).
    Removing stm32f4xx_tim.o(i.TIM_ClearFlag), (6 bytes).
    Removing stm32f4xx_tim.o(i.TIM_ClearITPendingBit), (6 bytes).
    Removing stm32f4xx_tim.o(i.TIM_ClearOC1Ref), (18 bytes).
    Removing stm32f4xx_tim.o(i.TIM_ClearOC2Ref), (24 bytes).
    Removing stm32f4xx_tim.o(i.TIM_ClearOC3Ref), (18 bytes).
    Removing stm32f4xx_tim.o(i.TIM_ClearOC4Ref), (24 bytes).
    Removing stm32f4xx_tim.o(i.TIM_Cmd), (24 bytes).
    Removing stm32f4xx_tim.o(i.TIM_CounterModeConfig), (18 bytes).
    Removing stm32f4xx_tim.o(i.TIM_CtrlPWMOutputs), (30 bytes).
    Removing stm32f4xx_tim.o(i.TIM_DMACmd), (18 bytes).
    Removing stm32f4xx_tim.o(i.TIM_DMAConfig), (10 bytes).
    Removing stm32f4xx_tim.o(i.TIM_DeInit), (400 bytes).
    Removing stm32f4xx_tim.o(i.TIM_ETRClockMode1Config), (54 bytes).
    Removing stm32f4xx_tim.o(i.TIM_ETRClockMode2Config), (32 bytes).
    Removing stm32f4xx_tim.o(i.TIM_ETRConfig), (28 bytes).
    Removing stm32f4xx_tim.o(i.TIM_EncoderInterfaceConfig), (66 bytes).
    Removing stm32f4xx_tim.o(i.TIM_ForcedOC1Config), (18 bytes).
    Removing stm32f4xx_tim.o(i.TIM_ForcedOC2Config), (26 bytes).
    Removing stm32f4xx_tim.o(i.TIM_ForcedOC3Config), (18 bytes).
    Removing stm32f4xx_tim.o(i.TIM_ForcedOC4Config), (26 bytes).
    Removing stm32f4xx_tim.o(i.TIM_GenerateEvent), (4 bytes).
    Removing stm32f4xx_tim.o(i.TIM_GetCapture1), (6 bytes).
    Removing stm32f4xx_tim.o(i.TIM_GetCapture2), (6 bytes).
    Removing stm32f4xx_tim.o(i.TIM_GetCapture3), (6 bytes).
    Removing stm32f4xx_tim.o(i.TIM_GetCapture4), (6 bytes).
    Removing stm32f4xx_tim.o(i.TIM_GetCounter), (6 bytes).
    Removing stm32f4xx_tim.o(i.TIM_GetFlagStatus), (18 bytes).
    Removing stm32f4xx_tim.o(i.TIM_GetITStatus), (34 bytes).
    Removing stm32f4xx_tim.o(i.TIM_GetPrescaler), (6 bytes).
    Removing stm32f4xx_tim.o(i.TIM_ICInit), (110 bytes).
    Removing stm32f4xx_tim.o(i.TIM_ICStructInit), (18 bytes).
    Removing stm32f4xx_tim.o(i.TIM_ITConfig), (18 bytes).
    Removing stm32f4xx_tim.o(i.TIM_ITRxExternalClockConfig), (24 bytes).
    Removing stm32f4xx_tim.o(i.TIM_InternalClockConfig), (12 bytes).
    Removing stm32f4xx_tim.o(i.TIM_OC1FastConfig), (18 bytes).
    Removing stm32f4xx_tim.o(i.TIM_OC1Init), (124 bytes).
    Removing stm32f4xx_tim.o(i.TIM_OC1NPolarityConfig), (18 bytes).
    Removing stm32f4xx_tim.o(i.TIM_OC1PolarityConfig), (18 bytes).
    Removing stm32f4xx_tim.o(i.TIM_OC1PreloadConfig), (18 bytes).
    Removing stm32f4xx_tim.o(i.TIM_OC2FastConfig), (26 bytes).
    Removing stm32f4xx_tim.o(i.TIM_OC2Init), (164 bytes).
    Removing stm32f4xx_tim.o(i.TIM_OC2NPolarityConfig), (26 bytes).
    Removing stm32f4xx_tim.o(i.TIM_OC2PolarityConfig), (26 bytes).
    Removing stm32f4xx_tim.o(i.TIM_OC2PreloadConfig), (26 bytes).
    Removing stm32f4xx_tim.o(i.TIM_OC3FastConfig), (18 bytes).
    Removing stm32f4xx_tim.o(i.TIM_OC3Init), (160 bytes).
    Removing stm32f4xx_tim.o(i.TIM_OC3NPolarityConfig), (26 bytes).
    Removing stm32f4xx_tim.o(i.TIM_OC3PolarityConfig), (26 bytes).
    Removing stm32f4xx_tim.o(i.TIM_OC3PreloadConfig), (18 bytes).
    Removing stm32f4xx_tim.o(i.TIM_OC4FastConfig), (26 bytes).
    Removing stm32f4xx_tim.o(i.TIM_OC4Init), (120 bytes).
    Removing stm32f4xx_tim.o(i.TIM_OC4PolarityConfig), (26 bytes).
    Removing stm32f4xx_tim.o(i.TIM_OC4PreloadConfig), (26 bytes).
    Removing stm32f4xx_tim.o(i.TIM_OCStructInit), (20 bytes).
    Removing stm32f4xx_tim.o(i.TIM_PWMIConfig), (124 bytes).
    Removing stm32f4xx_tim.o(i.TIM_PrescalerConfig), (6 bytes).
    Removing stm32f4xx_tim.o(i.TIM_RemapConfig), (6 bytes).
    Removing stm32f4xx_tim.o(i.TIM_SelectCCDMA), (24 bytes).
    Removing stm32f4xx_tim.o(i.TIM_SelectCOM), (24 bytes).
    Removing stm32f4xx_tim.o(i.TIM_SelectHallSensor), (24 bytes).
    Removing stm32f4xx_tim.o(i.TIM_SelectInputTrigger), (18 bytes).
    Removing stm32f4xx_tim.o(i.TIM_SelectMasterSlaveMode), (18 bytes).
    Removing stm32f4xx_tim.o(i.TIM_SelectOCxM), (86 bytes).
    Removing stm32f4xx_tim.o(i.TIM_SelectOnePulseMode), (18 bytes).
    Removing stm32f4xx_tim.o(i.TIM_SelectOutputTrigger), (18 bytes).
    Removing stm32f4xx_tim.o(i.TIM_SelectSlaveMode), (18 bytes).
    Removing stm32f4xx_tim.o(i.TIM_SetAutoreload), (4 bytes).
    Removing stm32f4xx_tim.o(i.TIM_SetClockDivision), (18 bytes).
    Removing stm32f4xx_tim.o(i.TIM_SetCompare1), (4 bytes).
    Removing stm32f4xx_tim.o(i.TIM_SetCompare2), (4 bytes).
    Removing stm32f4xx_tim.o(i.TIM_SetCompare3), (4 bytes).
    Removing stm32f4xx_tim.o(i.TIM_SetCompare4), (4 bytes).
    Removing stm32f4xx_tim.o(i.TIM_SetCounter), (4 bytes).
    Removing stm32f4xx_tim.o(i.TIM_SetIC1Prescaler), (18 bytes).
    Removing stm32f4xx_tim.o(i.TIM_SetIC2Prescaler), (26 bytes).
    Removing stm32f4xx_tim.o(i.TIM_SetIC3Prescaler), (18 bytes).
    Removing stm32f4xx_tim.o(i.TIM_SetIC4Prescaler), (26 bytes).
    Removing stm32f4xx_tim.o(i.TIM_TIxExternalClockConfig), (62 bytes).
    Removing stm32f4xx_tim.o(i.TIM_TimeBaseInit), (132 bytes).
    Removing stm32f4xx_tim.o(i.TIM_TimeBaseStructInit), (18 bytes).
    Removing stm32f4xx_tim.o(i.TIM_UpdateDisableConfig), (24 bytes).
    Removing stm32f4xx_tim.o(i.TIM_UpdateRequestConfig), (24 bytes).
    Removing stm32f4xx_usart.o(.rev16_text), (4 bytes).
    Removing stm32f4xx_usart.o(.revsh_text), (4 bytes).
    Removing stm32f4xx_usart.o(i.USART_ClearFlag), (18 bytes).
    Removing stm32f4xx_usart.o(i.USART_ClockInit), (32 bytes).
    Removing stm32f4xx_usart.o(i.USART_ClockStructInit), (12 bytes).
    Removing stm32f4xx_usart.o(i.USART_DMACmd), (18 bytes).
    Removing stm32f4xx_usart.o(i.USART_DeInit), (240 bytes).
    Removing stm32f4xx_usart.o(i.USART_HalfDuplexCmd), (24 bytes).
    Removing stm32f4xx_usart.o(i.USART_IrDACmd), (24 bytes).
    Removing stm32f4xx_usart.o(i.USART_IrDAConfig), (18 bytes).
    Removing stm32f4xx_usart.o(i.USART_LINBreakDetectLengthConfig), (18 bytes).
    Removing stm32f4xx_usart.o(i.USART_LINCmd), (24 bytes).
    Removing stm32f4xx_usart.o(i.USART_OneBitMethodCmd), (24 bytes).
    Removing stm32f4xx_usart.o(i.USART_OverSampling8Cmd), (22 bytes).
    Removing stm32f4xx_usart.o(i.USART_ReceiverWakeUpCmd), (24 bytes).
    Removing stm32f4xx_usart.o(i.USART_SendBreak), (10 bytes).
    Removing stm32f4xx_usart.o(i.USART_SetAddress), (18 bytes).
    Removing stm32f4xx_usart.o(i.USART_SetGuardTime), (16 bytes).
    Removing stm32f4xx_usart.o(i.USART_SetPrescaler), (16 bytes).
    Removing stm32f4xx_usart.o(i.USART_SmartCardCmd), (24 bytes).
    Removing stm32f4xx_usart.o(i.USART_SmartCardNACKCmd), (24 bytes).
    Removing stm32f4xx_usart.o(i.USART_StructInit), (24 bytes).
    Removing stm32f4xx_usart.o(i.USART_WakeUpConfig), (18 bytes).

243 unused section(s) (total 7368 bytes) removed from the image.

==============================================================================

Image Symbol Table

    Local Symbols

    Symbol Name                              Value     Ov Type        Size  Object(Section)

    ../clib/angel/boardlib.s                 0x00000000   Number         0  boardinit3.o ABSOLUTE
    ../clib/angel/boardlib.s                 0x00000000   Number         0  boardinit2.o ABSOLUTE
    ../clib/angel/boardlib.s                 0x00000000   Number         0  boardinit1.o ABSOLUTE
    ../clib/angel/boardlib.s                 0x00000000   Number         0  boardshut.o ABSOLUTE
    ../clib/angel/handlers.s                 0x00000000   Number         0  __scatter_copy.o ABSOLUTE
    ../clib/angel/handlers.s                 0x00000000   Number         0  __scatter_zi.o ABSOLUTE
    ../clib/angel/kernel.s                   0x00000000   Number         0  __rtentry.o ABSOLUTE
    ../clib/angel/kernel.s                   0x00000000   Number         0  rtexit.o ABSOLUTE
    ../clib/angel/kernel.s                   0x00000000   Number         0  rtexit2.o ABSOLUTE
    ../clib/angel/kernel.s                   0x00000000   Number         0  __rtentry4.o ABSOLUTE
    ../clib/angel/kernel.s                   0x00000000   Number         0  __rtentry2.o ABSOLUTE
    ../clib/angel/rt.s                       0x00000000   Number         0  rt_locale.o ABSOLUTE
    ../clib/angel/rt.s                       0x00000000   Number         0  rt_raise.o ABSOLUTE
    ../clib/angel/rt.s                       0x00000000   Number         0  rt_locale_intlibspace.o ABSOLUTE
    ../clib/angel/scatter.s                  0x00000000   Number         0  __scatter.o ABSOLUTE
    ../clib/angel/startup.s                  0x00000000   Number         0  __main.o ABSOLUTE
    ../clib/angel/sys.s                      0x00000000   Number         0  indicate_semi.o ABSOLUTE
    ../clib/angel/sys.s                      0x00000000   Number         0  sys_stackheap_outer.o ABSOLUTE
    ../clib/angel/sys.s                      0x00000000   Number         0  libspace.o ABSOLUTE
    ../clib/angel/sys.s                      0x00000000   Number         0  use_no_semi.o ABSOLUTE
    ../clib/angel/sysapp.c                   0x00000000   Number         0  sys_wrch.o ABSOLUTE
    ../clib/angel/sysapp.c                   0x00000000   Number         0  sys_command.o ABSOLUTE
    ../clib/armsys.c                         0x00000000   Number         0  no_argv.o ABSOLUTE
    ../clib/armsys.c                         0x00000000   Number         0  _get_argv_nomalloc.o ABSOLUTE
    ../clib/armsys.c                         0x00000000   Number         0  argv_veneer.o ABSOLUTE
    ../clib/armsys.c                         0x00000000   Number         0  argv_veneer.o ABSOLUTE
    ../clib/bigflt.c                         0x00000000   Number         0  bigflt0.o ABSOLUTE
    ../clib/btod.s                           0x00000000   Number         0  btod.o ABSOLUTE
    ../clib/heapalloc.c                      0x00000000   Number         0  hrguard.o ABSOLUTE
    ../clib/heapaux.c                        0x00000000   Number         0  heapauxi.o ABSOLUTE
    ../clib/libinit.s                        0x00000000   Number         0  libshutdown.o ABSOLUTE
    ../clib/libinit.s                        0x00000000   Number         0  libinit2.o ABSOLUTE
    ../clib/libinit.s                        0x00000000   Number         0  libinit.o ABSOLUTE
    ../clib/libinit.s                        0x00000000   Number         0  libshutdown2.o ABSOLUTE
    ../clib/locale.s                         0x00000000   Number         0  lc_numeric_c.o ABSOLUTE
    ../clib/longlong.s                       0x00000000   Number         0  lludiv10.o ABSOLUTE
    ../clib/memcpset.s                       0x00000000   Number         0  strcmpv7m.o ABSOLUTE
    ../clib/misc.s                           0x00000000   Number         0  printf_stubs.o ABSOLUTE
    ../clib/printf.c                         0x00000000   Number         0  _printf_fp_infnan.o ABSOLUTE
    ../clib/printf.c                         0x00000000   Number         0  __printf_wp.o ABSOLUTE
    ../clib/printf.c                         0x00000000   Number         0  __printf_nopercent.o ABSOLUTE
    ../clib/printf.c                         0x00000000   Number         0  _printf_char_common.o ABSOLUTE
    ../clib/printf.c                         0x00000000   Number         0  __printf_flags_ss.o ABSOLUTE
    ../clib/printf.c                         0x00000000   Number         0  __printf_ss.o ABSOLUTE
    ../clib/printf.c                         0x00000000   Number         0  __printf_flags.o ABSOLUTE
    ../clib/printf.c                         0x00000000   Number         0  __printf.o ABSOLUTE
    ../clib/printf.c                         0x00000000   Number         0  _printf_fp_dec.o ABSOLUTE
    ../clib/printf.c                         0x00000000   Number         0  __printf_flags_ss_wp.o ABSOLUTE
    ../clib/printf.c                         0x00000000   Number         0  __printf_flags_wp.o ABSOLUTE
    ../clib/printf.c                         0x00000000   Number         0  _printf_char_file.o ABSOLUTE
    ../clib/printf.c                         0x00000000   Number         0  __printf_ss_wp.o ABSOLUTE
    ../clib/printf.c                         0x00000000   Number         0  __2printf.o ABSOLUTE
    ../clib/printf.c                         0x00000000   Number         0  noretval__2printf.o ABSOLUTE
    ../clib/printf_percent.s                 0x00000000   Number         0  _printf_percent_end.o ABSOLUTE
    ../clib/printf_percent.s                 0x00000000   Number         0  _printf_percent.o ABSOLUTE
    ../clib/printf_percent.s                 0x00000000   Number         0  _printf_f.o ABSOLUTE
    ../clib/signal.c                         0x00000000   Number         0  defsig_pvfn_inner.o ABSOLUTE
    ../clib/signal.c                         0x00000000   Number         0  defsig_other.o ABSOLUTE
    ../clib/signal.c                         0x00000000   Number         0  defsig_segv_inner.o ABSOLUTE
    ../clib/signal.c                         0x00000000   Number         0  defsig_cppl_inner.o ABSOLUTE
    ../clib/signal.c                         0x00000000   Number         0  defsig_rtmem_outer.o ABSOLUTE
    ../clib/signal.c                         0x00000000   Number         0  defsig_stak_inner.o ABSOLUTE
    ../clib/signal.c                         0x00000000   Number         0  defsig_rtred_inner.o ABSOLUTE
    ../clib/signal.c                         0x00000000   Number         0  defsig_fpe_inner.o ABSOLUTE
    ../clib/signal.c                         0x00000000   Number         0  defsig_rtmem_formal.o ABSOLUTE
    ../clib/signal.c                         0x00000000   Number         0  defsig_abrt_inner.o ABSOLUTE
    ../clib/signal.c                         0x00000000   Number         0  defsig_general.o ABSOLUTE
    ../clib/signal.c                         0x00000000   Number         0  __raise.o ABSOLUTE
    ../clib/signal.c                         0x00000000   Number         0  defsig_rtmem_inner.o ABSOLUTE
    ../clib/signal.c                         0x00000000   Number         0  defsig_exit.o ABSOLUTE
    ../clib/signal.s                         0x00000000   Number         0  defsig.o ABSOLUTE
    ../clib/stdio.c                          0x00000000   Number         0  ferror_locked.o ABSOLUTE
    ../clib/stdio.c                          0x00000000   Number         0  ferror.o ABSOLUTE
    ../clib/stdlib.c                         0x00000000   Number         0  exit.o ABSOLUTE
    ../fplib/dcmpi.s                         0x00000000   Number         0  dcmpi.o ABSOLUTE
    ../fplib/ddiv.s                          0x00000000   Number         0  ddiv.o ABSOLUTE
    ../fplib/dleqf.s                         0x00000000   Number         0  dleqf.o ABSOLUTE
    ../fplib/dnaninf.s                       0x00000000   Number         0  dnaninf.o ABSOLUTE
    ../fplib/dretinf.s                       0x00000000   Number         0  dretinf.o ABSOLUTE
    ../fplib/drleqf.s                        0x00000000   Number         0  drleqf.o ABSOLUTE
    ../fplib/f2d.s                           0x00000000   Number         0  f2d.o ABSOLUTE
    ../fplib/fnaninf.s                       0x00000000   Number         0  fnaninf.o ABSOLUTE
    ../fplib/fpinit.s                        0x00000000   Number         0  fpinit.o ABSOLUTE
    ../fplib/istatus.s                       0x00000000   Number         0  istatus.o ABSOLUTE
    ../fplib/printf1.s                       0x00000000   Number         0  printf1.o ABSOLUTE
    ../fplib/usenofp.s                       0x00000000   Number         0  usenofp.o ABSOLUTE
    ../mathlib/fpclassify.c                  0x00000000   Number         0  fpclassify.o ABSOLUTE
    ..\CORE\startup_stm32f40_41xxx.s         0x00000000   Number         0  startup_stm32f40_41xxx.o ABSOLUTE
    ..\MYM4_LIB\buzzer\buzzer.c              0x00000000   Number         0  buzzer.o ABSOLUTE
    ..\MYM4_LIB\hc_sr04\hc_sr04.c            0x00000000   Number         0  hc_sr04.o ABSOLUTE
    ..\MYM4_LIB\key\key.c                    0x00000000   Number         0  key.o ABSOLUTE
    ..\MYM4_LIB\led\led.c                    0x00000000   Number         0  led.o ABSOLUTE
    ..\ST_LIB\src\misc.c                     0x00000000   Number         0  misc.o ABSOLUTE
    ..\ST_LIB\src\stm32f4xx_exti.c           0x00000000   Number         0  stm32f4xx_exti.o ABSOLUTE
    ..\ST_LIB\src\stm32f4xx_gpio.c           0x00000000   Number         0  stm32f4xx_gpio.o ABSOLUTE
    ..\ST_LIB\src\stm32f4xx_rcc.c            0x00000000   Number         0  stm32f4xx_rcc.o ABSOLUTE
    ..\ST_LIB\src\stm32f4xx_syscfg.c         0x00000000   Number         0  stm32f4xx_syscfg.o ABSOLUTE
    ..\ST_LIB\src\stm32f4xx_tim.c            0x00000000   Number         0  stm32f4xx_tim.o ABSOLUTE
    ..\ST_LIB\src\stm32f4xx_usart.c          0x00000000   Number         0  stm32f4xx_usart.o ABSOLUTE
    ..\SYSTEM\delay\delay.c                  0x00000000   Number         0  delay.o ABSOLUTE
    ..\SYSTEM\uart\uart.c                    0x00000000   Number         0  uart.o ABSOLUTE
    ..\\MYM4_LIB\\buzzer\\buzzer.c           0x00000000   Number         0  buzzer.o ABSOLUTE
    ..\\MYM4_LIB\\hc_sr04\\hc_sr04.c         0x00000000   Number         0  hc_sr04.o ABSOLUTE
    ..\\MYM4_LIB\\key\\key.c                 0x00000000   Number         0  key.o ABSOLUTE
    ..\\MYM4_LIB\\led\\led.c                 0x00000000   Number         0  led.o ABSOLUTE
    ..\\ST_LIB\\src\\misc.c                  0x00000000   Number         0  misc.o ABSOLUTE
    ..\\ST_LIB\\src\\stm32f4xx_exti.c        0x00000000   Number         0  stm32f4xx_exti.o ABSOLUTE
    ..\\ST_LIB\\src\\stm32f4xx_gpio.c        0x00000000   Number         0  stm32f4xx_gpio.o ABSOLUTE
    ..\\ST_LIB\\src\\stm32f4xx_rcc.c         0x00000000   Number         0  stm32f4xx_rcc.o ABSOLUTE
    ..\\ST_LIB\\src\\stm32f4xx_syscfg.c      0x00000000   Number         0  stm32f4xx_syscfg.o ABSOLUTE
    ..\\ST_LIB\\src\\stm32f4xx_tim.c         0x00000000   Number         0  stm32f4xx_tim.o ABSOLUTE
    ..\\ST_LIB\\src\\stm32f4xx_usart.c       0x00000000   Number         0  stm32f4xx_usart.o ABSOLUTE
    ..\\SYSTEM\\delay\\delay.c               0x00000000   Number         0  delay.o ABSOLUTE
    ..\\SYSTEM\\uart\\uart.c                 0x00000000   Number         0  uart.o ABSOLUTE
    dc.s                                     0x00000000   Number         0  dc.o ABSOLUTE
    main.c                                   0x00000000   Number         0  main.o ABSOLUTE
    main.c                                   0x00000000   Number         0  main.o ABSOLUTE
    my_config.c                              0x00000000   Number         0  my_config.o ABSOLUTE
    my_config.c                              0x00000000   Number         0  my_config.o ABSOLUTE
    my_lib.c                                 0x00000000   Number         0  my_lib.o ABSOLUTE
    my_lib.c                                 0x00000000   Number         0  my_lib.o ABSOLUTE
    stm32f4xx_it.c                           0x00000000   Number         0  stm32f4xx_it.o ABSOLUTE
    stm32f4xx_it.c                           0x00000000   Number         0  stm32f4xx_it.o ABSOLUTE
    system_stm32f4xx.c                       0x00000000   Number         0  system_stm32f4xx.o ABSOLUTE
    system_stm32f4xx.c                       0x00000000   Number         0  system_stm32f4xx.o ABSOLUTE
    RESET                                    0x08000000   Section      392  startup_stm32f40_41xxx.o(RESET)
    !!!main                                  0x08000188   Section        8  __main.o(!!!main)
    !!!scatter                               0x08000190   Section       52  __scatter.o(!!!scatter)
    !!handler_copy                           0x080001c4   Section       26  __scatter_copy.o(!!handler_copy)
    !!handler_zi                             0x080001e0   Section       28  __scatter_zi.o(!!handler_zi)
    .ARM.Collect$$_printf_percent$$00000000  0x080001fc   Section        0  _printf_percent.o(.ARM.Collect$$_printf_percent$$00000000)
    .ARM.Collect$$_printf_percent$$00000003  0x080001fc   Section        6  _printf_f.o(.ARM.Collect$$_printf_percent$$00000003)
    .ARM.Collect$$_printf_percent$$00000017  0x08000202   Section        4  _printf_percent_end.o(.ARM.Collect$$_printf_percent$$00000017)
    .ARM.Collect$$libinit$$00000000          0x08000206   Section        2  libinit.o(.ARM.Collect$$libinit$$00000000)
    .ARM.Collect$$libinit$$00000001          0x08000208   Section        4  libinit2.o(.ARM.Collect$$libinit$$00000001)
    .ARM.Collect$$libinit$$00000004          0x0800020c   Section        0  libinit2.o(.ARM.Collect$$libinit$$00000004)
    .ARM.Collect$$libinit$$0000000A          0x0800020c   Section        0  libinit2.o(.ARM.Collect$$libinit$$0000000A)
    .ARM.Collect$$libinit$$0000000C          0x0800020c   Section        0  libinit2.o(.ARM.Collect$$libinit$$0000000C)
    .ARM.Collect$$libinit$$0000000E          0x0800020c   Section        0  libinit2.o(.ARM.Collect$$libinit$$0000000E)
    .ARM.Collect$$libinit$$0000000F          0x0800020c   Section        6  libinit2.o(.ARM.Collect$$libinit$$0000000F)
    .ARM.Collect$$libinit$$00000011          0x08000212   Section        0  libinit2.o(.ARM.Collect$$libinit$$00000011)
    .ARM.Collect$$libinit$$00000013          0x08000212   Section        0  libinit2.o(.ARM.Collect$$libinit$$00000013)
    .ARM.Collect$$libinit$$00000015          0x08000212   Section        0  libinit2.o(.ARM.Collect$$libinit$$00000015)
    .ARM.Collect$$libinit$$00000016          0x08000212   Section       10  libinit2.o(.ARM.Collect$$libinit$$00000016)
    .ARM.Collect$$libinit$$00000017          0x0800021c   Section        0  libinit2.o(.ARM.Collect$$libinit$$00000017)
    .ARM.Collect$$libinit$$00000019          0x0800021c   Section        0  libinit2.o(.ARM.Collect$$libinit$$00000019)
    .ARM.Collect$$libinit$$0000001B          0x0800021c   Section        0  libinit2.o(.ARM.Collect$$libinit$$0000001B)
    .ARM.Collect$$libinit$$0000001D          0x0800021c   Section        0  libinit2.o(.ARM.Collect$$libinit$$0000001D)
    .ARM.Collect$$libinit$$0000001F          0x0800021c   Section        0  libinit2.o(.ARM.Collect$$libinit$$0000001F)
    .ARM.Collect$$libinit$$00000021          0x0800021c   Section        0  libinit2.o(.ARM.Collect$$libinit$$00000021)
    .ARM.Collect$$libinit$$00000023          0x0800021c   Section        0  libinit2.o(.ARM.Collect$$libinit$$00000023)
    .ARM.Collect$$libinit$$00000025          0x0800021c   Section        0  libinit2.o(.ARM.Collect$$libinit$$00000025)
    .ARM.Collect$$libinit$$0000002C          0x0800021c   Section        0  libinit2.o(.ARM.Collect$$libinit$$0000002C)
    .ARM.Collect$$libinit$$0000002E          0x0800021c   Section        0  libinit2.o(.ARM.Collect$$libinit$$0000002E)
    .ARM.Collect$$libinit$$00000030          0x0800021c   Section        0  libinit2.o(.ARM.Collect$$libinit$$00000030)
    .ARM.Collect$$libinit$$00000032          0x0800021c   Section        0  libinit2.o(.ARM.Collect$$libinit$$00000032)
    .ARM.Collect$$libinit$$00000033          0x0800021c   Section        2  libinit2.o(.ARM.Collect$$libinit$$00000033)
    .ARM.Collect$$libshutdown$$00000000      0x0800021e   Section        2  libshutdown.o(.ARM.Collect$$libshutdown$$00000000)
    .ARM.Collect$$libshutdown$$00000003      0x08000220   Section        0  libshutdown2.o(.ARM.Collect$$libshutdown$$00000003)
    .ARM.Collect$$libshutdown$$00000006      0x08000220   Section        0  libshutdown2.o(.ARM.Collect$$libshutdown$$00000006)
    .ARM.Collect$$libshutdown$$00000009      0x08000220   Section        0  libshutdown2.o(.ARM.Collect$$libshutdown$$00000009)
    .ARM.Collect$$libshutdown$$0000000B      0x08000220   Section        0  libshutdown2.o(.ARM.Collect$$libshutdown$$0000000B)
    .ARM.Collect$$libshutdown$$0000000E      0x08000220   Section        0  libshutdown2.o(.ARM.Collect$$libshutdown$$0000000E)
    .ARM.Collect$$libshutdown$$0000000F      0x08000220   Section        2  libshutdown2.o(.ARM.Collect$$libshutdown$$0000000F)
    .ARM.Collect$$rtentry$$00000000          0x08000222   Section        0  __rtentry.o(.ARM.Collect$$rtentry$$00000000)
    .ARM.Collect$$rtentry$$00000002          0x08000222   Section        0  __rtentry2.o(.ARM.Collect$$rtentry$$00000002)
    .ARM.Collect$$rtentry$$00000004          0x08000222   Section        6  __rtentry4.o(.ARM.Collect$$rtentry$$00000004)
    .ARM.Collect$$rtentry$$00000009          0x08000228   Section        0  __rtentry2.o(.ARM.Collect$$rtentry$$00000009)
    .ARM.Collect$$rtentry$$0000000A          0x08000228   Section        4  __rtentry2.o(.ARM.Collect$$rtentry$$0000000A)
    .ARM.Collect$$rtentry$$0000000C          0x0800022c   Section        0  __rtentry2.o(.ARM.Collect$$rtentry$$0000000C)
    .ARM.Collect$$rtentry$$0000000D          0x0800022c   Section        8  __rtentry2.o(.ARM.Collect$$rtentry$$0000000D)
    .ARM.Collect$$rtexit$$00000000           0x08000234   Section        2  rtexit.o(.ARM.Collect$$rtexit$$00000000)
    .ARM.Collect$$rtexit$$00000002           0x08000236   Section        0  rtexit2.o(.ARM.Collect$$rtexit$$00000002)
    .ARM.Collect$$rtexit$$00000003           0x08000236   Section        4  rtexit2.o(.ARM.Collect$$rtexit$$00000003)
    .ARM.Collect$$rtexit$$00000004           0x0800023a   Section        6  rtexit2.o(.ARM.Collect$$rtexit$$00000004)
    .text                                    0x08000240   Section       64  startup_stm32f40_41xxx.o(.text)
    $v0                                      0x08000240   Number         0  startup_stm32f40_41xxx.o(.text)
    .text                                    0x08000280   Section        2  use_no_semi.o(.text)
    .text                                    0x08000284   Section        0  noretval__2printf.o(.text)
    .text                                    0x0800029c   Section        0  __printf_flags_wp.o(.text)
    .text                                    0x080003d4   Section        0  heapauxi.o(.text)
    .text                                    0x080003da   Section        0  _printf_fp_dec.o(.text)
    _fp_digits                               0x080003dd   Thumb Code   428  _printf_fp_dec.o(.text)
    .text                                    0x080007f4   Section        0  _printf_char_file.o(.text)
    .text                                    0x08000818   Section        8  rt_locale_intlibspace.o(.text)
    .text                                    0x08000820   Section      138  lludiv10.o(.text)
    .text                                    0x080008ac   Section        0  _printf_char_common.o(.text)
    _printf_input_char                       0x080008ad   Thumb Code    10  _printf_char_common.o(.text)
    .text                                    0x080008dc   Section        0  _printf_fp_infnan.o(.text)
    .text                                    0x0800095c   Section        0  bigflt0.o(.text)
    .text                                    0x08000a38   Section        0  ferror.o(.text)
    .text                                    0x08000a40   Section        8  libspace.o(.text)
    .text                                    0x08000a48   Section       74  sys_stackheap_outer.o(.text)
    .text                                    0x08000a92   Section        0  exit.o(.text)
    .text                                    0x08000aa0   Section      128  strcmpv7m.o(.text)
    CL$$btod_d2e                             0x08000b20   Section       62  btod.o(CL$$btod_d2e)
    CL$$btod_d2e_denorm_low                  0x08000b5e   Section       70  btod.o(CL$$btod_d2e_denorm_low)
    CL$$btod_d2e_norm_op1                    0x08000ba4   Section       96  btod.o(CL$$btod_d2e_norm_op1)
    CL$$btod_div_common                      0x08000c04   Section      824  btod.o(CL$$btod_div_common)
    CL$$btod_e2e                             0x08000f3c   Section      198  btod.o(CL$$btod_e2e)
    CL$$btod_ediv                            0x08001002   Section       40  btod.o(CL$$btod_ediv)
    CL$$btod_emul                            0x0800102a   Section       40  btod.o(CL$$btod_emul)
    CL$$btod_mult_common                     0x08001052   Section      580  btod.o(CL$$btod_mult_common)
    i.BUZZER_Init                            0x08001298   Section        0  buzzer.o(i.BUZZER_Init)
    i.BusFault_Handler                       0x080012d8   Section        0  stm32f4xx_it.o(i.BusFault_Handler)
    i.DELAY_SysTickInit                      0x080012dc   Section        0  delay.o(i.DELAY_SysTickInit)
    i.DebugMon_Handler                       0x08001328   Section        0  stm32f4xx_it.o(i.DebugMon_Handler)
    i.GPIO_Init                              0x0800132a   Section        0  stm32f4xx_gpio.o(i.GPIO_Init)
    i.GPIO_PinAFConfig                       0x080013ba   Section        0  stm32f4xx_gpio.o(i.GPIO_PinAFConfig)
    i.HC_SR04_GetDis                         0x08001400   Section        0  hc_sr04.o(i.HC_SR04_GetDis)
    i.HC_SR04_Init                           0x080014d4   Section        0  hc_sr04.o(i.HC_SR04_Init)
    i.HardFault_Handler                      0x08001530   Section        0  stm32f4xx_it.o(i.HardFault_Handler)
    i.KEY_Init                               0x08001534   Section        0  key.o(i.KEY_Init)
    i.LED_Init                               0x0800157c   Section        0  led.o(i.LED_Init)
    i.MemManage_Handler                      0x080015f4   Section        0  stm32f4xx_it.o(i.MemManage_Handler)
    i.NMI_Handler                            0x080015f8   Section        0  stm32f4xx_it.o(i.NMI_Handler)
    i.NVIC_Init                              0x080015fc   Section        0  misc.o(i.NVIC_Init)
    i.NVIC_PriorityGroupConfig               0x08001674   Section        0  misc.o(i.NVIC_PriorityGroupConfig)
    i.PendSV_Handler                         0x08001688   Section        0  stm32f4xx_it.o(i.PendSV_Handler)
    i.RCC_AHB1PeriphClockCmd                 0x0800168c   Section        0  stm32f4xx_rcc.o(i.RCC_AHB1PeriphClockCmd)
    i.RCC_APB2PeriphClockCmd                 0x080016ac   Section        0  stm32f4xx_rcc.o(i.RCC_APB2PeriphClockCmd)
    i.RCC_GetClocksFreq                      0x080016cc   Section        0  stm32f4xx_rcc.o(i.RCC_GetClocksFreq)
    i.SVC_Handler                            0x080017b4   Section        0  stm32f4xx_it.o(i.SVC_Handler)
    i.SetSysClock                            0x080017b8   Section        0  system_stm32f4xx.o(i.SetSysClock)
    SetSysClock                              0x080017b9   Thumb Code   220  system_stm32f4xx.o(i.SetSysClock)
    i.SystemInit                             0x080018a4   Section        0  system_stm32f4xx.o(i.SystemInit)
    i.UART1_Init                             0x0800190c   Section        0  uart.o(i.UART1_Init)
    i.USART1_IRQHandler                      0x080019c4   Section        0  uart.o(i.USART1_IRQHandler)
    i.USART_ClearITPendingBit                0x08001a30   Section        0  stm32f4xx_usart.o(i.USART_ClearITPendingBit)
    i.USART_Cmd                              0x08001a4e   Section        0  stm32f4xx_usart.o(i.USART_Cmd)
    i.USART_GetFlagStatus                    0x08001a66   Section        0  stm32f4xx_usart.o(i.USART_GetFlagStatus)
    i.USART_GetITStatus                      0x08001a80   Section        0  stm32f4xx_usart.o(i.USART_GetITStatus)
    i.USART_ITConfig                         0x08001ad4   Section        0  stm32f4xx_usart.o(i.USART_ITConfig)
    i.USART_Init                             0x08001b20   Section        0  stm32f4xx_usart.o(i.USART_Init)
    i.USART_ReceiveData                      0x08001bf4   Section        0  stm32f4xx_usart.o(i.USART_ReceiveData)
    i.USART_SendData                         0x08001bfe   Section        0  stm32f4xx_usart.o(i.USART_SendData)
    i.UsageFault_Handler                     0x08001c06   Section        0  stm32f4xx_it.o(i.UsageFault_Handler)
    i.__ARM_fpclassify                       0x08001c0a   Section        0  fpclassify.o(i.__ARM_fpclassify)
    i._is_digit                              0x08001c3a   Section        0  __printf_wp.o(i._is_digit)
    i._sys_exit                              0x08001c48   Section        0  uart.o(i._sys_exit)
    i.delay_ms                               0x08001c50   Section        0  delay.o(i.delay_ms)
    i.delay_us                               0x08001cb0   Section        0  delay.o(i.delay_us)
    i.fputc                                  0x08001d10   Section        0  uart.o(i.fputc)
    i.main                                   0x08001d34   Section        0  main.o(i.main)
    locale$$code                             0x08001e00   Section       44  lc_numeric_c.o(locale$$code)
    x$fpl$dcmpinf                            0x08001e2c   Section       24  dcmpi.o(x$fpl$dcmpinf)
    $v0                                      0x08001e2c   Number         0  dcmpi.o(x$fpl$dcmpinf)
    x$fpl$ddiv                               0x08001e44   Section      688  ddiv.o(x$fpl$ddiv)
    $v0                                      0x08001e44   Number         0  ddiv.o(x$fpl$ddiv)
    ddiv_entry                               0x08001e4b   Thumb Code     0  ddiv.o(x$fpl$ddiv)
    x$fpl$dleqf                              0x080020f4   Section      120  dleqf.o(x$fpl$dleqf)
    $v0                                      0x080020f4   Number         0  dleqf.o(x$fpl$dleqf)
    x$fpl$dnaninf                            0x0800216c   Section      156  dnaninf.o(x$fpl$dnaninf)
    $v0                                      0x0800216c   Number         0  dnaninf.o(x$fpl$dnaninf)
    x$fpl$dretinf                            0x08002208   Section       12  dretinf.o(x$fpl$dretinf)
    $v0                                      0x08002208   Number         0  dretinf.o(x$fpl$dretinf)
    x$fpl$drleqf                             0x08002214   Section      108  drleqf.o(x$fpl$drleqf)
    $v0                                      0x08002214   Number         0  drleqf.o(x$fpl$drleqf)
    x$fpl$f2d                                0x08002280   Section       86  f2d.o(x$fpl$f2d)
    $v0                                      0x08002280   Number         0  f2d.o(x$fpl$f2d)
    x$fpl$fnaninf                            0x080022d6   Section      140  fnaninf.o(x$fpl$fnaninf)
    $v0                                      0x080022d6   Number         0  fnaninf.o(x$fpl$fnaninf)
    x$fpl$fpinit                             0x08002362   Section       10  fpinit.o(x$fpl$fpinit)
    $v0                                      0x08002362   Number         0  fpinit.o(x$fpl$fpinit)
    x$fpl$printf1                            0x0800236c   Section        4  printf1.o(x$fpl$printf1)
    $v0                                      0x0800236c   Number         0  printf1.o(x$fpl$printf1)
    .constdata                               0x08002370   Section       17  __printf_flags_wp.o(.constdata)
    x$fpl$usenofp                            0x08002370   Section        0  usenofp.o(x$fpl$usenofp)
    maptable                                 0x08002370   Data          17  __printf_flags_wp.o(.constdata)
    .constdata                               0x08002384   Section      148  bigflt0.o(.constdata)
    tenpwrs_x                                0x08002384   Data          60  bigflt0.o(.constdata)
    tenpwrs_i                                0x080023c0   Data          64  bigflt0.o(.constdata)
    locale$$data                             0x08002438   Section       28  lc_numeric_c.o(locale$$data)
    __lcnum_c_name                           0x0800243c   Data           2  lc_numeric_c.o(locale$$data)
    __lcnum_c_start                          0x08002444   Data           0  lc_numeric_c.o(locale$$data)
    __lcnum_c_point                          0x08002450   Data           0  lc_numeric_c.o(locale$$data)
    __lcnum_c_thousands                      0x08002452   Data           0  lc_numeric_c.o(locale$$data)
    __lcnum_c_grouping                       0x08002453   Data           0  lc_numeric_c.o(locale$$data)
    __lcnum_c_end                            0x08002454   Data           0  lc_numeric_c.o(locale$$data)
    .data                                    0x20000000   Section        9  delay.o(.data)
    sysclk_nus                               0x20000000   Data           1  delay.o(.data)
    sysclk_nms                               0x20000004   Data           4  delay.o(.data)
    sysclk_clk_flag                          0x20000008   Data           1  delay.o(.data)
    .data                                    0x2000000c   Section       12  uart.o(.data)
    .data                                    0x20000018   Section       16  stm32f4xx_rcc.o(.data)
    APBAHBPrescTable                         0x20000018   Data          16  stm32f4xx_rcc.o(.data)
    .bss                                     0x20000028   Section      128  uart.o(.bss)
    .bss                                     0x200000a8   Section       96  libspace.o(.bss)
    HEAP                                     0x20000108   Section      512  startup_stm32f40_41xxx.o(HEAP)
    Heap_Mem                                 0x20000108   Data         512  startup_stm32f40_41xxx.o(HEAP)
    STACK                                    0x20000308   Section     1024  startup_stm32f40_41xxx.o(STACK)
    Stack_Mem                                0x20000308   Data        1024  startup_stm32f40_41xxx.o(STACK)
    __initial_sp                             0x20000708   Data           0  startup_stm32f40_41xxx.o(STACK)

    Global Symbols

    Symbol Name                              Value     Ov Type        Size  Object(Section)

    BuildAttributes$$THM_ISAv4$E$P$D$K$B$S$7EM$VFPi3$EXTD16$VFPS$VFMA$PE$A:L22UL41UL21$X:L11$S22US41US21$IEEE1$IW$USESV6$~STKCKD$USESV7$~SHL$OTIME$ROPI$IEEEJ$EBA8$UX$STANDARDLIB$REQ8$PRES8$EABIv2 0x00000000   Number         0  anon$$obj.o ABSOLUTE
    __ARM_use_no_argv                        0x00000000   Number         0  main.o ABSOLUTE
    _printf_flags                            0x00000000   Number         0  printf_stubs.o ABSOLUTE
    _printf_return_value                     0x00000000   Number         0  printf_stubs.o ABSOLUTE
    _printf_sizespec                         0x00000000   Number         0  printf_stubs.o ABSOLUTE
    _printf_widthprec                        0x00000000   Number         0  printf_stubs.o ABSOLUTE
    __ARM_exceptions_init                     - Undefined Weak Reference
    __alloca_initialize                       - Undefined Weak Reference
    __arm_preinit_                            - Undefined Weak Reference
    __cpp_initialize__aeabi_                  - Undefined Weak Reference
    __cxa_finalize                            - Undefined Weak Reference
    __sigvec_lookup                           - Undefined Weak Reference
    _atexit_init                              - Undefined Weak Reference
    _call_atexit_fns                          - Undefined Weak Reference
    _clock_init                               - Undefined Weak Reference
    _fp_trap_init                             - Undefined Weak Reference
    _fp_trap_shutdown                         - Undefined Weak Reference
    _get_lc_collate                           - Undefined Weak Reference
    _get_lc_ctype                             - Undefined Weak Reference
    _get_lc_monetary                          - Undefined Weak Reference
    _get_lc_time                              - Undefined Weak Reference
    _getenv_init                              - Undefined Weak Reference
    _handle_redirection                       - Undefined Weak Reference
    _init_alloc                               - Undefined Weak Reference
    _init_user_alloc                          - Undefined Weak Reference
    _initio                                   - Undefined Weak Reference
    _mutex_acquire                            - Undefined Weak Reference
    _mutex_release                            - Undefined Weak Reference
    _printf_post_padding                      - Undefined Weak Reference
    _printf_pre_padding                       - Undefined Weak Reference
    _rand_init                                - Undefined Weak Reference
    _signal_finish                            - Undefined Weak Reference
    _signal_init                              - Undefined Weak Reference
    _terminate_alloc                          - Undefined Weak Reference
    _terminate_user_alloc                     - Undefined Weak Reference
    _terminateio                              - Undefined Weak Reference
    __Vectors_Size                           0x00000188   Number         0  startup_stm32f40_41xxx.o ABSOLUTE
    __Vectors                                0x08000000   Data           4  startup_stm32f40_41xxx.o(RESET)
    __Vectors_End                            0x08000188   Data           0  startup_stm32f40_41xxx.o(RESET)
    __main                                   0x08000189   Thumb Code     8  __main.o(!!!main)
    __scatterload                            0x08000191   Thumb Code     0  __scatter.o(!!!scatter)
    __scatterload_rt2                        0x08000191   Thumb Code    44  __scatter.o(!!!scatter)
    __scatterload_rt2_thumb_only             0x08000191   Thumb Code     0  __scatter.o(!!!scatter)
    __scatterload_null                       0x0800019f   Thumb Code     0  __scatter.o(!!!scatter)
    __scatterload_copy                       0x080001c5   Thumb Code    26  __scatter_copy.o(!!handler_copy)
    __scatterload_zeroinit                   0x080001e1   Thumb Code    28  __scatter_zi.o(!!handler_zi)
    _printf_f                                0x080001fd   Thumb Code     0  _printf_f.o(.ARM.Collect$$_printf_percent$$00000003)
    _printf_percent                          0x080001fd   Thumb Code     0  _printf_percent.o(.ARM.Collect$$_printf_percent$$00000000)
    _printf_percent_end                      0x08000203   Thumb Code     0  _printf_percent_end.o(.ARM.Collect$$_printf_percent$$00000017)
    __rt_lib_init                            0x08000207   Thumb Code     0  libinit.o(.ARM.Collect$$libinit$$00000000)
    __rt_lib_init_fp_1                       0x08000209   Thumb Code     0  libinit2.o(.ARM.Collect$$libinit$$00000001)
    __rt_lib_init_heap_1                     0x0800020d   Thumb Code     0  libinit2.o(.ARM.Collect$$libinit$$0000000A)
    __rt_lib_init_lc_common                  0x0800020d   Thumb Code     0  libinit2.o(.ARM.Collect$$libinit$$0000000F)
    __rt_lib_init_preinit_1                  0x0800020d   Thumb Code     0  libinit2.o(.ARM.Collect$$libinit$$00000004)
    __rt_lib_init_rand_1                     0x0800020d   Thumb Code     0  libinit2.o(.ARM.Collect$$libinit$$0000000E)
    __rt_lib_init_user_alloc_1               0x0800020d   Thumb Code     0  libinit2.o(.ARM.Collect$$libinit$$0000000C)
    __rt_lib_init_lc_collate_1               0x08000213   Thumb Code     0  libinit2.o(.ARM.Collect$$libinit$$00000011)
    __rt_lib_init_lc_ctype_1                 0x08000213   Thumb Code     0  libinit2.o(.ARM.Collect$$libinit$$00000013)
    __rt_lib_init_lc_monetary_1              0x08000213   Thumb Code     0  libinit2.o(.ARM.Collect$$libinit$$00000015)
    __rt_lib_init_lc_numeric_2               0x08000213   Thumb Code     0  libinit2.o(.ARM.Collect$$libinit$$00000016)
    __rt_lib_init_alloca_1                   0x0800021d   Thumb Code     0  libinit2.o(.ARM.Collect$$libinit$$0000002E)
    __rt_lib_init_argv_1                     0x0800021d   Thumb Code     0  libinit2.o(.ARM.Collect$$libinit$$0000002C)
    __rt_lib_init_atexit_1                   0x0800021d   Thumb Code     0  libinit2.o(.ARM.Collect$$libinit$$0000001B)
    __rt_lib_init_clock_1                    0x0800021d   Thumb Code     0  libinit2.o(.ARM.Collect$$libinit$$00000021)
    __rt_lib_init_cpp_1                      0x0800021d   Thumb Code     0  libinit2.o(.ARM.Collect$$libinit$$00000032)
    __rt_lib_init_exceptions_1               0x0800021d   Thumb Code     0  libinit2.o(.ARM.Collect$$libinit$$00000030)
    __rt_lib_init_fp_trap_1                  0x0800021d   Thumb Code     0  libinit2.o(.ARM.Collect$$libinit$$0000001F)
    __rt_lib_init_getenv_1                   0x0800021d   Thumb Code     0  libinit2.o(.ARM.Collect$$libinit$$00000023)
    __rt_lib_init_lc_numeric_1               0x0800021d   Thumb Code     0  libinit2.o(.ARM.Collect$$libinit$$00000017)
    __rt_lib_init_lc_time_1                  0x0800021d   Thumb Code     0  libinit2.o(.ARM.Collect$$libinit$$00000019)
    __rt_lib_init_return                     0x0800021d   Thumb Code     0  libinit2.o(.ARM.Collect$$libinit$$00000033)
    __rt_lib_init_signal_1                   0x0800021d   Thumb Code     0  libinit2.o(.ARM.Collect$$libinit$$0000001D)
    __rt_lib_init_stdio_1                    0x0800021d   Thumb Code     0  libinit2.o(.ARM.Collect$$libinit$$00000025)
    __rt_lib_shutdown                        0x0800021f   Thumb Code     0  libshutdown.o(.ARM.Collect$$libshutdown$$00000000)
    __rt_lib_shutdown_fp_trap_1              0x08000221   Thumb Code     0  libshutdown2.o(.ARM.Collect$$libshutdown$$00000006)
    __rt_lib_shutdown_heap_1                 0x08000221   Thumb Code     0  libshutdown2.o(.ARM.Collect$$libshutdown$$0000000E)
    __rt_lib_shutdown_return                 0x08000221   Thumb Code     0  libshutdown2.o(.ARM.Collect$$libshutdown$$0000000F)
    __rt_lib_shutdown_signal_1               0x08000221   Thumb Code     0  libshutdown2.o(.ARM.Collect$$libshutdown$$00000009)
    __rt_lib_shutdown_stdio_1                0x08000221   Thumb Code     0  libshutdown2.o(.ARM.Collect$$libshutdown$$00000003)
    __rt_lib_shutdown_user_alloc_1           0x08000221   Thumb Code     0  libshutdown2.o(.ARM.Collect$$libshutdown$$0000000B)
    __rt_entry                               0x08000223   Thumb Code     0  __rtentry.o(.ARM.Collect$$rtentry$$00000000)
    __rt_entry_presh_1                       0x08000223   Thumb Code     0  __rtentry2.o(.ARM.Collect$$rtentry$$00000002)
    __rt_entry_sh                            0x08000223   Thumb Code     0  __rtentry4.o(.ARM.Collect$$rtentry$$00000004)
    __rt_entry_li                            0x08000229   Thumb Code     0  __rtentry2.o(.ARM.Collect$$rtentry$$0000000A)
    __rt_entry_postsh_1                      0x08000229   Thumb Code     0  __rtentry2.o(.ARM.Collect$$rtentry$$00000009)
    __rt_entry_main                          0x0800022d   Thumb Code     0  __rtentry2.o(.ARM.Collect$$rtentry$$0000000D)
    __rt_entry_postli_1                      0x0800022d   Thumb Code     0  __rtentry2.o(.ARM.Collect$$rtentry$$0000000C)
    __rt_exit                                0x08000235   Thumb Code     0  rtexit.o(.ARM.Collect$$rtexit$$00000000)
    __rt_exit_ls                             0x08000237   Thumb Code     0  rtexit2.o(.ARM.Collect$$rtexit$$00000003)
    __rt_exit_prels_1                        0x08000237   Thumb Code     0  rtexit2.o(.ARM.Collect$$rtexit$$00000002)
    __rt_exit_exit                           0x0800023b   Thumb Code     0  rtexit2.o(.ARM.Collect$$rtexit$$00000004)
    Reset_Handler                            0x08000241   Thumb Code     8  startup_stm32f40_41xxx.o(.text)
    SysTick_Handler                          0x08000259   Thumb Code     2  startup_stm32f40_41xxx.o(.text)
    ADC_IRQHandler                           0x0800025b   Thumb Code     0  startup_stm32f40_41xxx.o(.text)
    CAN1_RX0_IRQHandler                      0x0800025b   Thumb Code     0  startup_stm32f40_41xxx.o(.text)
    CAN1_RX1_IRQHandler                      0x0800025b   Thumb Code     0  startup_stm32f40_41xxx.o(.text)
    CAN1_SCE_IRQHandler                      0x0800025b   Thumb Code     0  startup_stm32f40_41xxx.o(.text)
    CAN1_TX_IRQHandler                       0x0800025b   Thumb Code     0  startup_stm32f40_41xxx.o(.text)
    CAN2_RX0_IRQHandler                      0x0800025b   Thumb Code     0  startup_stm32f40_41xxx.o(.text)
    CAN2_RX1_IRQHandler                      0x0800025b   Thumb Code     0  startup_stm32f40_41xxx.o(.text)
    CAN2_SCE_IRQHandler                      0x0800025b   Thumb Code     0  startup_stm32f40_41xxx.o(.text)
    CAN2_TX_IRQHandler                       0x0800025b   Thumb Code     0  startup_stm32f40_41xxx.o(.text)
    CRYP_IRQHandler                          0x0800025b   Thumb Code     0  startup_stm32f40_41xxx.o(.text)
    DCMI_IRQHandler                          0x0800025b   Thumb Code     0  startup_stm32f40_41xxx.o(.text)
    DMA1_Stream0_IRQHandler                  0x0800025b   Thumb Code     0  startup_stm32f40_41xxx.o(.text)
    DMA1_Stream1_IRQHandler                  0x0800025b   Thumb Code     0  startup_stm32f40_41xxx.o(.text)
    DMA1_Stream2_IRQHandler                  0x0800025b   Thumb Code     0  startup_stm32f40_41xxx.o(.text)
    DMA1_Stream3_IRQHandler                  0x0800025b   Thumb Code     0  startup_stm32f40_41xxx.o(.text)
    DMA1_Stream4_IRQHandler                  0x0800025b   Thumb Code     0  startup_stm32f40_41xxx.o(.text)
    DMA1_Stream5_IRQHandler                  0x0800025b   Thumb Code     0  startup_stm32f40_41xxx.o(.text)
    DMA1_Stream6_IRQHandler                  0x0800025b   Thumb Code     0  startup_stm32f40_41xxx.o(.text)
    DMA1_Stream7_IRQHandler                  0x0800025b   Thumb Code     0  startup_stm32f40_41xxx.o(.text)
    DMA2_Stream0_IRQHandler                  0x0800025b   Thumb Code     0  startup_stm32f40_41xxx.o(.text)
    DMA2_Stream1_IRQHandler                  0x0800025b   Thumb Code     0  startup_stm32f40_41xxx.o(.text)
    DMA2_Stream2_IRQHandler                  0x0800025b   Thumb Code     0  startup_stm32f40_41xxx.o(.text)
    DMA2_Stream3_IRQHandler                  0x0800025b   Thumb Code     0  startup_stm32f40_41xxx.o(.text)
    DMA2_Stream4_IRQHandler                  0x0800025b   Thumb Code     0  startup_stm32f40_41xxx.o(.text)
    DMA2_Stream5_IRQHandler                  0x0800025b   Thumb Code     0  startup_stm32f40_41xxx.o(.text)
    DMA2_Stream6_IRQHandler                  0x0800025b   Thumb Code     0  startup_stm32f40_41xxx.o(.text)
    DMA2_Stream7_IRQHandler                  0x0800025b   Thumb Code     0  startup_stm32f40_41xxx.o(.text)
    ETH_IRQHandler                           0x0800025b   Thumb Code     0  startup_stm32f40_41xxx.o(.text)
    ETH_WKUP_IRQHandler                      0x0800025b   Thumb Code     0  startup_stm32f40_41xxx.o(.text)
    EXTI0_IRQHandler                         0x0800025b   Thumb Code     0  startup_stm32f40_41xxx.o(.text)
    EXTI15_10_IRQHandler                     0x0800025b   Thumb Code     0  startup_stm32f40_41xxx.o(.text)
    EXTI1_IRQHandler                         0x0800025b   Thumb Code     0  startup_stm32f40_41xxx.o(.text)
    EXTI2_IRQHandler                         0x0800025b   Thumb Code     0  startup_stm32f40_41xxx.o(.text)
    EXTI3_IRQHandler                         0x0800025b   Thumb Code     0  startup_stm32f40_41xxx.o(.text)
    EXTI4_IRQHandler                         0x0800025b   Thumb Code     0  startup_stm32f40_41xxx.o(.text)
    EXTI9_5_IRQHandler                       0x0800025b   Thumb Code     0  startup_stm32f40_41xxx.o(.text)
    FLASH_IRQHandler                         0x0800025b   Thumb Code     0  startup_stm32f40_41xxx.o(.text)
    FPU_IRQHandler                           0x0800025b   Thumb Code     0  startup_stm32f40_41xxx.o(.text)
    FSMC_IRQHandler                          0x0800025b   Thumb Code     0  startup_stm32f40_41xxx.o(.text)
    HASH_RNG_IRQHandler                      0x0800025b   Thumb Code     0  startup_stm32f40_41xxx.o(.text)
    I2C1_ER_IRQHandler                       0x0800025b   Thumb Code     0  startup_stm32f40_41xxx.o(.text)
    I2C1_EV_IRQHandler                       0x0800025b   Thumb Code     0  startup_stm32f40_41xxx.o(.text)
    I2C2_ER_IRQHandler                       0x0800025b   Thumb Code     0  startup_stm32f40_41xxx.o(.text)
    I2C2_EV_IRQHandler                       0x0800025b   Thumb Code     0  startup_stm32f40_41xxx.o(.text)
    I2C3_ER_IRQHandler                       0x0800025b   Thumb Code     0  startup_stm32f40_41xxx.o(.text)
    I2C3_EV_IRQHandler                       0x0800025b   Thumb Code     0  startup_stm32f40_41xxx.o(.text)
    OTG_FS_IRQHandler                        0x0800025b   Thumb Code     0  startup_stm32f40_41xxx.o(.text)
    OTG_FS_WKUP_IRQHandler                   0x0800025b   Thumb Code     0  startup_stm32f40_41xxx.o(.text)
    OTG_HS_EP1_IN_IRQHandler                 0x0800025b   Thumb Code     0  startup_stm32f40_41xxx.o(.text)
    OTG_HS_EP1_OUT_IRQHandler                0x0800025b   Thumb Code     0  startup_stm32f40_41xxx.o(.text)
    OTG_HS_IRQHandler                        0x0800025b   Thumb Code     0  startup_stm32f40_41xxx.o(.text)
    OTG_HS_WKUP_IRQHandler                   0x0800025b   Thumb Code     0  startup_stm32f40_41xxx.o(.text)
    PVD_IRQHandler                           0x0800025b   Thumb Code     0  startup_stm32f40_41xxx.o(.text)
    RCC_IRQHandler                           0x0800025b   Thumb Code     0  startup_stm32f40_41xxx.o(.text)
    RTC_Alarm_IRQHandler                     0x0800025b   Thumb Code     0  startup_stm32f40_41xxx.o(.text)
    RTC_WKUP_IRQHandler                      0x0800025b   Thumb Code     0  startup_stm32f40_41xxx.o(.text)
    SDIO_IRQHandler                          0x0800025b   Thumb Code     0  startup_stm32f40_41xxx.o(.text)
    SPI1_IRQHandler                          0x0800025b   Thumb Code     0  startup_stm32f40_41xxx.o(.text)
    SPI2_IRQHandler                          0x0800025b   Thumb Code     0  startup_stm32f40_41xxx.o(.text)
    SPI3_IRQHandler                          0x0800025b   Thumb Code     0  startup_stm32f40_41xxx.o(.text)
    TAMP_STAMP_IRQHandler                    0x0800025b   Thumb Code     0  startup_stm32f40_41xxx.o(.text)
    TIM1_BRK_TIM9_IRQHandler                 0x0800025b   Thumb Code     0  startup_stm32f40_41xxx.o(.text)
    TIM1_CC_IRQHandler                       0x0800025b   Thumb Code     0  startup_stm32f40_41xxx.o(.text)
    TIM1_TRG_COM_TIM11_IRQHandler            0x0800025b   Thumb Code     0  startup_stm32f40_41xxx.o(.text)
    TIM1_UP_TIM10_IRQHandler                 0x0800025b   Thumb Code     0  startup_stm32f40_41xxx.o(.text)
    TIM2_IRQHandler                          0x0800025b   Thumb Code     0  startup_stm32f40_41xxx.o(.text)
    TIM3_IRQHandler                          0x0800025b   Thumb Code     0  startup_stm32f40_41xxx.o(.text)
    TIM4_IRQHandler                          0x0800025b   Thumb Code     0  startup_stm32f40_41xxx.o(.text)
    TIM5_IRQHandler                          0x0800025b   Thumb Code     0  startup_stm32f40_41xxx.o(.text)
    TIM6_DAC_IRQHandler                      0x0800025b   Thumb Code     0  startup_stm32f40_41xxx.o(.text)
    TIM7_IRQHandler                          0x0800025b   Thumb Code     0  startup_stm32f40_41xxx.o(.text)
    TIM8_BRK_TIM12_IRQHandler                0x0800025b   Thumb Code     0  startup_stm32f40_41xxx.o(.text)
    TIM8_CC_IRQHandler                       0x0800025b   Thumb Code     0  startup_stm32f40_41xxx.o(.text)
    TIM8_TRG_COM_TIM14_IRQHandler            0x0800025b   Thumb Code     0  startup_stm32f40_41xxx.o(.text)
    TIM8_UP_TIM13_IRQHandler                 0x0800025b   Thumb Code     0  startup_stm32f40_41xxx.o(.text)
    UART4_IRQHandler                         0x0800025b   Thumb Code     0  startup_stm32f40_41xxx.o(.text)
    UART5_IRQHandler                         0x0800025b   Thumb Code     0  startup_stm32f40_41xxx.o(.text)
    USART2_IRQHandler                        0x0800025b   Thumb Code     0  startup_stm32f40_41xxx.o(.text)
    USART3_IRQHandler                        0x0800025b   Thumb Code     0  startup_stm32f40_41xxx.o(.text)
    USART6_IRQHandler                        0x0800025b   Thumb Code     0  startup_stm32f40_41xxx.o(.text)
    WWDG_IRQHandler                          0x0800025b   Thumb Code     0  startup_stm32f40_41xxx.o(.text)
    __user_initial_stackheap                 0x0800025d   Thumb Code     0  startup_stm32f40_41xxx.o(.text)
    __I$use$semihosting                      0x08000281   Thumb Code     0  use_no_semi.o(.text)
    __use_no_semihosting_swi                 0x08000281   Thumb Code     2  use_no_semi.o(.text)
    __2printf                                0x08000285   Thumb Code    20  noretval__2printf.o(.text)
    __printf                                 0x0800029d   Thumb Code   308  __printf_flags_wp.o(.text)
    __use_two_region_memory                  0x080003d5   Thumb Code     2  heapauxi.o(.text)
    __rt_heap_escrow$2region                 0x080003d7   Thumb Code     2  heapauxi.o(.text)
    __rt_heap_expand$2region                 0x080003d9   Thumb Code     2  heapauxi.o(.text)
    __lib_sel_fp_printf                      0x080003db   Thumb Code     2  _printf_fp_dec.o(.text)
    _printf_fp_dec_real                      0x08000589   Thumb Code   620  _printf_fp_dec.o(.text)
    _printf_char_file                        0x080007f5   Thumb Code    32  _printf_char_file.o(.text)
    __rt_locale                              0x08000819   Thumb Code     8  rt_locale_intlibspace.o(.text)
    _ll_udiv10                               0x08000821   Thumb Code   138  lludiv10.o(.text)
    _printf_char_common                      0x080008b7   Thumb Code    32  _printf_char_common.o(.text)
    _printf_fp_infnan                        0x080008dd   Thumb Code   112  _printf_fp_infnan.o(.text)
    _btod_etento                             0x0800095d   Thumb Code   216  bigflt0.o(.text)
    ferror                                   0x08000a39   Thumb Code     8  ferror.o(.text)
    __user_libspace                          0x08000a41   Thumb Code     8  libspace.o(.text)
    __user_perproc_libspace                  0x08000a41   Thumb Code     0  libspace.o(.text)
    __user_perthread_libspace                0x08000a41   Thumb Code     0  libspace.o(.text)
    __user_setup_stackheap                   0x08000a49   Thumb Code    74  sys_stackheap_outer.o(.text)
    exit                                     0x08000a93   Thumb Code    12  exit.o(.text)
    strcmp                                   0x08000aa1   Thumb Code   128  strcmpv7m.o(.text)
    _btod_d2e                                0x08000b21   Thumb Code    62  btod.o(CL$$btod_d2e)
    _d2e_denorm_low                          0x08000b5f   Thumb Code    70  btod.o(CL$$btod_d2e_denorm_low)
    _d2e_norm_op1                            0x08000ba5   Thumb Code    96  btod.o(CL$$btod_d2e_norm_op1)
    __btod_div_common                        0x08000c05   Thumb Code   696  btod.o(CL$$btod_div_common)
    _e2e                                     0x08000f3d   Thumb Code   198  btod.o(CL$$btod_e2e)
    _btod_ediv                               0x08001003   Thumb Code    40  btod.o(CL$$btod_ediv)
    _btod_emul                               0x0800102b   Thumb Code    40  btod.o(CL$$btod_emul)
    __btod_mult_common                       0x08001053   Thumb Code   580  btod.o(CL$$btod_mult_common)
    BUZZER_Init                              0x08001299   Thumb Code    56  buzzer.o(i.BUZZER_Init)
    BusFault_Handler                         0x080012d9   Thumb Code     4  stm32f4xx_it.o(i.BusFault_Handler)
    DELAY_SysTickInit                        0x080012dd   Thumb Code    60  delay.o(i.DELAY_SysTickInit)
    DebugMon_Handler                         0x08001329   Thumb Code     2  stm32f4xx_it.o(i.DebugMon_Handler)
    GPIO_Init                                0x0800132b   Thumb Code   144  stm32f4xx_gpio.o(i.GPIO_Init)
    GPIO_PinAFConfig                         0x080013bb   Thumb Code    70  stm32f4xx_gpio.o(i.GPIO_PinAFConfig)
    HC_SR04_GetDis                           0x08001401   Thumb Code   168  hc_sr04.o(i.HC_SR04_GetDis)
    HC_SR04_Init                             0x080014d5   Thumb Code    78  hc_sr04.o(i.HC_SR04_Init)
    HardFault_Handler                        0x08001531   Thumb Code     4  stm32f4xx_it.o(i.HardFault_Handler)
    KEY_Init                                 0x08001535   Thumb Code    62  key.o(i.KEY_Init)
    LED_Init                                 0x0800157d   Thumb Code    94  led.o(i.LED_Init)
    MemManage_Handler                        0x080015f5   Thumb Code     4  stm32f4xx_it.o(i.MemManage_Handler)
    NMI_Handler                              0x080015f9   Thumb Code     2  stm32f4xx_it.o(i.NMI_Handler)
    NVIC_Init                                0x080015fd   Thumb Code   106  misc.o(i.NVIC_Init)
    NVIC_PriorityGroupConfig                 0x08001675   Thumb Code    10  misc.o(i.NVIC_PriorityGroupConfig)
    PendSV_Handler                           0x08001689   Thumb Code     2  stm32f4xx_it.o(i.PendSV_Handler)
    RCC_AHB1PeriphClockCmd                   0x0800168d   Thumb Code    26  stm32f4xx_rcc.o(i.RCC_AHB1PeriphClockCmd)
    RCC_APB2PeriphClockCmd                   0x080016ad   Thumb Code    26  stm32f4xx_rcc.o(i.RCC_APB2PeriphClockCmd)
    RCC_GetClocksFreq                        0x080016cd   Thumb Code   214  stm32f4xx_rcc.o(i.RCC_GetClocksFreq)
    SVC_Handler                              0x080017b5   Thumb Code     2  stm32f4xx_it.o(i.SVC_Handler)
    SystemInit                               0x080018a5   Thumb Code    88  system_stm32f4xx.o(i.SystemInit)
    UART1_Init                               0x0800190d   Thumb Code   176  uart.o(i.UART1_Init)
    USART1_IRQHandler                        0x080019c5   Thumb Code    90  uart.o(i.USART1_IRQHandler)
    USART_ClearITPendingBit                  0x08001a31   Thumb Code    30  stm32f4xx_usart.o(i.USART_ClearITPendingBit)
    USART_Cmd                                0x08001a4f   Thumb Code    24  stm32f4xx_usart.o(i.USART_Cmd)
    USART_GetFlagStatus                      0x08001a67   Thumb Code    26  stm32f4xx_usart.o(i.USART_GetFlagStatus)
    USART_GetITStatus                        0x08001a81   Thumb Code    84  stm32f4xx_usart.o(i.USART_GetITStatus)
    USART_ITConfig                           0x08001ad5   Thumb Code    74  stm32f4xx_usart.o(i.USART_ITConfig)
    USART_Init                               0x08001b21   Thumb Code   204  stm32f4xx_usart.o(i.USART_Init)
    USART_ReceiveData                        0x08001bf5   Thumb Code    10  stm32f4xx_usart.o(i.USART_ReceiveData)
    USART_SendData                           0x08001bff   Thumb Code     8  stm32f4xx_usart.o(i.USART_SendData)
    UsageFault_Handler                       0x08001c07   Thumb Code     4  stm32f4xx_it.o(i.UsageFault_Handler)
    __ARM_fpclassify                         0x08001c0b   Thumb Code    48  fpclassify.o(i.__ARM_fpclassify)
    _is_digit                                0x08001c3b   Thumb Code    14  __printf_wp.o(i._is_digit)
    _sys_exit                                0x08001c49   Thumb Code     6  uart.o(i._sys_exit)
    delay_ms                                 0x08001c51   Thumb Code    88  delay.o(i.delay_ms)
    delay_us                                 0x08001cb1   Thumb Code    88  delay.o(i.delay_us)
    fputc                                    0x08001d11   Thumb Code    32  uart.o(i.fputc)
    main                                     0x08001d35   Thumb Code   132  main.o(i.main)
    _get_lc_numeric                          0x08001e01   Thumb Code    44  lc_numeric_c.o(locale$$code)
    __fpl_dcmp_Inf                           0x08001e2d   Thumb Code    24  dcmpi.o(x$fpl$dcmpinf)
    __aeabi_ddiv                             0x08001e45   Thumb Code     0  ddiv.o(x$fpl$ddiv)
    _ddiv                                    0x08001e45   Thumb Code   552  ddiv.o(x$fpl$ddiv)
    __aeabi_cdcmple                          0x080020f5   Thumb Code     0  dleqf.o(x$fpl$dleqf)
    _dcmple                                  0x080020f5   Thumb Code   120  dleqf.o(x$fpl$dleqf)
    __fpl_dcmple_InfNaN                      0x08002157   Thumb Code     0  dleqf.o(x$fpl$dleqf)
    __fpl_dnaninf                            0x0800216d   Thumb Code   156  dnaninf.o(x$fpl$dnaninf)
    __fpl_dretinf                            0x08002209   Thumb Code    12  dretinf.o(x$fpl$dretinf)
    __aeabi_cdrcmple                         0x08002215   Thumb Code     0  drleqf.o(x$fpl$drleqf)
    _drcmple                                 0x08002215   Thumb Code   108  drleqf.o(x$fpl$drleqf)
    __aeabi_f2d                              0x08002281   Thumb Code     0  f2d.o(x$fpl$f2d)
    _f2d                                     0x08002281   Thumb Code    86  f2d.o(x$fpl$f2d)
    __fpl_fnaninf                            0x080022d7   Thumb Code   140  fnaninf.o(x$fpl$fnaninf)
    _fp_init                                 0x08002363   Thumb Code    10  fpinit.o(x$fpl$fpinit)
    __fplib_config_fpu_vfp                   0x0800236b   Thumb Code     0  fpinit.o(x$fpl$fpinit)
    __fplib_config_pureend_doubles           0x0800236b   Thumb Code     0  fpinit.o(x$fpl$fpinit)
    _printf_fp_dec                           0x0800236d   Thumb Code     4  printf1.o(x$fpl$printf1)
    __I$use$fp                               0x08002370   Number         0  usenofp.o(x$fpl$usenofp)
    Region$$Table$$Base                      0x08002418   Number         0  anon$$obj.o(Region$$Table)
    Region$$Table$$Limit                     0x08002438   Number         0  anon$$obj.o(Region$$Table)
    u1_count                                 0x2000000c   Data           1  uart.o(.data)
    u1_flag                                  0x2000000d   Data           1  uart.o(.data)
    __stdout                                 0x20000010   Data           4  uart.o(.data)
    __stdin                                  0x20000014   Data           4  uart.o(.data)
    u1_recvbuf                               0x20000028   Data         128  uart.o(.bss)
    __libspace_start                         0x200000a8   Data          96  libspace.o(.bss)
    __temporary_stack_top$libspace           0x20000108   Data           0  libspace.o(.bss)



==============================================================================

Memory Map of the image

  Image Entry point : 0x08000189

  Load Region LR_IROM1 (Base: 0x08000000, Size: 0x0000247c, Max: 0x00080000, ABSOLUTE)

    Execution Region ER_IROM1 (Base: 0x08000000, Size: 0x00002454, Max: 0x00080000, ABSOLUTE)

    Base Addr    Size         Type   Attr      Idx    E Section Name        Object

    0x08000000   0x00000188   Data   RO         1911    RESET               startup_stm32f40_41xxx.o
    0x08000188   0x00000008   Code   RO         1950  * !!!main             c_w.l(__main.o)
    0x08000190   0x00000034   Code   RO         2179    !!!scatter          c_w.l(__scatter.o)
    0x080001c4   0x0000001a   Code   RO         2181    !!handler_copy      c_w.l(__scatter_copy.o)
    0x080001de   0x00000002   PAD
    0x080001e0   0x0000001c   Code   RO         2183    !!handler_zi        c_w.l(__scatter_zi.o)
    0x080001fc   0x00000000   Code   RO         1947    .ARM.Collect$$_printf_percent$$00000000  c_w.l(_printf_percent.o)
    0x080001fc   0x00000006   Code   RO         1946    .ARM.Collect$$_printf_percent$$00000003  c_w.l(_printf_f.o)
    0x08000202   0x00000004   Code   RO         1969    .ARM.Collect$$_printf_percent$$00000017  c_w.l(_printf_percent_end.o)
    0x08000206   0x00000002   Code   RO         2057    .ARM.Collect$$libinit$$00000000  c_w.l(libinit.o)
    0x08000208   0x00000004   Code   RO         2058    .ARM.Collect$$libinit$$00000001  c_w.l(libinit2.o)
    0x0800020c   0x00000000   Code   RO         2061    .ARM.Collect$$libinit$$00000004  c_w.l(libinit2.o)
    0x0800020c   0x00000000   Code   RO         2064    .ARM.Collect$$libinit$$0000000A  c_w.l(libinit2.o)
    0x0800020c   0x00000000   Code   RO         2066    .ARM.Collect$$libinit$$0000000C  c_w.l(libinit2.o)
    0x0800020c   0x00000000   Code   RO         2068    .ARM.Collect$$libinit$$0000000E  c_w.l(libinit2.o)
    0x0800020c   0x00000006   Code   RO         2069    .ARM.Collect$$libinit$$0000000F  c_w.l(libinit2.o)
    0x08000212   0x00000000   Code   RO         2071    .ARM.Collect$$libinit$$00000011  c_w.l(libinit2.o)
    0x08000212   0x00000000   Code   RO         2073    .ARM.Collect$$libinit$$00000013  c_w.l(libinit2.o)
    0x08000212   0x00000000   Code   RO         2075    .ARM.Collect$$libinit$$00000015  c_w.l(libinit2.o)
    0x08000212   0x0000000a   Code   RO         2076    .ARM.Collect$$libinit$$00000016  c_w.l(libinit2.o)
    0x0800021c   0x00000000   Code   RO         2077    .ARM.Collect$$libinit$$00000017  c_w.l(libinit2.o)
    0x0800021c   0x00000000   Code   RO         2079    .ARM.Collect$$libinit$$00000019  c_w.l(libinit2.o)
    0x0800021c   0x00000000   Code   RO         2081    .ARM.Collect$$libinit$$0000001B  c_w.l(libinit2.o)
    0x0800021c   0x00000000   Code   RO         2083    .ARM.Collect$$libinit$$0000001D  c_w.l(libinit2.o)
    0x0800021c   0x00000000   Code   RO         2085    .ARM.Collect$$libinit$$0000001F  c_w.l(libinit2.o)
    0x0800021c   0x00000000   Code   RO         2087    .ARM.Collect$$libinit$$00000021  c_w.l(libinit2.o)
    0x0800021c   0x00000000   Code   RO         2089    .ARM.Collect$$libinit$$00000023  c_w.l(libinit2.o)
    0x0800021c   0x00000000   Code   RO         2091    .ARM.Collect$$libinit$$00000025  c_w.l(libinit2.o)
    0x0800021c   0x00000000   Code   RO         2095    .ARM.Collect$$libinit$$0000002C  c_w.l(libinit2.o)
    0x0800021c   0x00000000   Code   RO         2097    .ARM.Collect$$libinit$$0000002E  c_w.l(libinit2.o)
    0x0800021c   0x00000000   Code   RO         2099    .ARM.Collect$$libinit$$00000030  c_w.l(libinit2.o)
    0x0800021c   0x00000000   Code   RO         2101    .ARM.Collect$$libinit$$00000032  c_w.l(libinit2.o)
    0x0800021c   0x00000002   Code   RO         2102    .ARM.Collect$$libinit$$00000033  c_w.l(libinit2.o)
    0x0800021e   0x00000002   Code   RO         2130    .ARM.Collect$$libshutdown$$00000000  c_w.l(libshutdown.o)
    0x08000220   0x00000000   Code   RO         2140    .ARM.Collect$$libshutdown$$00000003  c_w.l(libshutdown2.o)
    0x08000220   0x00000000   Code   RO         2143    .ARM.Collect$$libshutdown$$00000006  c_w.l(libshutdown2.o)
    0x08000220   0x00000000   Code   RO         2146    .ARM.Collect$$libshutdown$$00000009  c_w.l(libshutdown2.o)
    0x08000220   0x00000000   Code   RO         2148    .ARM.Collect$$libshutdown$$0000000B  c_w.l(libshutdown2.o)
    0x08000220   0x00000000   Code   RO         2151    .ARM.Collect$$libshutdown$$0000000E  c_w.l(libshutdown2.o)
    0x08000220   0x00000002   Code   RO         2152    .ARM.Collect$$libshutdown$$0000000F  c_w.l(libshutdown2.o)
    0x08000222   0x00000000   Code   RO         1964    .ARM.Collect$$rtentry$$00000000  c_w.l(__rtentry.o)
    0x08000222   0x00000000   Code   RO         1980    .ARM.Collect$$rtentry$$00000002  c_w.l(__rtentry2.o)
    0x08000222   0x00000006   Code   RO         1992    .ARM.Collect$$rtentry$$00000004  c_w.l(__rtentry4.o)
    0x08000228   0x00000000   Code   RO         1982    .ARM.Collect$$rtentry$$00000009  c_w.l(__rtentry2.o)
    0x08000228   0x00000004   Code   RO         1983    .ARM.Collect$$rtentry$$0000000A  c_w.l(__rtentry2.o)
    0x0800022c   0x00000000   Code   RO         1985    .ARM.Collect$$rtentry$$0000000C  c_w.l(__rtentry2.o)
    0x0800022c   0x00000008   Code   RO         1986    .ARM.Collect$$rtentry$$0000000D  c_w.l(__rtentry2.o)
    0x08000234   0x00000002   Code   RO         2103    .ARM.Collect$$rtexit$$00000000  c_w.l(rtexit.o)
    0x08000236   0x00000000   Code   RO         2110    .ARM.Collect$$rtexit$$00000002  c_w.l(rtexit2.o)
    0x08000236   0x00000004   Code   RO         2111    .ARM.Collect$$rtexit$$00000003  c_w.l(rtexit2.o)
    0x0800023a   0x00000006   Code   RO         2112    .ARM.Collect$$rtexit$$00000004  c_w.l(rtexit2.o)
    0x08000240   0x00000040   Code   RO         1912    .text               startup_stm32f40_41xxx.o
    0x08000280   0x00000002   Code   RO         1918    .text               c_w.l(use_no_semi.o)
    0x08000282   0x00000002   PAD
    0x08000284   0x00000018   Code   RO         1922    .text               c_w.l(noretval__2printf.o)
    0x0800029c   0x00000138   Code   RO         1938    .text               c_w.l(__printf_flags_wp.o)
    0x080003d4   0x00000006   Code   RO         1948    .text               c_w.l(heapauxi.o)
    0x080003da   0x0000041a   Code   RO         1965    .text               c_w.l(_printf_fp_dec.o)
    0x080007f4   0x00000024   Code   RO         1967    .text               c_w.l(_printf_char_file.o)
    0x08000818   0x00000008   Code   RO         1997    .text               c_w.l(rt_locale_intlibspace.o)
    0x08000820   0x0000008a   Code   RO         1999    .text               c_w.l(lludiv10.o)
    0x080008aa   0x00000002   PAD
    0x080008ac   0x00000030   Code   RO         2001    .text               c_w.l(_printf_char_common.o)
    0x080008dc   0x00000080   Code   RO         2003    .text               c_w.l(_printf_fp_infnan.o)
    0x0800095c   0x000000dc   Code   RO         2005    .text               c_w.l(bigflt0.o)
    0x08000a38   0x00000008   Code   RO         2030    .text               c_w.l(ferror.o)
    0x08000a40   0x00000008   Code   RO         2041    .text               c_w.l(libspace.o)
    0x08000a48   0x0000004a   Code   RO         2044    .text               c_w.l(sys_stackheap_outer.o)
    0x08000a92   0x0000000c   Code   RO         2048    .text               c_w.l(exit.o)
    0x08000a9e   0x00000002   PAD
    0x08000aa0   0x00000080   Code   RO         2050    .text               c_w.l(strcmpv7m.o)
    0x08000b20   0x0000003e   Code   RO         2008    CL$$btod_d2e        c_w.l(btod.o)
    0x08000b5e   0x00000046   Code   RO         2010    CL$$btod_d2e_denorm_low  c_w.l(btod.o)
    0x08000ba4   0x00000060   Code   RO         2009    CL$$btod_d2e_norm_op1  c_w.l(btod.o)
    0x08000c04   0x00000338   Code   RO         2018    CL$$btod_div_common  c_w.l(btod.o)
    0x08000f3c   0x000000c6   Code   RO         2015    CL$$btod_e2e        c_w.l(btod.o)
    0x08001002   0x00000028   Code   RO         2012    CL$$btod_ediv       c_w.l(btod.o)
    0x0800102a   0x00000028   Code   RO         2011    CL$$btod_emul       c_w.l(btod.o)
    0x08001052   0x00000244   Code   RO         2017    CL$$btod_mult_common  c_w.l(btod.o)
    0x08001296   0x00000002   PAD
    0x08001298   0x00000040   Code   RO          315    i.BUZZER_Init       buzzer.o
    0x080012d8   0x00000004   Code   RO          167    i.BusFault_Handler  stm32f4xx_it.o
    0x080012dc   0x0000004c   Code   RO          476    i.DELAY_SysTickInit  delay.o
    0x08001328   0x00000002   Code   RO          168    i.DebugMon_Handler  stm32f4xx_it.o
    0x0800132a   0x00000090   Code   RO          568    i.GPIO_Init         stm32f4xx_gpio.o
    0x080013ba   0x00000046   Code   RO          569    i.GPIO_PinAFConfig  stm32f4xx_gpio.o
    0x08001400   0x000000d4   Code   RO          449    i.HC_SR04_GetDis    hc_sr04.o
    0x080014d4   0x0000005c   Code   RO          450    i.HC_SR04_Init      hc_sr04.o
    0x08001530   0x00000004   Code   RO          169    i.HardFault_Handler  stm32f4xx_it.o
    0x08001534   0x00000048   Code   RO          379    i.KEY_Init          key.o
    0x0800157c   0x00000078   Code   RO          400    i.LED_Init          led.o
    0x080015f4   0x00000004   Code   RO          170    i.MemManage_Handler  stm32f4xx_it.o
    0x080015f8   0x00000002   Code   RO          171    i.NMI_Handler       stm32f4xx_it.o
    0x080015fa   0x00000002   PAD
    0x080015fc   0x00000078   Code   RO         1117    i.NVIC_Init         misc.o
    0x08001674   0x00000014   Code   RO         1118    i.NVIC_PriorityGroupConfig  misc.o
    0x08001688   0x00000002   Code   RO          172    i.PendSV_Handler    stm32f4xx_it.o
    0x0800168a   0x00000002   PAD
    0x0800168c   0x00000020   Code   RO          665    i.RCC_AHB1PeriphClockCmd  stm32f4xx_rcc.o
    0x080016ac   0x00000020   Code   RO          677    i.RCC_APB2PeriphClockCmd  stm32f4xx_rcc.o
    0x080016cc   0x000000e8   Code   RO          686    i.RCC_GetClocksFreq  stm32f4xx_rcc.o
    0x080017b4   0x00000002   Code   RO          173    i.SVC_Handler       stm32f4xx_it.o
    0x080017b6   0x00000002   PAD
    0x080017b8   0x000000ec   Code   RO          232    i.SetSysClock       system_stm32f4xx.o
    0x080018a4   0x00000068   Code   RO          234    i.SystemInit        system_stm32f4xx.o
    0x0800190c   0x000000b8   Code   RO          515    i.UART1_Init        uart.o
    0x080019c4   0x0000006c   Code   RO          517    i.USART1_IRQHandler  uart.o
    0x08001a30   0x0000001e   Code   RO         1724    i.USART_ClearITPendingBit  stm32f4xx_usart.o
    0x08001a4e   0x00000018   Code   RO         1727    i.USART_Cmd         stm32f4xx_usart.o
    0x08001a66   0x0000001a   Code   RO         1730    i.USART_GetFlagStatus  stm32f4xx_usart.o
    0x08001a80   0x00000054   Code   RO         1731    i.USART_GetITStatus  stm32f4xx_usart.o
    0x08001ad4   0x0000004a   Code   RO         1733    i.USART_ITConfig    stm32f4xx_usart.o
    0x08001b1e   0x00000002   PAD
    0x08001b20   0x000000d4   Code   RO         1734    i.USART_Init        stm32f4xx_usart.o
    0x08001bf4   0x0000000a   Code   RO         1741    i.USART_ReceiveData  stm32f4xx_usart.o
    0x08001bfe   0x00000008   Code   RO         1744    i.USART_SendData    stm32f4xx_usart.o
    0x08001c06   0x00000004   Code   RO          174    i.UsageFault_Handler  stm32f4xx_it.o
    0x08001c0a   0x00000030   Code   RO         2039    i.__ARM_fpclassify  m_wm.l(fpclassify.o)
    0x08001c3a   0x0000000e   Code   RO         1936    i._is_digit         c_w.l(__printf_wp.o)
    0x08001c48   0x00000006   Code   RO          518    i._sys_exit         uart.o
    0x08001c4e   0x00000002   PAD
    0x08001c50   0x00000060   Code   RO          477    i.delay_ms          delay.o
    0x08001cb0   0x00000060   Code   RO          478    i.delay_us          delay.o
    0x08001d10   0x00000024   Code   RO          519    i.fputc             uart.o
    0x08001d34   0x000000cc   Code   RO            3    i.main              main.o
    0x08001e00   0x0000002c   Code   RO         2035    locale$$code        c_w.l(lc_numeric_c.o)
    0x08001e2c   0x00000018   Code   RO         1970    x$fpl$dcmpinf       fz_wm.l(dcmpi.o)
    0x08001e44   0x000002b0   Code   RO         1953    x$fpl$ddiv          fz_wm.l(ddiv.o)
    0x080020f4   0x00000078   Code   RO         1956    x$fpl$dleqf         fz_wm.l(dleqf.o)
    0x0800216c   0x0000009c   Code   RO         1972    x$fpl$dnaninf       fz_wm.l(dnaninf.o)
    0x08002208   0x0000000c   Code   RO         1974    x$fpl$dretinf       fz_wm.l(dretinf.o)
    0x08002214   0x0000006c   Code   RO         1958    x$fpl$drleqf        fz_wm.l(drleqf.o)
    0x08002280   0x00000056   Code   RO         1960    x$fpl$f2d           fz_wm.l(f2d.o)
    0x080022d6   0x0000008c   Code   RO         1976    x$fpl$fnaninf       fz_wm.l(fnaninf.o)
    0x08002362   0x0000000a   Code   RO         2107    x$fpl$fpinit        fz_wm.l(fpinit.o)
    0x0800236c   0x00000004   Code   RO         1962    x$fpl$printf1       fz_wm.l(printf1.o)
    0x08002370   0x00000000   Code   RO         1978    x$fpl$usenofp       fz_wm.l(usenofp.o)
    0x08002370   0x00000011   Data   RO         1939    .constdata          c_w.l(__printf_flags_wp.o)
    0x08002381   0x00000003   PAD
    0x08002384   0x00000094   Data   RO         2006    .constdata          c_w.l(bigflt0.o)
    0x08002418   0x00000020   Data   RO         2177    Region$$Table       anon$$obj.o
    0x08002438   0x0000001c   Data   RO         2034    locale$$data        c_w.l(lc_numeric_c.o)


    Execution Region RW_IRAM1 (Base: 0x20000000, Size: 0x00000708, Max: 0x00020000, ABSOLUTE)

    Base Addr    Size         Type   Attr      Idx    E Section Name        Object

    0x20000000   0x00000009   Data   RW          479    .data               delay.o
    0x20000009   0x00000003   PAD
    0x2000000c   0x0000000c   Data   RW          521    .data               uart.o
    0x20000018   0x00000010   Data   RW          718    .data               stm32f4xx_rcc.o
    0x20000028   0x00000080   Zero   RW          520    .bss                uart.o
    0x200000a8   0x00000060   Zero   RW         2042    .bss                c_w.l(libspace.o)
    0x20000108   0x00000200   Zero   RW         1910    HEAP                startup_stm32f40_41xxx.o
    0x20000308   0x00000400   Zero   RW         1909    STACK               startup_stm32f40_41xxx.o


==============================================================================

Image component sizes


      Code (inc. data)   RO Data    RW Data    ZI Data      Debug   Object Name

        64          8          0          0          0     230090   buzzer.o
       268         32          0          9          0       2726   delay.o
       304         58          0          0          0       1660   hc_sr04.o
        72         10          0          0          0        655   key.o
       120         26          0          0          0        675   led.o
       204         72          0          0          0      33799   main.o
       140         24          0          0          0       1891   misc.o
        64         26        392          0       1536        924   startup_stm32f40_41xxx.o
       214          0          0          0          0       2099   stm32f4xx_gpio.o
        24          0          0          0          0       4536   stm32f4xx_it.o
       296         30          0         16          0       4602   stm32f4xx_rcc.o
       468          8          0          0          0       7119   stm32f4xx_usart.o
       340         32          0          0          0       1821   system_stm32f4xx.o
       334         30          0         12        128       4987   uart.o

    ----------------------------------------------------------------------
      2922        356        424         40       1664     297584   Object Totals
         0          0         32          0          0          0   (incl. Generated)
        10          0          0          3          0          0   (incl. Padding)

    ----------------------------------------------------------------------

      Code (inc. data)   RO Data    RW Data    ZI Data      Debug   Library Member Name

         8          0          0          0          0         68   __main.o
       312          4         17          0          0         92   __printf_flags_wp.o
        14          0          0          0          0         68   __printf_wp.o
         0          0          0          0          0          0   __rtentry.o
        12          0          0          0          0          0   __rtentry2.o
         6          0          0          0          0          0   __rtentry4.o
        52          8          0          0          0          0   __scatter.o
        26          0          0          0          0          0   __scatter_copy.o
        28          0          0          0          0          0   __scatter_zi.o
        48          6          0          0          0         96   _printf_char_common.o
        36          4          0          0          0         80   _printf_char_file.o
         6          0          0          0          0          0   _printf_f.o
      1050          0          0          0          0        216   _printf_fp_dec.o
       128         16          0          0          0         84   _printf_fp_infnan.o
         0          0          0          0          0          0   _printf_percent.o
         4          0          0          0          0          0   _printf_percent_end.o
       220          4        148          0          0         96   bigflt0.o
      1910        128          0          0          0        672   btod.o
        12          0          0          0          0         72   exit.o
         8          0          0          0          0         68   ferror.o
         6          0          0          0          0        152   heapauxi.o
        44         10         28          0          0         76   lc_numeric_c.o
         2          0          0          0          0          0   libinit.o
        22          0          0          0          0          0   libinit2.o
         2          0          0          0          0          0   libshutdown.o
         2          0          0          0          0          0   libshutdown2.o
         8          4          0          0         96         68   libspace.o
       138          0          0          0          0         80   lludiv10.o
        24          4          0          0          0         84   noretval__2printf.o
         8          4          0          0          0         68   rt_locale_intlibspace.o
         2          0          0          0          0          0   rtexit.o
        10          0          0          0          0          0   rtexit2.o
       128          0          0          0          0         68   strcmpv7m.o
        74          0          0          0          0         80   sys_stackheap_outer.o
         2          0          0          0          0         68   use_no_semi.o
        24          0          0          0          0        116   dcmpi.o
       688        140          0          0          0        256   ddiv.o
       120          4          0          0          0        140   dleqf.o
       156          4          0          0          0        140   dnaninf.o
        12          0          0          0          0        116   dretinf.o
       108          0          0          0          0        128   drleqf.o
        86          4          0          0          0        132   f2d.o
       140          4          0          0          0        132   fnaninf.o
        10          0          0          0          0        116   fpinit.o
         4          0          0          0          0        116   printf1.o
         0          0          0          0          0          0   usenofp.o
        48          0          0          0          0        124   fpclassify.o

    ----------------------------------------------------------------------
      5758        348        196          0         96       3872   Library Totals
        10          0          3          0          0          0   (incl. Padding)

    ----------------------------------------------------------------------

      Code (inc. data)   RO Data    RW Data    ZI Data      Debug   Library Name

      4352        192        193          0         96       2356   c_w.l
      1348        156          0          0          0       1392   fz_wm.l
        48          0          0          0          0        124   m_wm.l

    ----------------------------------------------------------------------
      5758        348        196          0         96       3872   Library Totals

    ----------------------------------------------------------------------

==============================================================================


      Code (inc. data)   RO Data    RW Data    ZI Data      Debug   

      8680        704        620         40       1760     296008   Grand Totals
      8680        704        620         40       1760     296008   ELF Image Totals
      8680        704        620         40          0          0   ROM Totals

==============================================================================

    Total RO  Size (Code + RO Data)                 9300 (   9.08kB)
    Total RW  Size (RW Data + ZI Data)              1800 (   1.76kB)
    Total ROM Size (Code + RO Data + RW Data)       9340 (   9.12kB)

==============================================================================

