<html>
<body>
<pre>
<h1>µVision Build Log</h1>
<h2>Tool Versions:</h2>
IDE-Version: ¶ÃVision V5.14.0.0
Copyright (C) 2015 ARM Ltd and ARM Germany GmbH. All rights reserved.
License Information: 11 asus, asus, LIC=LJWP0-BVMZZ-067QU-SGY6F-NC0LC-FZJJ1
 
Tool Versions:
Toolchain:       MDK-ARM Professional  Version: 5.14.0.0
Toolchain Path:  D:\Area_Development Tool\MdkKeil5\ARM\ARMCC\Bin
C Compiler:      Armcc.exe V5.05 update 1 (build 106)
Assembler:       Armasm.exe V5.05 update 1 (build 106)
Linker/Locator:  ArmLink.exe V5.05 update 1 (build 106)
Library Manager: ArmAr.exe V5.05 update 1 (build 106)
Hex Converter:   FromElf.exe V5.05 update 1 (build 106)
CPU DLL:         SARMCM3.DLL V5.14.0.0
Dialog DLL:      DCM.DLL V1.13.1.0
Target DLL:      Segger\JL2CM3.dll V2.99.13.0
Dialog DLL:      TCM.DLL V1.14.4.0
 
<h2>Project:</h2>
D:\My R&D\Union_Recorder_V2\Hardware_code\001__RS485+UART2+∑¢ÀÕ√¸¡Óøÿ÷∆ledµ∆\USER\stm32_project.uvprojx
Project File Date:  04/22/2026

<h2>Output:</h2>
Rebuild target 'PROJECT'
compiling main.c...
main.c(45): warning:  #177-D: variable "d" was declared but never referenced
        uint8_t d = 'A';
main.c: 1 warning, 0 errors
compiling stm32f4xx_it.c...
compiling system_stm32f4xx.c...
compiling my_config.c...
compiling my_lib.c...
compiling buzzer.c...
compiling key.c...
compiling led.c...
compiling rs485.c...
compiling hc_sr04.c...
..\MYM4_LIB\hc_sr04\hc_sr04.c(90): warning:  #1035-D: single-precision operand implicitly converted to double-precision
        dis_val = count*error_coefficient/2.0;  // Âà©Áî®Âú®Á©∫Ê∞î‰∏≠Â£∞Èü≥ÁöÑÈÄüÂ∫¶(Âçï‰ΩçÔºöÊØ´Á±≥Á∫ß)
..\MYM4_LIB\hc_sr04\hc_sr04.c: 1 warning, 0 errors
compiling delay.c...
compiling uart.c...
compiling misc.c...
compiling stm32f4xx_exti.c...
compiling stm32f4xx_gpio.c...
compiling stm32f4xx_rcc.c...
compiling stm32f4xx_syscfg.c...
compiling stm32f4xx_tim.c...
compiling stm32f4xx_usart.c...
assembling startup_stm32f40_41xxx.s...
linking...
Program Size: Code=9468 RO-data=620 RW-data=40 ZI-data=1888  
FromELF: creating hex file...
"..\OBJ\stm32_project.axf" - 0 Error(s), 2 Warning(s).

<h2>Collection of Component include folders:</h2>
  D:\My R&D\Union_Recorder_V2\Hardware_code\001__RS485+UART2+∑¢ÀÕ√¸¡Óøÿ÷∆ledµ∆\USER\RTE
  D:\Area_Development Tool\MdkKeil5\ARM\PACK\Keil\STM32F4xx_DFP\1.0.8\Device\Include

<h2>Collection of Component Files used:</h2>
</pre>
</body>
</html>
